This job can be monitored from: https://job.c3se.chalmers.se/alvis/6415190
============================================================
Run started: 2026-04-15 15:54:01
Log file:    /mimer/NOBACKUP/groups/caim1/dafne/checkpoints/32_condchannels/training.log
============================================================
Using device: cuda
Train=425, Val=75, Test=100
Loaded DVF stats: mean=-3.174312, std=10.820530
Resumed from epoch 5 | Best val loss: 0.7812
Epoch 006/600 | λ=1.00e-04 | LR=1.00e-04 | Train [Total=0.47608 MSE=0.39253 Smooth=0.08355] | Val   [Total=0.57317 MSE=0.37524 Smooth=0.19793] *** BEST ***
Epoch 007/600 | λ=1.00e-04 | LR=1.00e-04 | Train [Total=0.33364 MSE=0.29342 Smooth=0.04022] | Val   [Total=0.40865 MSE=0.29644 Smooth=0.11221] *** BEST ***
Epoch 008/600 | λ=1.00e-04 | LR=1.00e-04 | Train [Total=0.26130 MSE=0.23646 Smooth=0.02483] | Val   [Total=0.31596 MSE=0.24961 Smooth=0.06635] *** BEST ***
Epoch 009/600 | λ=1.00e-04 | LR=1.00e-04 | Train [Total=0.19530 MSE=0.17851 Smooth=0.01679] | Val   [Total=0.26348 MSE=0.21870 Smooth=0.04478] *** BEST ***
Epoch 010/600 | λ=1.00e-04 | LR=1.00e-04 | Train [Total=0.16874 MSE=0.15828 Smooth=0.01046] | Val   [Total=0.23342 MSE=0.19913 Smooth=0.03429] *** BEST ***
Epoch 011/600 | λ=1.00e-04 | LR=1.00e-04 | Train [Total=0.16625 MSE=0.15737 Smooth=0.00888] | Val   [Total=0.21241 MSE=0.18371 Smooth=0.02871] *** BEST ***
Epoch 012/600 | λ=1.00e-04 | LR=1.00e-04 | Train [Total=0.14205 MSE=0.13584 Smooth=0.00621] | Val   [Total=0.19744 MSE=0.17449 Smooth=0.02295] *** BEST ***
Epoch 013/600 | λ=1.00e-04 | LR=1.00e-04 | Train [Total=0.14623 MSE=0.14080 Smooth=0.00543] | Val   [Total=0.18808 MSE=0.16616 Smooth=0.02192] *** BEST ***
Epoch 014/600 | λ=1.00e-04 | LR=1.00e-04 | Train [Total=0.12306 MSE=0.11647 Smooth=0.00660] | Val   [Total=0.17876 MSE=0.16148 Smooth=0.01727] *** BEST ***
Epoch 015/600 | λ=1.00e-04 | LR=9.99e-05 | Train [Total=0.13628 MSE=0.13212 Smooth=0.00417] | Val   [Total=0.16610 MSE=0.15093 Smooth=0.01517] *** BEST ***
Epoch 016/600 | λ=1.00e-04 | LR=9.99e-05 | Train [Total=0.10026 MSE=0.09567 Smooth=0.00459] | Val   [Total=0.16016 MSE=0.14680 Smooth=0.01336] *** BEST ***
Epoch 017/600 | λ=1.00e-04 | LR=9.99e-05 | Train [Total=0.10410 MSE=0.10107 Smooth=0.00303] | Val   [Total=0.15491 MSE=0.14210 Smooth=0.01281] *** BEST ***
Epoch 018/600 | λ=1.00e-04 | LR=9.99e-05 | Train [Total=0.12504 MSE=0.12128 Smooth=0.00376] | Val   [Total=0.15127 MSE=0.13872 Smooth=0.01255] *** BEST ***
Epoch 019/600 | λ=1.00e-04 | LR=9.99e-05 | Train [Total=0.09311 MSE=0.08955 Smooth=0.00356] | Val   [Total=0.14721 MSE=0.13545 Smooth=0.01176] *** BEST ***
Epoch 020/600 | λ=1.00e-04 | LR=9.99e-05 | Train [Total=0.08183 MSE=0.07869 Smooth=0.00313] | Val   [Total=0.14256 MSE=0.13215 Smooth=0.01040] *** BEST ***
Epoch 021/600 | λ=1.00e-04 | LR=9.99e-05 | Train [Total=0.10399 MSE=0.10143 Smooth=0.00256] | Val   [Total=0.13985 MSE=0.12946 Smooth=0.01040] *** BEST ***
Epoch 022/600 | λ=1.00e-04 | LR=9.99e-05 | Train [Total=0.08899 MSE=0.08660 Smooth=0.00239] | Val   [Total=0.14082 MSE=0.13029 Smooth=0.01053]
Epoch 023/600 | λ=1.00e-04 | LR=9.99e-05 | Train [Total=0.08899 MSE=0.08595 Smooth=0.00305] | Val   [Total=0.13714 MSE=0.12639 Smooth=0.01076] *** BEST ***
Epoch 024/600 | λ=1.00e-04 | LR=9.99e-05 | Train [Total=0.08563 MSE=0.08246 Smooth=0.00317] | Val   [Total=0.13258 MSE=0.12267 Smooth=0.00991] *** BEST ***
Epoch 025/600 | λ=1.00e-04 | LR=9.98e-05 | Train [Total=0.07728 MSE=0.07431 Smooth=0.00297] | Val   [Total=0.13136 MSE=0.12150 Smooth=0.00986] *** BEST ***
Epoch 026/600 | λ=1.00e-04 | LR=9.98e-05 | Train [Total=0.08311 MSE=0.08060 Smooth=0.00251] | Val   [Total=0.12791 MSE=0.11782 Smooth=0.01009] *** BEST ***
Epoch 027/600 | λ=1.00e-04 | LR=9.98e-05 | Train [Total=0.08793 MSE=0.08555 Smooth=0.00237] | Val   [Total=0.12692 MSE=0.11649 Smooth=0.01043] *** BEST ***
Epoch 028/600 | λ=1.00e-04 | LR=9.98e-05 | Train [Total=0.08215 MSE=0.07981 Smooth=0.00234] | Val   [Total=0.12383 MSE=0.11380 Smooth=0.01003] *** BEST ***
Epoch 029/600 | λ=1.00e-04 | LR=9.98e-05 | Train [Total=0.09724 MSE=0.09501 Smooth=0.00223] | Val   [Total=0.12162 MSE=0.11138 Smooth=0.01025] *** BEST ***
Epoch 030/600 | λ=1.00e-04 | LR=9.98e-05 | Train [Total=0.08242 MSE=0.07963 Smooth=0.00279] | Val   [Total=0.12110 MSE=0.11132 Smooth=0.00978] *** BEST ***
Epoch 031/600 | λ=1.00e-04 | LR=9.98e-05 | Train [Total=0.06861 MSE=0.06561 Smooth=0.00300] | Val   [Total=0.11820 MSE=0.10836 Smooth=0.00984] *** BEST ***
Epoch 032/600 | λ=1.00e-04 | LR=9.98e-05 | Train [Total=0.07797 MSE=0.07556 Smooth=0.00241] | Val   [Total=0.11598 MSE=0.10641 Smooth=0.00957] *** BEST ***
Epoch 033/600 | λ=1.00e-04 | LR=9.97e-05 | Train [Total=0.07744 MSE=0.07499 Smooth=0.00245] | Val   [Total=0.11497 MSE=0.10499 Smooth=0.00998] *** BEST ***
Epoch 034/600 | λ=1.00e-04 | LR=9.97e-05 | Train [Total=0.05970 MSE=0.05669 Smooth=0.00301] | Val   [Total=0.11301 MSE=0.10415 Smooth=0.00886] *** BEST ***
Epoch 035/600 | λ=1.00e-04 | LR=9.97e-05 | Train [Total=0.05998 MSE=0.05781 Smooth=0.00217] | Val   [Total=0.11247 MSE=0.10321 Smooth=0.00926] *** BEST ***
Epoch 036/600 | λ=1.00e-04 | LR=9.97e-05 | Train [Total=0.08684 MSE=0.08512 Smooth=0.00172] | Val   [Total=0.11064 MSE=0.10105 Smooth=0.00958] *** BEST ***
Epoch 037/600 | λ=1.00e-04 | LR=9.97e-05 | Train [Total=0.06818 MSE=0.06619 Smooth=0.00199] | Val   [Total=0.10921 MSE=0.10020 Smooth=0.00900] *** BEST ***
Epoch 038/600 | λ=1.00e-04 | LR=9.96e-05 | Train [Total=0.08050 MSE=0.07834 Smooth=0.00216] | Val   [Total=0.10712 MSE=0.09825 Smooth=0.00886] *** BEST ***
Epoch 039/600 | λ=1.00e-04 | LR=9.96e-05 | Train [Total=0.06440 MSE=0.06200 Smooth=0.00240] | Val   [Total=0.10679 MSE=0.09739 Smooth=0.00939] *** BEST ***
Epoch 040/600 | λ=1.00e-04 | LR=9.96e-05 | Train [Total=0.07881 MSE=0.07672 Smooth=0.00209] | Val   [Total=0.10781 MSE=0.09800 Smooth=0.00981]
Epoch 041/600 | λ=1.00e-04 | LR=9.96e-05 | Train [Total=0.06394 MSE=0.06177 Smooth=0.00217] | Val   [Total=0.10470 MSE=0.09633 Smooth=0.00837] *** BEST ***
Epoch 042/600 | λ=1.00e-04 | LR=9.96e-05 | Train [Total=0.06558 MSE=0.06349 Smooth=0.00209] | Val   [Total=0.10197 MSE=0.09375 Smooth=0.00822] *** BEST ***
Epoch 043/600 | λ=1.00e-04 | LR=9.95e-05 | Train [Total=0.06234 MSE=0.05989 Smooth=0.00245] | Val   [Total=0.10164 MSE=0.09378 Smooth=0.00786] *** BEST ***
Epoch 044/600 | λ=1.00e-04 | LR=9.95e-05 | Train [Total=0.04968 MSE=0.04799 Smooth=0.00170] | Val   [Total=0.10106 MSE=0.09272 Smooth=0.00834] *** BEST ***
Epoch 045/600 | λ=1.00e-04 | LR=9.95e-05 | Train [Total=0.06568 MSE=0.06430 Smooth=0.00138] | Val   [Total=0.10063 MSE=0.09282 Smooth=0.00781] *** BEST ***
Epoch 046/600 | λ=1.00e-04 | LR=9.95e-05 | Train [Total=0.05976 MSE=0.05772 Smooth=0.00203] | Val   [Total=0.09838 MSE=0.09073 Smooth=0.00765] *** BEST ***
Epoch 047/600 | λ=1.00e-04 | LR=9.95e-05 | Train [Total=0.06432 MSE=0.06210 Smooth=0.00222] | Val   [Total=0.09617 MSE=0.08899 Smooth=0.00718] *** BEST ***
Epoch 048/600 | λ=1.00e-04 | LR=9.94e-05 | Train [Total=0.05547 MSE=0.05380 Smooth=0.00166] | Val   [Total=0.09600 MSE=0.08791 Smooth=0.00809] *** BEST ***
Epoch 049/600 | λ=1.00e-04 | LR=9.94e-05 | Train [Total=0.06521 MSE=0.06332 Smooth=0.00189] | Val   [Total=0.09466 MSE=0.08738 Smooth=0.00728] *** BEST ***
Epoch 050/600 | λ=1.00e-04 | LR=9.94e-05 | Train [Total=0.06043 MSE=0.05899 Smooth=0.00145] | Val   [Total=0.09363 MSE=0.08667 Smooth=0.00696] *** BEST ***
Epoch 051/600 | λ=1.00e-04 | LR=9.94e-05 | Train [Total=0.05662 MSE=0.05508 Smooth=0.00153] | Val   [Total=0.09509 MSE=0.08595 Smooth=0.00914]
Epoch 052/600 | λ=1.00e-04 | LR=9.93e-05 | Train [Total=0.05758 MSE=0.05519 Smooth=0.00239] | Val   [Total=0.09092 MSE=0.08412 Smooth=0.00680] *** BEST ***
Epoch 053/600 | λ=1.00e-04 | LR=9.93e-05 | Train [Total=0.04901 MSE=0.04721 Smooth=0.00180] | Val   [Total=0.08984 MSE=0.08323 Smooth=0.00660] *** BEST ***
Epoch 054/600 | λ=1.00e-04 | LR=9.93e-05 | Train [Total=0.07112 MSE=0.06953 Smooth=0.00159] | Val   [Total=0.09057 MSE=0.08366 Smooth=0.00691]
Epoch 055/600 | λ=1.00e-04 | LR=9.93e-05 | Train [Total=0.04360 MSE=0.04172 Smooth=0.00188] | Val   [Total=0.08807 MSE=0.08122 Smooth=0.00685] *** BEST ***
Epoch 056/600 | λ=1.00e-04 | LR=9.92e-05 | Train [Total=0.05673 MSE=0.05510 Smooth=0.00163] | Val   [Total=0.08643 MSE=0.07997 Smooth=0.00647] *** BEST ***
Epoch 057/600 | λ=1.00e-04 | LR=9.92e-05 | Train [Total=0.05724 MSE=0.05544 Smooth=0.00180] | Val   [Total=0.08579 MSE=0.07945 Smooth=0.00634] *** BEST ***
