This job can be monitored from: https://job.c3se.chalmers.se/alvis/6337436
============================================================
CFG Fine-tuning — started 2026-04-05 18:36:21
Log: /mimer/NOBACKUP/groups/caim1/dafne/checkpoints_cfg/training_cfg.log
Pretrained model: /mimer/NOBACKUP/groups/caim1/dafne/checkpoints/best_model.pth
Saving to:        /mimer/NOBACKUP/groups/caim1/dafne/checkpoints_cfg
CFG drop prob: 0.15  |  Fine-tune epochs: 200  |  LR: 5e-05
============================================================
Device: cuda
Train=425, Val=75
Loaded DVF stats: mean=-3.174312, std=10.820530
Loaded pretrained weights from: /mimer/NOBACKUP/groups/caim1/dafne/checkpoints/best_model.pth
Starting CFG fine-tuning from scratch...
Epoch 001/200 | λ=1.00e-04 | LR=5.00e-05 | Train [Total=0.01046 MSE=0.01019 Smooth=0.00027] | Val   [Total=0.00706 MSE=0.00589 Smooth=0.00117] *** BEST ***
Epoch 002/200 | λ=1.00e-04 | LR=5.00e-05 | Train [Total=0.01434 MSE=0.01407 Smooth=0.00027] | Val   [Total=0.00666 MSE=0.00549 Smooth=0.00117] *** BEST ***
Epoch 003/200 | λ=1.00e-04 | LR=5.00e-05 | Train [Total=0.01455 MSE=0.01429 Smooth=0.00026] | Val   [Total=0.00624 MSE=0.00509 Smooth=0.00115] *** BEST ***
Epoch 004/200 | λ=1.00e-04 | LR=5.00e-05 | Train [Total=0.01496 MSE=0.01466 Smooth=0.00031] | Val   [Total=0.00955 MSE=0.00844 Smooth=0.00111]
Epoch 005/200 | λ=1.00e-04 | LR=4.99e-05 | Train [Total=0.01541 MSE=0.01513 Smooth=0.00028] | Val   [Total=0.00649 MSE=0.00536 Smooth=0.00114]
Epoch 006/200 | λ=1.00e-04 | LR=4.99e-05 | Train [Total=0.01560 MSE=0.01525 Smooth=0.00035] | Val   [Total=0.00670 MSE=0.00558 Smooth=0.00112]
Epoch 007/200 | λ=1.00e-04 | LR=4.99e-05 | Train [Total=0.01555 MSE=0.01524 Smooth=0.00031] | Val   [Total=0.00632 MSE=0.00521 Smooth=0.00111]
Epoch 008/200 | λ=1.00e-04 | LR=4.98e-05 | Train [Total=0.00875 MSE=0.00852 Smooth=0.00023] | Val   [Total=0.00616 MSE=0.00507 Smooth=0.00109] *** BEST ***
Epoch 009/200 | λ=1.00e-04 | LR=4.98e-05 | Train [Total=0.01161 MSE=0.01136 Smooth=0.00025] | Val   [Total=0.00651 MSE=0.00538 Smooth=0.00113]
Epoch 010/200 | λ=1.00e-04 | LR=4.97e-05 | Train [Total=0.01076 MSE=0.01052 Smooth=0.00024] | Val   [Total=0.00667 MSE=0.00559 Smooth=0.00108]
Epoch 011/200 | λ=1.00e-04 | LR=4.96e-05 | Train [Total=0.01406 MSE=0.01378 Smooth=0.00028] | Val   [Total=0.00577 MSE=0.00469 Smooth=0.00108] *** BEST ***
Epoch 012/200 | λ=1.00e-04 | LR=4.96e-05 | Train [Total=0.02006 MSE=0.01985 Smooth=0.00021] | Val   [Total=0.00732 MSE=0.00623 Smooth=0.00109]
Epoch 013/200 | λ=1.00e-04 | LR=4.95e-05 | Train [Total=0.01457 MSE=0.01433 Smooth=0.00023] | Val   [Total=0.00701 MSE=0.00591 Smooth=0.00109]
Epoch 014/200 | λ=1.00e-04 | LR=4.94e-05 | Train [Total=0.01489 MSE=0.01465 Smooth=0.00024] | Val   [Total=0.00690 MSE=0.00583 Smooth=0.00108]
Epoch 015/200 | λ=1.00e-04 | LR=4.93e-05 | Train [Total=0.01453 MSE=0.01423 Smooth=0.00030] | Val   [Total=0.00701 MSE=0.00593 Smooth=0.00108]
Epoch 016/200 | λ=1.00e-04 | LR=4.92e-05 | Train [Total=0.01034 MSE=0.01008 Smooth=0.00026] | Val   [Total=0.00634 MSE=0.00524 Smooth=0.00110]
Epoch 017/200 | λ=1.00e-04 | LR=4.91e-05 | Train [Total=0.00810 MSE=0.00779 Smooth=0.00030] | Val   [Total=0.00796 MSE=0.00689 Smooth=0.00107]
Epoch 018/200 | λ=1.00e-04 | LR=4.90e-05 | Train [Total=0.01492 MSE=0.01460 Smooth=0.00032] | Val   [Total=0.00632 MSE=0.00525 Smooth=0.00107]
Epoch 019/200 | λ=1.00e-04 | LR=4.89e-05 | Train [Total=0.01258 MSE=0.01225 Smooth=0.00033] | Val   [Total=0.00601 MSE=0.00494 Smooth=0.00108]
Epoch 020/200 | λ=1.00e-04 | LR=4.88e-05 | Train [Total=0.01084 MSE=0.01055 Smooth=0.00029] | Val   [Total=0.00596 MSE=0.00490 Smooth=0.00105]
Epoch 021/200 | λ=1.00e-04 | LR=4.87e-05 | Train [Total=0.01401 MSE=0.01367 Smooth=0.00034] | Val   [Total=0.00605 MSE=0.00499 Smooth=0.00106]
Epoch 022/200 | λ=1.00e-04 | LR=4.86e-05 | Train [Total=0.01837 MSE=0.01810 Smooth=0.00027] | Val   [Total=0.00678 MSE=0.00568 Smooth=0.00110]
Epoch 023/200 | λ=1.00e-04 | LR=4.84e-05 | Train [Total=0.01153 MSE=0.01126 Smooth=0.00027] | Val   [Total=0.00628 MSE=0.00522 Smooth=0.00107]
Epoch 024/200 | λ=1.00e-04 | LR=4.83e-05 | Train [Total=0.01506 MSE=0.01476 Smooth=0.00030] | Val   [Total=0.00640 MSE=0.00529 Smooth=0.00112]
Epoch 025/200 | λ=1.00e-04 | LR=4.81e-05 | Train [Total=0.01627 MSE=0.01599 Smooth=0.00028] | Val   [Total=0.00672 MSE=0.00560 Smooth=0.00111]
Epoch 026/200 | λ=1.00e-04 | LR=4.80e-05 | Train [Total=0.01040 MSE=0.01014 Smooth=0.00026] | Val   [Total=0.00775 MSE=0.00670 Smooth=0.00105]
Epoch 027/200 | λ=1.00e-04 | LR=4.78e-05 | Train [Total=0.01430 MSE=0.01402 Smooth=0.00028] | Val   [Total=0.00679 MSE=0.00574 Smooth=0.00105]
Epoch 028/200 | λ=1.00e-04 | LR=4.77e-05 | Train [Total=0.01624 MSE=0.01595 Smooth=0.00029] | Val   [Total=0.00644 MSE=0.00538 Smooth=0.00106]
Epoch 029/200 | λ=1.00e-04 | LR=4.75e-05 | Train [Total=0.01575 MSE=0.01556 Smooth=0.00020] | Val   [Total=0.00806 MSE=0.00699 Smooth=0.00107]
Epoch 030/200 | λ=1.00e-04 | LR=4.73e-05 | Train [Total=0.01166 MSE=0.01139 Smooth=0.00027] | Val   [Total=0.00645 MSE=0.00539 Smooth=0.00106]
Epoch 031/200 | λ=1.00e-04 | LR=4.72e-05 | Train [Total=0.00718 MSE=0.00688 Smooth=0.00030] | Val   [Total=0.00625 MSE=0.00515 Smooth=0.00110]
Epoch 032/200 | λ=1.00e-04 | LR=4.70e-05 | Train [Total=0.01481 MSE=0.01452 Smooth=0.00028] | Val   [Total=0.00610 MSE=0.00505 Smooth=0.00105]
Epoch 033/200 | λ=1.00e-04 | LR=4.68e-05 | Train [Total=0.01372 MSE=0.01343 Smooth=0.00029] | Val   [Total=0.00617 MSE=0.00514 Smooth=0.00103]
Epoch 034/200 | λ=1.00e-04 | LR=4.66e-05 | Train [Total=0.00770 MSE=0.00748 Smooth=0.00022] | Val   [Total=0.00638 MSE=0.00527 Smooth=0.00111]
Epoch 035/200 | λ=1.00e-04 | LR=4.64e-05 | Train [Total=0.01191 MSE=0.01164 Smooth=0.00027] | Val   [Total=0.00888 MSE=0.00777 Smooth=0.00111]
Epoch 036/200 | λ=1.00e-04 | LR=4.62e-05 | Train [Total=0.01088 MSE=0.01061 Smooth=0.00026] | Val   [Total=0.00659 MSE=0.00550 Smooth=0.00109]
Epoch 037/200 | λ=1.00e-04 | LR=4.60e-05 | Train [Total=0.01136 MSE=0.01109 Smooth=0.00027] | Val   [Total=0.00646 MSE=0.00532 Smooth=0.00114]
Epoch 038/200 | λ=1.00e-04 | LR=4.58e-05 | Train [Total=0.01110 MSE=0.01082 Smooth=0.00028] | Val   [Total=0.00621 MSE=0.00516 Smooth=0.00105]
Epoch 039/200 | λ=1.00e-04 | LR=4.55e-05 | Train [Total=0.01082 MSE=0.01049 Smooth=0.00033] | Val   [Total=0.00673 MSE=0.00568 Smooth=0.00105]
Epoch 040/200 | λ=1.00e-04 | LR=4.53e-05 | Train [Total=0.01232 MSE=0.01202 Smooth=0.00030] | Val   [Total=0.00651 MSE=0.00544 Smooth=0.00107]
Epoch 041/200 | λ=1.00e-04 | LR=4.51e-05 | Train [Total=0.00896 MSE=0.00875 Smooth=0.00021] | Val   [Total=0.01301 MSE=0.01193 Smooth=0.00108]
Epoch 042/200 | λ=1.00e-04 | LR=4.49e-05 | Train [Total=0.01505 MSE=0.01482 Smooth=0.00023] | Val   [Total=0.00760 MSE=0.00653 Smooth=0.00107]
Epoch 043/200 | λ=1.00e-04 | LR=4.46e-05 | Train [Total=0.01323 MSE=0.01294 Smooth=0.00029] | Val   [Total=0.00736 MSE=0.00633 Smooth=0.00103]
Epoch 044/200 | λ=1.00e-04 | LR=4.44e-05 | Train [Total=0.01284 MSE=0.01258 Smooth=0.00027] | Val   [Total=0.00752 MSE=0.00645 Smooth=0.00107]
Epoch 045/200 | λ=1.00e-04 | LR=4.41e-05 | Train [Total=0.01332 MSE=0.01296 Smooth=0.00036] | Val   [Total=0.00658 MSE=0.00551 Smooth=0.00108]
Epoch 046/200 | λ=1.00e-04 | LR=4.39e-05 | Train [Total=0.01737 MSE=0.01707 Smooth=0.00031] | Val   [Total=0.00705 MSE=0.00600 Smooth=0.00105]
Epoch 047/200 | λ=1.00e-04 | LR=4.36e-05 | Train [Total=0.01520 MSE=0.01497 Smooth=0.00022] | Val   [Total=0.00634 MSE=0.00532 Smooth=0.00102]
Epoch 048/200 | λ=1.00e-04 | LR=4.34e-05 | Train [Total=0.01179 MSE=0.01148 Smooth=0.00031] | Val   [Total=0.00665 MSE=0.00563 Smooth=0.00102]
Epoch 049/200 | λ=1.00e-04 | LR=4.31e-05 | Train [Total=0.02089 MSE=0.02057 Smooth=0.00033] | Val   [Total=0.00769 MSE=0.00667 Smooth=0.00102]
Epoch 050/200 | λ=1.00e-04 | LR=4.28e-05 | Train [Total=0.01218 MSE=0.01197 Smooth=0.00021] | Val   [Total=0.00615 MSE=0.00510 Smooth=0.00105]
Epoch 051/200 | λ=1.00e-04 | LR=4.25e-05 | Train [Total=0.01621 MSE=0.01589 Smooth=0.00031] | Val   [Total=0.00721 MSE=0.00617 Smooth=0.00103]
Epoch 052/200 | λ=1.00e-04 | LR=4.23e-05 | Train [Total=0.01505 MSE=0.01475 Smooth=0.00030] | Val   [Total=0.00625 MSE=0.00522 Smooth=0.00102]
Epoch 053/200 | λ=1.00e-04 | LR=4.20e-05 | Train [Total=0.01200 MSE=0.01174 Smooth=0.00027] | Val   [Total=0.00736 MSE=0.00635 Smooth=0.00101]
Epoch 054/200 | λ=1.00e-04 | LR=4.17e-05 | Train [Total=0.01058 MSE=0.01032 Smooth=0.00026] | Val   [Total=0.00769 MSE=0.00668 Smooth=0.00100]
Epoch 055/200 | λ=1.00e-04 | LR=4.14e-05 | Train [Total=0.01483 MSE=0.01451 Smooth=0.00032] | Val   [Total=0.00657 MSE=0.00553 Smooth=0.00103]
Epoch 056/200 | λ=1.00e-04 | LR=4.11e-05 | Train [Total=0.01096 MSE=0.01069 Smooth=0.00027] | Val   [Total=0.00640 MSE=0.00538 Smooth=0.00103]
Epoch 057/200 | λ=1.00e-04 | LR=4.08e-05 | Train [Total=0.01516 MSE=0.01486 Smooth=0.00030] | Val   [Total=0.00705 MSE=0.00602 Smooth=0.00103]
Epoch 058/200 | λ=1.00e-04 | LR=4.05e-05 | Train [Total=0.01049 MSE=0.01028 Smooth=0.00021] | Val   [Total=0.00644 MSE=0.00542 Smooth=0.00102]
Epoch 059/200 | λ=1.00e-04 | LR=4.02e-05 | Train [Total=0.01228 MSE=0.01196 Smooth=0.00032] | Val   [Total=0.00624 MSE=0.00522 Smooth=0.00101]
Epoch 060/200 | λ=1.00e-04 | LR=3.99e-05 | Train [Total=0.01098 MSE=0.01070 Smooth=0.00028] | Val   [Total=0.00616 MSE=0.00514 Smooth=0.00102]
Epoch 061/200 | λ=1.00e-04 | LR=3.96e-05 | Train [Total=0.00999 MSE=0.00977 Smooth=0.00023] | Val   [Total=0.00644 MSE=0.00543 Smooth=0.00101]
Epoch 062/200 | λ=1.00e-04 | LR=3.93e-05 | Train [Total=0.01048 MSE=0.01018 Smooth=0.00029] | Val   [Total=0.00700 MSE=0.00600 Smooth=0.00100]
Epoch 063/200 | λ=1.00e-04 | LR=3.90e-05 | Train [Total=0.01115 MSE=0.01090 Smooth=0.00025] | Val   [Total=0.00647 MSE=0.00548 Smooth=0.00099]
Epoch 064/200 | λ=1.00e-04 | LR=3.86e-05 | Train [Total=0.01274 MSE=0.01247 Smooth=0.00027] | Val   [Total=0.00685 MSE=0.00585 Smooth=0.00100]
Epoch 065/200 | λ=1.00e-04 | LR=3.83e-05 | Train [Total=0.01569 MSE=0.01540 Smooth=0.00029] | Val   [Total=0.00632 MSE=0.00532 Smooth=0.00100]
Epoch 066/200 | λ=1.00e-04 | LR=3.80e-05 | Train [Total=0.01022 MSE=0.00996 Smooth=0.00026] | Val   [Total=0.00684 MSE=0.00584 Smooth=0.00100]
Epoch 067/200 | λ=1.00e-04 | LR=3.76e-05 | Train [Total=0.00863 MSE=0.00831 Smooth=0.00032] | Val   [Total=0.00929 MSE=0.00827 Smooth=0.00102]
Epoch 068/200 | λ=1.00e-04 | LR=3.73e-05 | Train [Total=0.01664 MSE=0.01644 Smooth=0.00020] | Val   [Total=0.00780 MSE=0.00681 Smooth=0.00099]
Epoch 069/200 | λ=1.00e-04 | LR=3.70e-05 | Train [Total=0.01383 MSE=0.01352 Smooth=0.00031] | Val   [Total=0.00661 MSE=0.00561 Smooth=0.00100]
Epoch 070/200 | λ=1.00e-04 | LR=3.66e-05 | Train [Total=0.01920 MSE=0.01893 Smooth=0.00027] | Val   [Total=0.00721 MSE=0.00622 Smooth=0.00099]
Epoch 071/200 | λ=1.00e-04 | LR=3.63e-05 | Train [Total=0.00841 MSE=0.00818 Smooth=0.00022] | Val   [Total=0.00667 MSE=0.00567 Smooth=0.00100]
Epoch 072/200 | λ=1.00e-04 | LR=3.59e-05 | Train [Total=0.01177 MSE=0.01151 Smooth=0.00026] | Val   [Total=0.00775 MSE=0.00674 Smooth=0.00101]
Epoch 073/200 | λ=1.00e-04 | LR=3.56e-05 | Train [Total=0.01117 MSE=0.01095 Smooth=0.00022] | Val   [Total=0.00633 MSE=0.00533 Smooth=0.00100]
Epoch 074/200 | λ=1.00e-04 | LR=3.52e-05 | Train [Total=0.01009 MSE=0.00983 Smooth=0.00025] | Val   [Total=0.00648 MSE=0.00548 Smooth=0.00100]
Epoch 075/200 | λ=1.00e-04 | LR=3.49e-05 | Train [Total=0.01535 MSE=0.01509 Smooth=0.00026] | Val   [Total=0.00635 MSE=0.00536 Smooth=0.00099]
Epoch 076/200 | λ=1.00e-04 | LR=3.45e-05 | Train [Total=0.01098 MSE=0.01078 Smooth=0.00020] | Val   [Total=0.00632 MSE=0.00533 Smooth=0.00099]
Epoch 077/200 | λ=1.00e-04 | LR=3.42e-05 | Train [Total=0.00832 MSE=0.00804 Smooth=0.00028] | Val   [Total=0.00672 MSE=0.00573 Smooth=0.00099]
Epoch 078/200 | λ=1.00e-04 | LR=3.38e-05 | Train [Total=0.01379 MSE=0.01355 Smooth=0.00024] | Val   [Total=0.00598 MSE=0.00500 Smooth=0.00098]
Epoch 079/200 | λ=1.00e-04 | LR=3.34e-05 | Train [Total=0.01181 MSE=0.01148 Smooth=0.00033] | Val   [Total=0.00608 MSE=0.00510 Smooth=0.00098]
Epoch 080/200 | λ=1.00e-04 | LR=3.31e-05 | Train [Total=0.01115 MSE=0.01092 Smooth=0.00023] | Val   [Total=0.00673 MSE=0.00572 Smooth=0.00101]
Epoch 081/200 | λ=1.00e-04 | LR=3.27e-05 | Train [Total=0.01160 MSE=0.01134 Smooth=0.00026] | Val   [Total=0.00688 MSE=0.00590 Smooth=0.00098]
Epoch 082/200 | λ=1.00e-04 | LR=3.23e-05 | Train [Total=0.00886 MSE=0.00862 Smooth=0.00024] | Val   [Total=0.00628 MSE=0.00529 Smooth=0.00098]
Epoch 083/200 | λ=1.00e-04 | LR=3.20e-05 | Train [Total=0.01038 MSE=0.01016 Smooth=0.00022] | Val   [Total=0.00638 MSE=0.00541 Smooth=0.00097]
Epoch 084/200 | λ=1.00e-04 | LR=3.16e-05 | Train [Total=0.01304 MSE=0.01277 Smooth=0.00027] | Val   [Total=0.00607 MSE=0.00508 Smooth=0.00099]
Epoch 085/200 | λ=1.00e-04 | LR=3.12e-05 | Train [Total=0.01168 MSE=0.01145 Smooth=0.00024] | Val   [Total=0.00766 MSE=0.00667 Smooth=0.00098]
Epoch 086/200 | λ=1.00e-04 | LR=3.08e-05 | Train [Total=0.01430 MSE=0.01408 Smooth=0.00022] | Val   [Total=0.00687 MSE=0.00589 Smooth=0.00098]
Epoch 087/200 | λ=1.00e-04 | LR=3.05e-05 | Train [Total=0.01157 MSE=0.01132 Smooth=0.00024] | Val   [Total=0.00698 MSE=0.00597 Smooth=0.00101]
Epoch 088/200 | λ=1.00e-04 | LR=3.01e-05 | Train [Total=0.01435 MSE=0.01414 Smooth=0.00021] | Val   [Total=0.00645 MSE=0.00549 Smooth=0.00097]
Epoch 089/200 | λ=1.00e-04 | LR=2.97e-05 | Train [Total=0.01352 MSE=0.01334 Smooth=0.00018] | Val   [Total=0.00739 MSE=0.00641 Smooth=0.00099]
Epoch 090/200 | λ=1.00e-04 | LR=2.93e-05 | Train [Total=0.01057 MSE=0.01030 Smooth=0.00027] | Val   [Total=0.00658 MSE=0.00561 Smooth=0.00097]
Epoch 091/200 | λ=1.00e-04 | LR=2.90e-05 | Train [Total=0.01224 MSE=0.01199 Smooth=0.00025] | Val   [Total=0.00719 MSE=0.00621 Smooth=0.00097]
Epoch 092/200 | λ=1.00e-04 | LR=2.86e-05 | Train [Total=0.00931 MSE=0.00904 Smooth=0.00028] | Val   [Total=0.00616 MSE=0.00516 Smooth=0.00099]
Epoch 093/200 | λ=1.00e-04 | LR=2.82e-05 | Train [Total=0.00625 MSE=0.00597 Smooth=0.00029] | Val   [Total=0.00639 MSE=0.00541 Smooth=0.00098]
Epoch 094/200 | λ=1.00e-04 | LR=2.78e-05 | Train [Total=0.00995 MSE=0.00968 Smooth=0.00027] | Val   [Total=0.00610 MSE=0.00512 Smooth=0.00099]
Epoch 095/200 | λ=1.00e-04 | LR=2.74e-05 | Train [Total=0.01438 MSE=0.01414 Smooth=0.00024] | Val   [Total=0.00718 MSE=0.00622 Smooth=0.00097]
Epoch 096/200 | λ=1.00e-04 | LR=2.70e-05 | Train [Total=0.00756 MSE=0.00729 Smooth=0.00027] | Val   [Total=0.00626 MSE=0.00528 Smooth=0.00098]
Epoch 097/200 | λ=1.00e-04 | LR=2.67e-05 | Train [Total=0.01379 MSE=0.01353 Smooth=0.00026] | Val   [Total=0.00611 MSE=0.00514 Smooth=0.00097]
Epoch 098/200 | λ=1.00e-04 | LR=2.63e-05 | Train [Total=0.01059 MSE=0.01033 Smooth=0.00026] | Val   [Total=0.00606 MSE=0.00510 Smooth=0.00096]
Epoch 099/200 | λ=1.00e-04 | LR=2.59e-05 | Train [Total=0.01178 MSE=0.01153 Smooth=0.00025] | Val   [Total=0.00602 MSE=0.00506 Smooth=0.00096]
Epoch 100/200 | λ=1.00e-04 | LR=2.55e-05 | Train [Total=0.01015 MSE=0.00988 Smooth=0.00027] | Val   [Total=0.00627 MSE=0.00530 Smooth=0.00097]
Epoch 101/200 | λ=1.00e-04 | LR=2.51e-05 | Train [Total=0.01132 MSE=0.01106 Smooth=0.00026] | Val   [Total=0.00657 MSE=0.00558 Smooth=0.00099]
Epoch 102/200 | λ=1.00e-04 | LR=2.47e-05 | Train [Total=0.01092 MSE=0.01062 Smooth=0.00031] | Val   [Total=0.00676 MSE=0.00579 Smooth=0.00097]
Epoch 103/200 | λ=1.00e-04 | LR=2.43e-05 | Train [Total=0.01094 MSE=0.01071 Smooth=0.00023] | Val   [Total=0.00659 MSE=0.00564 Smooth=0.00095]
Epoch 104/200 | λ=1.00e-04 | LR=2.40e-05 | Train [Total=0.00716 MSE=0.00691 Smooth=0.00025] | Val   [Total=0.00624 MSE=0.00529 Smooth=0.00095]
Epoch 105/200 | λ=1.00e-04 | LR=2.36e-05 | Train [Total=0.01359 MSE=0.01333 Smooth=0.00026] | Val   [Total=0.00776 MSE=0.00678 Smooth=0.00098]
Epoch 106/200 | λ=1.00e-04 | LR=2.32e-05 | Train [Total=0.01573 MSE=0.01546 Smooth=0.00027] | Val   [Total=0.00673 MSE=0.00578 Smooth=0.00095]
Epoch 107/200 | λ=1.00e-04 | LR=2.28e-05 | Train [Total=0.01115 MSE=0.01080 Smooth=0.00035] | Val   [Total=0.00654 MSE=0.00557 Smooth=0.00096]
Epoch 108/200 | λ=1.00e-04 | LR=2.24e-05 | Train [Total=0.01744 MSE=0.01717 Smooth=0.00027] | Val   [Total=0.00672 MSE=0.00577 Smooth=0.00094]
Epoch 109/200 | λ=1.00e-04 | LR=2.20e-05 | Train [Total=0.01057 MSE=0.01025 Smooth=0.00032] | Val   [Total=0.00651 MSE=0.00556 Smooth=0.00095]
Epoch 110/200 | λ=1.00e-04 | LR=2.17e-05 | Train [Total=0.01439 MSE=0.01421 Smooth=0.00018] | Val   [Total=0.00709 MSE=0.00610 Smooth=0.00098]
Epoch 111/200 | λ=1.00e-04 | LR=2.13e-05 | Train [Total=0.01340 MSE=0.01311 Smooth=0.00030] | Val   [Total=0.00671 MSE=0.00575 Smooth=0.00097]
Epoch 112/200 | λ=1.00e-04 | LR=2.09e-05 | Train [Total=0.01045 MSE=0.01016 Smooth=0.00029] | Val   [Total=0.00736 MSE=0.00639 Smooth=0.00097]
Epoch 113/200 | λ=1.00e-04 | LR=2.05e-05 | Train [Total=0.01028 MSE=0.01001 Smooth=0.00027] | Val   [Total=0.00677 MSE=0.00582 Smooth=0.00095]
Epoch 114/200 | λ=1.00e-04 | LR=2.02e-05 | Train [Total=0.01818 MSE=0.01795 Smooth=0.00023] | Val   [Total=0.00722 MSE=0.00626 Smooth=0.00096]
Epoch 115/200 | λ=1.00e-04 | LR=1.98e-05 | Train [Total=0.00715 MSE=0.00693 Smooth=0.00021] | Val   [Total=0.00704 MSE=0.00609 Smooth=0.00096]
Epoch 116/200 | λ=1.00e-04 | LR=1.94e-05 | Train [Total=0.00678 MSE=0.00657 Smooth=0.00022] | Val   [Total=0.00662 MSE=0.00567 Smooth=0.00095]
Epoch 117/200 | λ=1.00e-04 | LR=1.90e-05 | Train [Total=0.00911 MSE=0.00885 Smooth=0.00026] | Val   [Total=0.00674 MSE=0.00577 Smooth=0.00097]
Epoch 118/200 | λ=1.00e-04 | LR=1.87e-05 | Train [Total=0.01489 MSE=0.01461 Smooth=0.00028] | Val   [Total=0.00672 MSE=0.00576 Smooth=0.00096]
Epoch 119/200 | λ=1.00e-04 | LR=1.83e-05 | Train [Total=0.01175 MSE=0.01145 Smooth=0.00030] | Val   [Total=0.00643 MSE=0.00548 Smooth=0.00095]
Epoch 120/200 | λ=1.00e-04 | LR=1.79e-05 | Train [Total=0.00815 MSE=0.00796 Smooth=0.00018] | Val   [Total=0.00646 MSE=0.00550 Smooth=0.00096]
Epoch 121/200 | λ=1.00e-04 | LR=1.76e-05 | Train [Total=0.00969 MSE=0.00949 Smooth=0.00020] | Val   [Total=0.00657 MSE=0.00563 Smooth=0.00094]
Epoch 122/200 | λ=1.00e-04 | LR=1.72e-05 | Train [Total=0.01186 MSE=0.01163 Smooth=0.00023] | Val   [Total=0.00663 MSE=0.00569 Smooth=0.00094]
Epoch 123/200 | λ=1.00e-04 | LR=1.68e-05 | Train [Total=0.00783 MSE=0.00759 Smooth=0.00024] | Val   [Total=0.00649 MSE=0.00553 Smooth=0.00096]
Epoch 124/200 | λ=1.00e-04 | LR=1.65e-05 | Train [Total=0.01077 MSE=0.01053 Smooth=0.00023] | Val   [Total=0.00713 MSE=0.00618 Smooth=0.00096]
Epoch 125/200 | λ=1.00e-04 | LR=1.61e-05 | Train [Total=0.01031 MSE=0.01007 Smooth=0.00024] | Val   [Total=0.00700 MSE=0.00604 Smooth=0.00095]
Epoch 126/200 | λ=1.00e-04 | LR=1.58e-05 | Train [Total=0.01550 MSE=0.01524 Smooth=0.00026] | Val   [Total=0.00643 MSE=0.00549 Smooth=0.00094]
Epoch 127/200 | λ=1.00e-04 | LR=1.54e-05 | Train [Total=0.01090 MSE=0.01063 Smooth=0.00027] | Val   [Total=0.00669 MSE=0.00575 Smooth=0.00094]
Epoch 128/200 | λ=1.00e-04 | LR=1.51e-05 | Train [Total=0.00860 MSE=0.00833 Smooth=0.00027] | Val   [Total=0.00708 MSE=0.00612 Smooth=0.00096]
Epoch 129/200 | λ=1.00e-04 | LR=1.47e-05 | Train [Total=0.00809 MSE=0.00789 Smooth=0.00021] | Val   [Total=0.00666 MSE=0.00572 Smooth=0.00094]
Epoch 130/200 | λ=1.00e-04 | LR=1.44e-05 | Train [Total=0.01665 MSE=0.01641 Smooth=0.00024] | Val   [Total=0.00644 MSE=0.00549 Smooth=0.00094]
Epoch 131/200 | λ=1.00e-04 | LR=1.40e-05 | Train [Total=0.00965 MSE=0.00938 Smooth=0.00026] | Val   [Total=0.00640 MSE=0.00545 Smooth=0.00096]
Epoch 132/200 | λ=1.00e-04 | LR=1.37e-05 | Train [Total=0.00875 MSE=0.00852 Smooth=0.00023] | Val   [Total=0.00650 MSE=0.00555 Smooth=0.00095]
Epoch 133/200 | λ=1.00e-04 | LR=1.34e-05 | Train [Total=0.00855 MSE=0.00833 Smooth=0.00022] | Val   [Total=0.00637 MSE=0.00542 Smooth=0.00095]
Epoch 134/200 | λ=1.00e-04 | LR=1.30e-05 | Train [Total=0.01102 MSE=0.01079 Smooth=0.00023] | Val   [Total=0.00655 MSE=0.00561 Smooth=0.00094]
Epoch 135/200 | λ=1.00e-04 | LR=1.27e-05 | Train [Total=0.01099 MSE=0.01076 Smooth=0.00023] | Val   [Total=0.00632 MSE=0.00539 Smooth=0.00093]
Epoch 136/200 | λ=1.00e-04 | LR=1.24e-05 | Train [Total=0.01465 MSE=0.01449 Smooth=0.00016] | Val   [Total=0.00650 MSE=0.00555 Smooth=0.00095]
Epoch 137/200 | λ=1.00e-04 | LR=1.20e-05 | Train [Total=0.01162 MSE=0.01131 Smooth=0.00031] | Val   [Total=0.00641 MSE=0.00547 Smooth=0.00094]
Epoch 138/200 | λ=1.00e-04 | LR=1.17e-05 | Train [Total=0.00708 MSE=0.00685 Smooth=0.00023] | Val   [Total=0.00627 MSE=0.00533 Smooth=0.00094]
Epoch 139/200 | λ=1.00e-04 | LR=1.14e-05 | Train [Total=0.01177 MSE=0.01151 Smooth=0.00027] | Val   [Total=0.00662 MSE=0.00569 Smooth=0.00093]
Epoch 140/200 | λ=1.00e-04 | LR=1.11e-05 | Train [Total=0.00942 MSE=0.00914 Smooth=0.00028] | Val   [Total=0.00636 MSE=0.00543 Smooth=0.00093]
Epoch 141/200 | λ=1.00e-04 | LR=1.08e-05 | Train [Total=0.01266 MSE=0.01243 Smooth=0.00022] | Val   [Total=0.00641 MSE=0.00547 Smooth=0.00094]
Epoch 142/200 | λ=1.00e-04 | LR=1.05e-05 | Train [Total=0.01137 MSE=0.01114 Smooth=0.00023] | Val   [Total=0.00701 MSE=0.00608 Smooth=0.00093]
Epoch 143/200 | λ=1.00e-04 | LR=1.02e-05 | Train [Total=0.01164 MSE=0.01140 Smooth=0.00023] | Val   [Total=0.00668 MSE=0.00574 Smooth=0.00094]
Epoch 144/200 | λ=1.00e-04 | LR=9.88e-06 | Train [Total=0.00847 MSE=0.00819 Smooth=0.00028] | Val   [Total=0.00649 MSE=0.00556 Smooth=0.00093]
Epoch 145/200 | λ=1.00e-04 | LR=9.59e-06 | Train [Total=0.00916 MSE=0.00889 Smooth=0.00027] | Val   [Total=0.00646 MSE=0.00551 Smooth=0.00095]
Epoch 146/200 | λ=1.00e-04 | LR=9.30e-06 | Train [Total=0.01230 MSE=0.01206 Smooth=0.00025] | Val   [Total=0.00654 MSE=0.00560 Smooth=0.00093]
Epoch 147/200 | λ=1.00e-04 | LR=9.01e-06 | Train [Total=0.01179 MSE=0.01149 Smooth=0.00030] | Val   [Total=0.00638 MSE=0.00546 Smooth=0.00092]
Epoch 148/200 | λ=1.00e-04 | LR=8.73e-06 | Train [Total=0.01277 MSE=0.01249 Smooth=0.00028] | Val   [Total=0.00656 MSE=0.00561 Smooth=0.00095]
Epoch 149/200 | λ=1.00e-04 | LR=8.45e-06 | Train [Total=0.01164 MSE=0.01142 Smooth=0.00023] | Val   [Total=0.00636 MSE=0.00542 Smooth=0.00093]
Epoch 150/200 | λ=1.00e-04 | LR=8.18e-06 | Train [Total=0.01235 MSE=0.01210 Smooth=0.00025] | Val   [Total=0.00666 MSE=0.00573 Smooth=0.00093]
Epoch 151/200 | λ=1.00e-04 | LR=7.91e-06 | Train [Total=0.00697 MSE=0.00671 Smooth=0.00025] | Val   [Total=0.00666 MSE=0.00572 Smooth=0.00093]
Epoch 152/200 | λ=1.00e-04 | LR=7.64e-06 | Train [Total=0.01544 MSE=0.01523 Smooth=0.00021] | Val   [Total=0.00668 MSE=0.00575 Smooth=0.00093]
Epoch 153/200 | λ=1.00e-04 | LR=7.38e-06 | Train [Total=0.01231 MSE=0.01200 Smooth=0.00031] | Val   [Total=0.00667 MSE=0.00575 Smooth=0.00093]
Epoch 154/200 | λ=1.00e-04 | LR=7.12e-06 | Train [Total=0.01069 MSE=0.01045 Smooth=0.00023] | Val   [Total=0.00670 MSE=0.00578 Smooth=0.00093]
Epoch 155/200 | λ=1.00e-04 | LR=6.87e-06 | Train [Total=0.00870 MSE=0.00842 Smooth=0.00028] | Val   [Total=0.00634 MSE=0.00541 Smooth=0.00093]
Epoch 156/200 | λ=1.00e-04 | LR=6.62e-06 | Train [Total=0.01188 MSE=0.01166 Smooth=0.00022] | Val   [Total=0.00674 MSE=0.00582 Smooth=0.00092]
Epoch 157/200 | λ=1.00e-04 | LR=6.38e-06 | Train [Total=0.00990 MSE=0.00968 Smooth=0.00022] | Val   [Total=0.00688 MSE=0.00596 Smooth=0.00092]
Epoch 158/200 | λ=1.00e-04 | LR=6.14e-06 | Train [Total=0.01222 MSE=0.01206 Smooth=0.00016] | Val   [Total=0.00671 MSE=0.00577 Smooth=0.00094]
Epoch 159/200 | λ=1.00e-04 | LR=5.91e-06 | Train [Total=0.00811 MSE=0.00783 Smooth=0.00029] | Val   [Total=0.00644 MSE=0.00552 Smooth=0.00093]
Epoch 160/200 | λ=1.00e-04 | LR=5.68e-06 | Train [Total=0.01072 MSE=0.01050 Smooth=0.00022] | Val   [Total=0.00654 MSE=0.00562 Smooth=0.00093]
Epoch 161/200 | λ=1.00e-04 | LR=5.46e-06 | Train [Total=0.00849 MSE=0.00829 Smooth=0.00020] | Val   [Total=0.00648 MSE=0.00554 Smooth=0.00094]
Epoch 162/200 | λ=1.00e-04 | LR=5.24e-06 | Train [Total=0.01344 MSE=0.01327 Smooth=0.00017] | Val   [Total=0.00646 MSE=0.00553 Smooth=0.00092]
Epoch 163/200 | λ=1.00e-04 | LR=5.02e-06 | Train [Total=0.00894 MSE=0.00874 Smooth=0.00020] | Val   [Total=0.00665 MSE=0.00573 Smooth=0.00092]
Epoch 164/200 | λ=1.00e-04 | LR=4.81e-06 | Train [Total=0.01436 MSE=0.01413 Smooth=0.00023] | Val   [Total=0.00668 MSE=0.00576 Smooth=0.00092]
Epoch 165/200 | λ=1.00e-04 | LR=4.61e-06 | Train [Total=0.01464 MSE=0.01438 Smooth=0.00026] | Val   [Total=0.00679 MSE=0.00587 Smooth=0.00092]
Epoch 166/200 | λ=1.00e-04 | LR=4.41e-06 | Train [Total=0.01119 MSE=0.01099 Smooth=0.00020] | Val   [Total=0.00667 MSE=0.00574 Smooth=0.00093]
Epoch 167/200 | λ=1.00e-04 | LR=4.22e-06 | Train [Total=0.00860 MSE=0.00835 Smooth=0.00025] | Val   [Total=0.00657 MSE=0.00565 Smooth=0.00092]
Epoch 168/200 | λ=1.00e-04 | LR=4.03e-06 | Train [Total=0.01029 MSE=0.01003 Smooth=0.00025] | Val   [Total=0.00650 MSE=0.00558 Smooth=0.00092]
Epoch 169/200 | λ=1.00e-04 | LR=3.85e-06 | Train [Total=0.01011 MSE=0.00991 Smooth=0.00020] | Val   [Total=0.00664 MSE=0.00572 Smooth=0.00092]
Epoch 170/200 | λ=1.00e-04 | LR=3.67e-06 | Train [Total=0.01583 MSE=0.01559 Smooth=0.00024] | Val   [Total=0.00663 MSE=0.00571 Smooth=0.00092]
Epoch 171/200 | λ=1.00e-04 | LR=3.50e-06 | Train [Total=0.01255 MSE=0.01231 Smooth=0.00024] | Val   [Total=0.00659 MSE=0.00567 Smooth=0.00092]
Epoch 172/200 | λ=1.00e-04 | LR=3.33e-06 | Train [Total=0.00922 MSE=0.00894 Smooth=0.00028] | Val   [Total=0.00661 MSE=0.00569 Smooth=0.00092]
Epoch 173/200 | λ=1.00e-04 | LR=3.17e-06 | Train [Total=0.01293 MSE=0.01268 Smooth=0.00025] | Val   [Total=0.00667 MSE=0.00575 Smooth=0.00092]
Epoch 174/200 | λ=1.00e-04 | LR=3.02e-06 | Train [Total=0.00965 MSE=0.00943 Smooth=0.00023] | Val   [Total=0.00666 MSE=0.00574 Smooth=0.00092]
Epoch 175/200 | λ=1.00e-04 | LR=2.86e-06 | Train [Total=0.00628 MSE=0.00608 Smooth=0.00020] | Val   [Total=0.00661 MSE=0.00569 Smooth=0.00092]
Epoch 176/200 | λ=1.00e-04 | LR=2.72e-06 | Train [Total=0.00961 MSE=0.00941 Smooth=0.00021] | Val   [Total=0.00668 MSE=0.00577 Smooth=0.00092]
Epoch 177/200 | λ=1.00e-04 | LR=2.58e-06 | Train [Total=0.00706 MSE=0.00686 Smooth=0.00020] | Val   [Total=0.00659 MSE=0.00567 Smooth=0.00092]
Epoch 178/200 | λ=1.00e-04 | LR=2.45e-06 | Train [Total=0.01295 MSE=0.01270 Smooth=0.00025] | Val   [Total=0.00662 MSE=0.00569 Smooth=0.00092]
Epoch 179/200 | λ=1.00e-04 | LR=2.32e-06 | Train [Total=0.01500 MSE=0.01472 Smooth=0.00028] | Val   [Total=0.00659 MSE=0.00567 Smooth=0.00092]
Epoch 180/200 | λ=1.00e-04 | LR=2.20e-06 | Train [Total=0.00736 MSE=0.00711 Smooth=0.00025] | Val   [Total=0.00667 MSE=0.00576 Smooth=0.00092]
Epoch 181/200 | λ=1.00e-04 | LR=2.08e-06 | Train [Total=0.00435 MSE=0.00408 Smooth=0.00028] | Val   [Total=0.00659 MSE=0.00567 Smooth=0.00092]
Epoch 182/200 | λ=1.00e-04 | LR=1.97e-06 | Train [Total=0.01227 MSE=0.01208 Smooth=0.00019] | Val   [Total=0.00657 MSE=0.00566 Smooth=0.00091]
Epoch 183/200 | λ=1.00e-04 | LR=1.87e-06 | Train [Total=0.01059 MSE=0.01034 Smooth=0.00025] | Val   [Total=0.00662 MSE=0.00571 Smooth=0.00091]
Epoch 184/200 | λ=1.00e-04 | LR=1.77e-06 | Train [Total=0.00886 MSE=0.00864 Smooth=0.00022] | Val   [Total=0.00662 MSE=0.00570 Smooth=0.00091]
Epoch 185/200 | λ=1.00e-04 | LR=1.68e-06 | Train [Total=0.00948 MSE=0.00926 Smooth=0.00022] | Val   [Total=0.00662 MSE=0.00571 Smooth=0.00091]
Epoch 186/200 | λ=1.00e-04 | LR=1.59e-06 | Train [Total=0.00889 MSE=0.00871 Smooth=0.00018] | Val   [Total=0.00658 MSE=0.00566 Smooth=0.00092]
Epoch 187/200 | λ=1.00e-04 | LR=1.51e-06 | Train [Total=0.00799 MSE=0.00774 Smooth=0.00025] | Val   [Total=0.00655 MSE=0.00564 Smooth=0.00092]
Epoch 188/200 | λ=1.00e-04 | LR=1.43e-06 | Train [Total=0.01494 MSE=0.01475 Smooth=0.00019] | Val   [Total=0.00662 MSE=0.00571 Smooth=0.00091]
Epoch 189/200 | λ=1.00e-04 | LR=1.36e-06 | Train [Total=0.01203 MSE=0.01180 Smooth=0.00023] | Val   [Total=0.00656 MSE=0.00564 Smooth=0.00092]
Epoch 190/200 | λ=1.00e-04 | LR=1.30e-06 | Train [Total=0.01009 MSE=0.00991 Smooth=0.00018] | Val   [Total=0.00656 MSE=0.00565 Smooth=0.00092]
Epoch 191/200 | λ=1.00e-04 | LR=1.24e-06 | Train [Total=0.01339 MSE=0.01315 Smooth=0.00024] | Val   [Total=0.00658 MSE=0.00566 Smooth=0.00092]
Epoch 192/200 | λ=1.00e-04 | LR=1.19e-06 | Train [Total=0.01308 MSE=0.01286 Smooth=0.00021] | Val   [Total=0.00666 MSE=0.00575 Smooth=0.00091]
Epoch 193/200 | λ=1.00e-04 | LR=1.15e-06 | Train [Total=0.00858 MSE=0.00831 Smooth=0.00027] | Val   [Total=0.00666 MSE=0.00575 Smooth=0.00091]
Epoch 194/200 | λ=1.00e-04 | LR=1.11e-06 | Train [Total=0.01225 MSE=0.01197 Smooth=0.00027] | Val   [Total=0.00660 MSE=0.00568 Smooth=0.00092]
Epoch 195/200 | λ=1.00e-04 | LR=1.08e-06 | Train [Total=0.00782 MSE=0.00762 Smooth=0.00020] | Val   [Total=0.00660 MSE=0.00568 Smooth=0.00092]
Epoch 196/200 | λ=1.00e-04 | LR=1.05e-06 | Train [Total=0.00937 MSE=0.00913 Smooth=0.00025] | Val   [Total=0.00662 MSE=0.00570 Smooth=0.00092]
Epoch 197/200 | λ=1.00e-04 | LR=1.03e-06 | Train [Total=0.01162 MSE=0.01144 Smooth=0.00019] | Val   [Total=0.00658 MSE=0.00567 Smooth=0.00092]
Epoch 198/200 | λ=1.00e-04 | LR=1.01e-06 | Train [Total=0.01305 MSE=0.01282 Smooth=0.00024] | Val   [Total=0.00663 MSE=0.00571 Smooth=0.00091]
Epoch 199/200 | λ=1.00e-04 | LR=1.00e-06 | Train [Total=0.01619 MSE=0.01590 Smooth=0.00029] | Val   [Total=0.00661 MSE=0.00569 Smooth=0.00092]
