This job can be monitored from: https://job.c3se.chalmers.se/alvis/6326809
Using device: cuda
DVF stats: mean=-3.174312, std=10.820530
Test samples: 100
Loaded checkpoint: /mimer/NOBACKUP/groups/caim1/dafne/checkpoints/best_model.pth

Running DDPM sampling on test set...
Sampling done. Predictions shape: (100, 3, 128, 128, 64)

=============================================
  Method: DDPM Sampling
  Test samples: 100
  DVF resolution: 128x128x64
=============================================
  MAE  dx (LR):   2.3874 mm
  MAE  dy (AP):   3.6361 mm
  MAE  dz (SI):   8.1348 mm
---------------------------------------------
  Mean 3D Displacement Error:  10.2145 mm
---------------------------------------------
  TRE (grid landmarks):         8.7088 mm
---------------------------------------------
  Non-Jacobian fraction:
    Predicted:    0.000 %
    GT:           0.000 %
=============================================

Metrics saved to: /mimer/NOBACKUP/groups/caim1/dafne/results/DDPM_Sampling/metrics.txt

Visualising samples: [81, 14, 3]
Saved /mimer/NOBACKUP/groups/caim1/dafne/results/DDPM_Sampling/sample_081_fig1_overview.png
Saved /mimer/NOBACKUP/groups/caim1/dafne/results/DDPM_Sampling/sample_081_fig2_components.png
Saved /mimer/NOBACKUP/groups/caim1/dafne/results/DDPM_Sampling/sample_014_fig1_overview.png
Saved /mimer/NOBACKUP/groups/caim1/dafne/results/DDPM_Sampling/sample_014_fig2_components.png
Saved /mimer/NOBACKUP/groups/caim1/dafne/results/DDPM_Sampling/sample_003_fig1_overview.png
Saved /mimer/NOBACKUP/groups/caim1/dafne/results/DDPM_Sampling/sample_003_fig2_components.png

Done. All results saved to: /mimer/NOBACKUP/groups/caim1/dafne/results/DDPM_Sampling
