This job can be monitored from: https://job.c3se.chalmers.se/alvis/6415190
============================================================
Run started: 2026-04-15 15:54:01
Log file:    /mimer/NOBACKUP/groups/caim1/dafne/checkpoints/32_condchannels/training.log
============================================================
Using device: cuda
Train=425, Val=75, Test=100
Loaded DVF stats: mean=-3.174312, std=10.820530
Resumed from epoch 5 | Best val loss: 0.7812
Epoch 006/600 | λ=1.00e-04 | LR=1.00e-04 | Train [Total=0.47608 MSE=0.39253 Smooth=0.08355] | Val   [Total=0.57317 MSE=0.37524 Smooth=0.19793] *** BEST ***
Epoch 007/600 | λ=1.00e-04 | LR=1.00e-04 | Train [Total=0.33364 MSE=0.29342 Smooth=0.04022] | Val   [Total=0.40865 MSE=0.29644 Smooth=0.11221] *** BEST ***
Epoch 008/600 | λ=1.00e-04 | LR=1.00e-04 | Train [Total=0.26130 MSE=0.23646 Smooth=0.02483] | Val   [Total=0.31596 MSE=0.24961 Smooth=0.06635] *** BEST ***
Epoch 009/600 | λ=1.00e-04 | LR=1.00e-04 | Train [Total=0.19530 MSE=0.17851 Smooth=0.01679] | Val   [Total=0.26348 MSE=0.21870 Smooth=0.04478] *** BEST ***
Epoch 010/600 | λ=1.00e-04 | LR=1.00e-04 | Train [Total=0.16874 MSE=0.15828 Smooth=0.01046] | Val   [Total=0.23342 MSE=0.19913 Smooth=0.03429] *** BEST ***
Epoch 011/600 | λ=1.00e-04 | LR=1.00e-04 | Train [Total=0.16625 MSE=0.15737 Smooth=0.00888] | Val   [Total=0.21241 MSE=0.18371 Smooth=0.02871] *** BEST ***
Epoch 012/600 | λ=1.00e-04 | LR=1.00e-04 | Train [Total=0.14205 MSE=0.13584 Smooth=0.00621] | Val   [Total=0.19744 MSE=0.17449 Smooth=0.02295] *** BEST ***
Epoch 013/600 | λ=1.00e-04 | LR=1.00e-04 | Train [Total=0.14623 MSE=0.14080 Smooth=0.00543] | Val   [Total=0.18808 MSE=0.16616 Smooth=0.02192] *** BEST ***
Epoch 014/600 | λ=1.00e-04 | LR=1.00e-04 | Train [Total=0.12306 MSE=0.11647 Smooth=0.00660] | Val   [Total=0.17876 MSE=0.16148 Smooth=0.01727] *** BEST ***
Epoch 015/600 | λ=1.00e-04 | LR=9.99e-05 | Train [Total=0.13628 MSE=0.13212 Smooth=0.00417] | Val   [Total=0.16610 MSE=0.15093 Smooth=0.01517] *** BEST ***
Epoch 016/600 | λ=1.00e-04 | LR=9.99e-05 | Train [Total=0.10026 MSE=0.09567 Smooth=0.00459] | Val   [Total=0.16016 MSE=0.14680 Smooth=0.01336] *** BEST ***
Epoch 017/600 | λ=1.00e-04 | LR=9.99e-05 | Train [Total=0.10410 MSE=0.10107 Smooth=0.00303] | Val   [Total=0.15491 MSE=0.14210 Smooth=0.01281] *** BEST ***
Epoch 018/600 | λ=1.00e-04 | LR=9.99e-05 | Train [Total=0.12504 MSE=0.12128 Smooth=0.00376] | Val   [Total=0.15127 MSE=0.13872 Smooth=0.01255] *** BEST ***
Epoch 019/600 | λ=1.00e-04 | LR=9.99e-05 | Train [Total=0.09311 MSE=0.08955 Smooth=0.00356] | Val   [Total=0.14721 MSE=0.13545 Smooth=0.01176] *** BEST ***
Epoch 020/600 | λ=1.00e-04 | LR=9.99e-05 | Train [Total=0.08183 MSE=0.07869 Smooth=0.00313] | Val   [Total=0.14256 MSE=0.13215 Smooth=0.01040] *** BEST ***
Epoch 021/600 | λ=1.00e-04 | LR=9.99e-05 | Train [Total=0.10399 MSE=0.10143 Smooth=0.00256] | Val   [Total=0.13985 MSE=0.12946 Smooth=0.01040] *** BEST ***
Epoch 022/600 | λ=1.00e-04 | LR=9.99e-05 | Train [Total=0.08899 MSE=0.08660 Smooth=0.00239] | Val   [Total=0.14082 MSE=0.13029 Smooth=0.01053]
Epoch 023/600 | λ=1.00e-04 | LR=9.99e-05 | Train [Total=0.08899 MSE=0.08595 Smooth=0.00305] | Val   [Total=0.13714 MSE=0.12639 Smooth=0.01076] *** BEST ***
Epoch 024/600 | λ=1.00e-04 | LR=9.99e-05 | Train [Total=0.08563 MSE=0.08246 Smooth=0.00317] | Val   [Total=0.13258 MSE=0.12267 Smooth=0.00991] *** BEST ***
Epoch 025/600 | λ=1.00e-04 | LR=9.98e-05 | Train [Total=0.07728 MSE=0.07431 Smooth=0.00297] | Val   [Total=0.13136 MSE=0.12150 Smooth=0.00986] *** BEST ***
Epoch 026/600 | λ=1.00e-04 | LR=9.98e-05 | Train [Total=0.08311 MSE=0.08060 Smooth=0.00251] | Val   [Total=0.12791 MSE=0.11782 Smooth=0.01009] *** BEST ***
Epoch 027/600 | λ=1.00e-04 | LR=9.98e-05 | Train [Total=0.08793 MSE=0.08555 Smooth=0.00237] | Val   [Total=0.12692 MSE=0.11649 Smooth=0.01043] *** BEST ***
Epoch 028/600 | λ=1.00e-04 | LR=9.98e-05 | Train [Total=0.08215 MSE=0.07981 Smooth=0.00234] | Val   [Total=0.12383 MSE=0.11380 Smooth=0.01003] *** BEST ***
Epoch 029/600 | λ=1.00e-04 | LR=9.98e-05 | Train [Total=0.09724 MSE=0.09501 Smooth=0.00223] | Val   [Total=0.12162 MSE=0.11138 Smooth=0.01025] *** BEST ***
Epoch 030/600 | λ=1.00e-04 | LR=9.98e-05 | Train [Total=0.08242 MSE=0.07963 Smooth=0.00279] | Val   [Total=0.12110 MSE=0.11132 Smooth=0.00978] *** BEST ***
Epoch 031/600 | λ=1.00e-04 | LR=9.98e-05 | Train [Total=0.06861 MSE=0.06561 Smooth=0.00300] | Val   [Total=0.11820 MSE=0.10836 Smooth=0.00984] *** BEST ***
Epoch 032/600 | λ=1.00e-04 | LR=9.98e-05 | Train [Total=0.07797 MSE=0.07556 Smooth=0.00241] | Val   [Total=0.11598 MSE=0.10641 Smooth=0.00957] *** BEST ***
Epoch 033/600 | λ=1.00e-04 | LR=9.97e-05 | Train [Total=0.07744 MSE=0.07499 Smooth=0.00245] | Val   [Total=0.11497 MSE=0.10499 Smooth=0.00998] *** BEST ***
Epoch 034/600 | λ=1.00e-04 | LR=9.97e-05 | Train [Total=0.05970 MSE=0.05669 Smooth=0.00301] | Val   [Total=0.11301 MSE=0.10415 Smooth=0.00886] *** BEST ***
Epoch 035/600 | λ=1.00e-04 | LR=9.97e-05 | Train [Total=0.05998 MSE=0.05781 Smooth=0.00217] | Val   [Total=0.11247 MSE=0.10321 Smooth=0.00926] *** BEST ***
Epoch 036/600 | λ=1.00e-04 | LR=9.97e-05 | Train [Total=0.08684 MSE=0.08512 Smooth=0.00172] | Val   [Total=0.11064 MSE=0.10105 Smooth=0.00958] *** BEST ***
Epoch 037/600 | λ=1.00e-04 | LR=9.97e-05 | Train [Total=0.06818 MSE=0.06619 Smooth=0.00199] | Val   [Total=0.10921 MSE=0.10020 Smooth=0.00900] *** BEST ***
Epoch 038/600 | λ=1.00e-04 | LR=9.96e-05 | Train [Total=0.08050 MSE=0.07834 Smooth=0.00216] | Val   [Total=0.10712 MSE=0.09825 Smooth=0.00886] *** BEST ***
Epoch 039/600 | λ=1.00e-04 | LR=9.96e-05 | Train [Total=0.06440 MSE=0.06200 Smooth=0.00240] | Val   [Total=0.10679 MSE=0.09739 Smooth=0.00939] *** BEST ***
Epoch 040/600 | λ=1.00e-04 | LR=9.96e-05 | Train [Total=0.07881 MSE=0.07672 Smooth=0.00209] | Val   [Total=0.10781 MSE=0.09800 Smooth=0.00981]
Epoch 041/600 | λ=1.00e-04 | LR=9.96e-05 | Train [Total=0.06394 MSE=0.06177 Smooth=0.00217] | Val   [Total=0.10470 MSE=0.09633 Smooth=0.00837] *** BEST ***
Epoch 042/600 | λ=1.00e-04 | LR=9.96e-05 | Train [Total=0.06558 MSE=0.06349 Smooth=0.00209] | Val   [Total=0.10197 MSE=0.09375 Smooth=0.00822] *** BEST ***
Epoch 043/600 | λ=1.00e-04 | LR=9.95e-05 | Train [Total=0.06234 MSE=0.05989 Smooth=0.00245] | Val   [Total=0.10164 MSE=0.09378 Smooth=0.00786] *** BEST ***
Epoch 044/600 | λ=1.00e-04 | LR=9.95e-05 | Train [Total=0.04968 MSE=0.04799 Smooth=0.00170] | Val   [Total=0.10106 MSE=0.09272 Smooth=0.00834] *** BEST ***
Epoch 045/600 | λ=1.00e-04 | LR=9.95e-05 | Train [Total=0.06568 MSE=0.06430 Smooth=0.00138] | Val   [Total=0.10063 MSE=0.09282 Smooth=0.00781] *** BEST ***
Epoch 046/600 | λ=1.00e-04 | LR=9.95e-05 | Train [Total=0.05976 MSE=0.05772 Smooth=0.00203] | Val   [Total=0.09838 MSE=0.09073 Smooth=0.00765] *** BEST ***
Epoch 047/600 | λ=1.00e-04 | LR=9.95e-05 | Train [Total=0.06432 MSE=0.06210 Smooth=0.00222] | Val   [Total=0.09617 MSE=0.08899 Smooth=0.00718] *** BEST ***
Epoch 048/600 | λ=1.00e-04 | LR=9.94e-05 | Train [Total=0.05547 MSE=0.05380 Smooth=0.00166] | Val   [Total=0.09600 MSE=0.08791 Smooth=0.00809] *** BEST ***
Epoch 049/600 | λ=1.00e-04 | LR=9.94e-05 | Train [Total=0.06521 MSE=0.06332 Smooth=0.00189] | Val   [Total=0.09466 MSE=0.08738 Smooth=0.00728] *** BEST ***
Epoch 050/600 | λ=1.00e-04 | LR=9.94e-05 | Train [Total=0.06043 MSE=0.05899 Smooth=0.00145] | Val   [Total=0.09363 MSE=0.08667 Smooth=0.00696] *** BEST ***
Epoch 051/600 | λ=1.00e-04 | LR=9.94e-05 | Train [Total=0.05662 MSE=0.05508 Smooth=0.00153] | Val   [Total=0.09509 MSE=0.08595 Smooth=0.00914]
Epoch 052/600 | λ=1.00e-04 | LR=9.93e-05 | Train [Total=0.05758 MSE=0.05519 Smooth=0.00239] | Val   [Total=0.09092 MSE=0.08412 Smooth=0.00680] *** BEST ***
Epoch 053/600 | λ=1.00e-04 | LR=9.93e-05 | Train [Total=0.04901 MSE=0.04721 Smooth=0.00180] | Val   [Total=0.08984 MSE=0.08323 Smooth=0.00660] *** BEST ***
Epoch 054/600 | λ=1.00e-04 | LR=9.93e-05 | Train [Total=0.07112 MSE=0.06953 Smooth=0.00159] | Val   [Total=0.09057 MSE=0.08366 Smooth=0.00691]
Epoch 055/600 | λ=1.00e-04 | LR=9.93e-05 | Train [Total=0.04360 MSE=0.04172 Smooth=0.00188] | Val   [Total=0.08807 MSE=0.08122 Smooth=0.00685] *** BEST ***
Epoch 056/600 | λ=1.00e-04 | LR=9.92e-05 | Train [Total=0.05673 MSE=0.05510 Smooth=0.00163] | Val   [Total=0.08643 MSE=0.07997 Smooth=0.00647] *** BEST ***
Epoch 057/600 | λ=1.00e-04 | LR=9.92e-05 | Train [Total=0.05724 MSE=0.05544 Smooth=0.00180] | Val   [Total=0.08579 MSE=0.07945 Smooth=0.00634] *** BEST ***
Epoch 058/600 | λ=1.00e-04 | LR=9.92e-05 | Train [Total=0.05500 MSE=0.05339 Smooth=0.00161] | Val   [Total=0.08461 MSE=0.07804 Smooth=0.00657] *** BEST ***
Epoch 059/600 | λ=1.00e-04 | LR=9.92e-05 | Train [Total=0.05900 MSE=0.05722 Smooth=0.00178] | Val   [Total=0.08380 MSE=0.07724 Smooth=0.00655] *** BEST ***
Epoch 060/600 | λ=1.00e-04 | LR=9.91e-05 | Train [Total=0.04488 MSE=0.04322 Smooth=0.00166] | Val   [Total=0.08326 MSE=0.07697 Smooth=0.00629] *** BEST ***
Epoch 061/600 | λ=1.00e-04 | LR=9.91e-05 | Train [Total=0.03891 MSE=0.03689 Smooth=0.00203] | Val   [Total=0.08316 MSE=0.07670 Smooth=0.00645] *** BEST ***
Epoch 062/600 | λ=1.00e-04 | LR=9.91e-05 | Train [Total=0.04632 MSE=0.04482 Smooth=0.00150] | Val   [Total=0.08098 MSE=0.07528 Smooth=0.00570] *** BEST ***
Epoch 063/600 | λ=1.00e-04 | LR=9.90e-05 | Train [Total=0.04565 MSE=0.04407 Smooth=0.00158] | Val   [Total=0.08013 MSE=0.07444 Smooth=0.00570] *** BEST ***
Epoch 064/600 | λ=1.00e-04 | LR=9.90e-05 | Train [Total=0.04676 MSE=0.04541 Smooth=0.00135] | Val   [Total=0.07835 MSE=0.07269 Smooth=0.00566] *** BEST ***
Epoch 065/600 | λ=1.00e-04 | LR=9.90e-05 | Train [Total=0.04436 MSE=0.04271 Smooth=0.00165] | Val   [Total=0.07840 MSE=0.07295 Smooth=0.00544]
Epoch 066/600 | λ=1.00e-04 | LR=9.89e-05 | Train [Total=0.04851 MSE=0.04704 Smooth=0.00146] | Val   [Total=0.07679 MSE=0.07126 Smooth=0.00553] *** BEST ***
Epoch 067/600 | λ=1.00e-04 | LR=9.89e-05 | Train [Total=0.04469 MSE=0.04354 Smooth=0.00115] | Val   [Total=0.07659 MSE=0.07115 Smooth=0.00544] *** BEST ***
Epoch 068/600 | λ=1.00e-04 | LR=9.89e-05 | Train [Total=0.04999 MSE=0.04857 Smooth=0.00142] | Val   [Total=0.07535 MSE=0.06979 Smooth=0.00556] *** BEST ***
Epoch 069/600 | λ=1.00e-04 | LR=9.88e-05 | Train [Total=0.04742 MSE=0.04572 Smooth=0.00170] | Val   [Total=0.07598 MSE=0.07017 Smooth=0.00581]
Epoch 070/600 | λ=1.00e-04 | LR=9.88e-05 | Train [Total=0.04406 MSE=0.04307 Smooth=0.00099] | Val   [Total=0.07332 MSE=0.06806 Smooth=0.00526] *** BEST ***
Epoch 071/600 | λ=1.00e-04 | LR=9.88e-05 | Train [Total=0.05115 MSE=0.04987 Smooth=0.00128] | Val   [Total=0.07255 MSE=0.06712 Smooth=0.00543] *** BEST ***
Epoch 072/600 | λ=1.00e-04 | LR=9.87e-05 | Train [Total=0.04885 MSE=0.04742 Smooth=0.00143] | Val   [Total=0.07105 MSE=0.06579 Smooth=0.00526] *** BEST ***
Epoch 073/600 | λ=1.00e-04 | LR=9.87e-05 | Train [Total=0.05290 MSE=0.05175 Smooth=0.00115] | Val   [Total=0.07140 MSE=0.06615 Smooth=0.00524]
Epoch 074/600 | λ=1.00e-04 | LR=9.87e-05 | Train [Total=0.04965 MSE=0.04845 Smooth=0.00120] | Val   [Total=0.06915 MSE=0.06397 Smooth=0.00518] *** BEST ***
Epoch 075/600 | λ=1.00e-04 | LR=9.86e-05 | Train [Total=0.05165 MSE=0.05027 Smooth=0.00138] | Val   [Total=0.06756 MSE=0.06254 Smooth=0.00502] *** BEST ***
Epoch 076/600 | λ=1.00e-04 | LR=9.86e-05 | Train [Total=0.04322 MSE=0.04191 Smooth=0.00131] | Val   [Total=0.06700 MSE=0.06194 Smooth=0.00506] *** BEST ***
Epoch 077/600 | λ=1.00e-04 | LR=9.86e-05 | Train [Total=0.04629 MSE=0.04500 Smooth=0.00128] | Val   [Total=0.06670 MSE=0.06157 Smooth=0.00513] *** BEST ***
Epoch 078/600 | λ=1.00e-04 | LR=9.85e-05 | Train [Total=0.04872 MSE=0.04751 Smooth=0.00121] | Val   [Total=0.06404 MSE=0.05919 Smooth=0.00485] *** BEST ***
Epoch 079/600 | λ=1.00e-04 | LR=9.85e-05 | Train [Total=0.04593 MSE=0.04441 Smooth=0.00152] | Val   [Total=0.06419 MSE=0.05960 Smooth=0.00459]
Epoch 080/600 | λ=1.00e-04 | LR=9.84e-05 | Train [Total=0.05127 MSE=0.04997 Smooth=0.00130] | Val   [Total=0.06359 MSE=0.05890 Smooth=0.00468] *** BEST ***
Epoch 081/600 | λ=1.00e-04 | LR=9.84e-05 | Train [Total=0.05040 MSE=0.04898 Smooth=0.00142] | Val   [Total=0.06119 MSE=0.05641 Smooth=0.00477] *** BEST ***
Epoch 082/600 | λ=1.00e-04 | LR=9.84e-05 | Train [Total=0.04605 MSE=0.04464 Smooth=0.00140] | Val   [Total=0.06040 MSE=0.05581 Smooth=0.00458] *** BEST ***
Epoch 083/600 | λ=1.00e-04 | LR=9.83e-05 | Train [Total=0.04632 MSE=0.04527 Smooth=0.00104] | Val   [Total=0.05939 MSE=0.05473 Smooth=0.00466] *** BEST ***
Epoch 084/600 | λ=1.00e-04 | LR=9.83e-05 | Train [Total=0.03986 MSE=0.03858 Smooth=0.00128] | Val   [Total=0.05787 MSE=0.05335 Smooth=0.00452] *** BEST ***
Epoch 085/600 | λ=1.00e-04 | LR=9.82e-05 | Train [Total=0.03909 MSE=0.03782 Smooth=0.00128] | Val   [Total=0.05728 MSE=0.05275 Smooth=0.00454] *** BEST ***
Epoch 086/600 | λ=1.00e-04 | LR=9.82e-05 | Train [Total=0.04019 MSE=0.03898 Smooth=0.00121] | Val   [Total=0.05639 MSE=0.05204 Smooth=0.00435] *** BEST ***
Epoch 087/600 | λ=1.00e-04 | LR=9.82e-05 | Train [Total=0.03937 MSE=0.03818 Smooth=0.00119] | Val   [Total=0.05611 MSE=0.05189 Smooth=0.00423] *** BEST ***
Epoch 088/600 | λ=1.00e-04 | LR=9.81e-05 | Train [Total=0.04458 MSE=0.04336 Smooth=0.00122] | Val   [Total=0.05409 MSE=0.04981 Smooth=0.00429] *** BEST ***
Epoch 089/600 | λ=1.00e-04 | LR=9.81e-05 | Train [Total=0.05257 MSE=0.05162 Smooth=0.00095] | Val   [Total=0.05370 MSE=0.04949 Smooth=0.00421] *** BEST ***
Epoch 090/600 | λ=1.00e-04 | LR=9.80e-05 | Train [Total=0.03812 MSE=0.03707 Smooth=0.00105] | Val   [Total=0.05286 MSE=0.04853 Smooth=0.00434] *** BEST ***
Epoch 091/600 | λ=1.00e-04 | LR=9.80e-05 | Train [Total=0.03785 MSE=0.03688 Smooth=0.00097] | Val   [Total=0.05182 MSE=0.04765 Smooth=0.00416] *** BEST ***
Epoch 092/600 | λ=1.00e-04 | LR=9.79e-05 | Train [Total=0.03548 MSE=0.03431 Smooth=0.00118] | Val   [Total=0.05335 MSE=0.04874 Smooth=0.00461]
Epoch 093/600 | λ=1.00e-04 | LR=9.79e-05 | Train [Total=0.03566 MSE=0.03454 Smooth=0.00112] | Val   [Total=0.05017 MSE=0.04621 Smooth=0.00396] *** BEST ***
Epoch 094/600 | λ=1.00e-04 | LR=9.79e-05 | Train [Total=0.03604 MSE=0.03511 Smooth=0.00093] | Val   [Total=0.04972 MSE=0.04588 Smooth=0.00383] *** BEST ***
Epoch 095/600 | λ=1.00e-04 | LR=9.78e-05 | Train [Total=0.04173 MSE=0.04060 Smooth=0.00112] | Val   [Total=0.04834 MSE=0.04424 Smooth=0.00410] *** BEST ***
Epoch 096/600 | λ=1.00e-04 | LR=9.78e-05 | Train [Total=0.04406 MSE=0.04308 Smooth=0.00098] | Val   [Total=0.04670 MSE=0.04281 Smooth=0.00389] *** BEST ***
Epoch 097/600 | λ=1.00e-04 | LR=9.77e-05 | Train [Total=0.05381 MSE=0.05287 Smooth=0.00093] | Val   [Total=0.05654 MSE=0.05257 Smooth=0.00397]
Epoch 098/600 | λ=1.00e-04 | LR=9.77e-05 | Train [Total=0.03676 MSE=0.03577 Smooth=0.00099] | Val   [Total=0.04577 MSE=0.04172 Smooth=0.00405] *** BEST ***
Epoch 099/600 | λ=1.00e-04 | LR=9.76e-05 | Train [Total=0.02638 MSE=0.02542 Smooth=0.00096] | Val   [Total=0.04637 MSE=0.04240 Smooth=0.00397]
Epoch 100/600 | λ=1.00e-04 | LR=9.76e-05 | Train [Total=0.02787 MSE=0.02688 Smooth=0.00099] | Val   [Total=0.04682 MSE=0.04304 Smooth=0.00378]
Epoch 101/600 | λ=1.00e-04 | LR=9.75e-05 | Train [Total=0.02700 MSE=0.02593 Smooth=0.00107] | Val   [Total=0.04524 MSE=0.04168 Smooth=0.00356] *** BEST ***
Epoch 102/600 | λ=1.00e-04 | LR=9.75e-05 | Train [Total=0.03839 MSE=0.03757 Smooth=0.00082] | Val   [Total=0.04580 MSE=0.04181 Smooth=0.00399]
Epoch 103/600 | λ=1.00e-04 | LR=9.74e-05 | Train [Total=0.02909 MSE=0.02810 Smooth=0.00099] | Val   [Total=0.04476 MSE=0.04110 Smooth=0.00366] *** BEST ***
Epoch 104/600 | λ=1.00e-04 | LR=9.74e-05 | Train [Total=0.02064 MSE=0.01971 Smooth=0.00093] | Val   [Total=0.04493 MSE=0.04158 Smooth=0.00335]
Epoch 105/600 | λ=1.00e-04 | LR=9.73e-05 | Train [Total=0.03116 MSE=0.03044 Smooth=0.00072] | Val   [Total=0.04229 MSE=0.03908 Smooth=0.00321] *** BEST ***
Epoch 106/600 | λ=1.00e-04 | LR=9.73e-05 | Train [Total=0.03501 MSE=0.03417 Smooth=0.00084] | Val   [Total=0.04228 MSE=0.03905 Smooth=0.00323] *** BEST ***
Epoch 107/600 | λ=1.00e-04 | LR=9.72e-05 | Train [Total=0.03831 MSE=0.03743 Smooth=0.00088] | Val   [Total=0.04171 MSE=0.03841 Smooth=0.00330] *** BEST ***
Epoch 108/600 | λ=1.00e-04 | LR=9.72e-05 | Train [Total=0.03167 MSE=0.03075 Smooth=0.00092] | Val   [Total=0.03937 MSE=0.03625 Smooth=0.00312] *** BEST ***
Epoch 109/600 | λ=1.00e-04 | LR=9.71e-05 | Train [Total=0.03935 MSE=0.03855 Smooth=0.00079] | Val   [Total=0.03936 MSE=0.03620 Smooth=0.00316] *** BEST ***
Epoch 110/600 | λ=1.00e-04 | LR=9.71e-05 | Train [Total=0.03408 MSE=0.03347 Smooth=0.00061] | Val   [Total=0.04073 MSE=0.03751 Smooth=0.00322]
Epoch 111/600 | λ=1.00e-04 | LR=9.70e-05 | Train [Total=0.04060 MSE=0.03993 Smooth=0.00066] | Val   [Total=0.03924 MSE=0.03598 Smooth=0.00326] *** BEST ***
Epoch 112/600 | λ=1.00e-04 | LR=9.70e-05 | Train [Total=0.03048 MSE=0.02976 Smooth=0.00073] | Val   [Total=0.03660 MSE=0.03345 Smooth=0.00315] *** BEST ***
Epoch 113/600 | λ=1.00e-04 | LR=9.69e-05 | Train [Total=0.02728 MSE=0.02649 Smooth=0.00079] | Val   [Total=0.03632 MSE=0.03326 Smooth=0.00306] *** BEST ***
Epoch 114/600 | λ=1.00e-04 | LR=9.69e-05 | Train [Total=0.03463 MSE=0.03374 Smooth=0.00088] | Val   [Total=0.03595 MSE=0.03294 Smooth=0.00300] *** BEST ***
Epoch 115/600 | λ=1.00e-04 | LR=9.68e-05 | Train [Total=0.03840 MSE=0.03758 Smooth=0.00082] | Val   [Total=0.03688 MSE=0.03374 Smooth=0.00314]
Epoch 116/600 | λ=1.00e-04 | LR=9.67e-05 | Train [Total=0.03778 MSE=0.03719 Smooth=0.00059] | Val   [Total=0.03492 MSE=0.03194 Smooth=0.00298] *** BEST ***
Epoch 117/600 | λ=1.00e-04 | LR=9.67e-05 | Train [Total=0.03594 MSE=0.03513 Smooth=0.00081] | Val   [Total=0.03400 MSE=0.03096 Smooth=0.00304] *** BEST ***
Epoch 118/600 | λ=1.00e-04 | LR=9.66e-05 | Train [Total=0.02732 MSE=0.02660 Smooth=0.00072] | Val   [Total=0.03488 MSE=0.03199 Smooth=0.00290]
Epoch 119/600 | λ=1.00e-04 | LR=9.66e-05 | Train [Total=0.02810 MSE=0.02706 Smooth=0.00104] | Val   [Total=0.03369 MSE=0.03054 Smooth=0.00315] *** BEST ***
Epoch 120/600 | λ=1.00e-04 | LR=9.65e-05 | Train [Total=0.02374 MSE=0.02301 Smooth=0.00073] | Val   [Total=0.03567 MSE=0.03288 Smooth=0.00279]
Epoch 121/600 | λ=1.00e-04 | LR=9.65e-05 | Train [Total=0.03564 MSE=0.03492 Smooth=0.00072] | Val   [Total=0.03207 MSE=0.02928 Smooth=0.00279] *** BEST ***
Epoch 122/600 | λ=1.00e-04 | LR=9.64e-05 | Train [Total=0.03229 MSE=0.03141 Smooth=0.00088] | Val   [Total=0.03276 MSE=0.02987 Smooth=0.00288]
Epoch 123/600 | λ=1.00e-04 | LR=9.64e-05 | Train [Total=0.02852 MSE=0.02775 Smooth=0.00077] | Val   [Total=0.03078 MSE=0.02794 Smooth=0.00284] *** BEST ***
Epoch 124/600 | λ=1.00e-04 | LR=9.63e-05 | Train [Total=0.03254 MSE=0.03187 Smooth=0.00068] | Val   [Total=0.03055 MSE=0.02784 Smooth=0.00270] *** BEST ***
Epoch 125/600 | λ=1.00e-04 | LR=9.62e-05 | Train [Total=0.02654 MSE=0.02590 Smooth=0.00064] | Val   [Total=0.03009 MSE=0.02735 Smooth=0.00274] *** BEST ***
Epoch 126/600 | λ=1.00e-04 | LR=9.62e-05 | Train [Total=0.03789 MSE=0.03710 Smooth=0.00079] | Val   [Total=0.02798 MSE=0.02533 Smooth=0.00264] *** BEST ***
Epoch 127/600 | λ=1.00e-04 | LR=9.61e-05 | Train [Total=0.02590 MSE=0.02522 Smooth=0.00068] | Val   [Total=0.02935 MSE=0.02670 Smooth=0.00265]
Epoch 128/600 | λ=1.00e-04 | LR=9.61e-05 | Train [Total=0.02906 MSE=0.02827 Smooth=0.00079] | Val   [Total=0.02946 MSE=0.02689 Smooth=0.00257]
Epoch 129/600 | λ=1.00e-04 | LR=9.60e-05 | Train [Total=0.02422 MSE=0.02369 Smooth=0.00052] | Val   [Total=0.02899 MSE=0.02654 Smooth=0.00246]
Epoch 130/600 | λ=1.00e-04 | LR=9.59e-05 | Train [Total=0.02417 MSE=0.02357 Smooth=0.00060] | Val   [Total=0.02877 MSE=0.02625 Smooth=0.00252]
Epoch 131/600 | λ=1.00e-04 | LR=9.59e-05 | Train [Total=0.03525 MSE=0.03465 Smooth=0.00060] | Val   [Total=0.02820 MSE=0.02549 Smooth=0.00270]
Epoch 132/600 | λ=1.00e-04 | LR=9.58e-05 | Train [Total=0.02371 MSE=0.02309 Smooth=0.00062] | Val   [Total=0.02795 MSE=0.02558 Smooth=0.00236] *** BEST ***
Epoch 133/600 | λ=1.00e-04 | LR=9.57e-05 | Train [Total=0.03414 MSE=0.03359 Smooth=0.00054] | Val   [Total=0.02825 MSE=0.02554 Smooth=0.00270]
Epoch 134/600 | λ=1.00e-04 | LR=9.57e-05 | Train [Total=0.02154 MSE=0.02094 Smooth=0.00060] | Val   [Total=0.02697 MSE=0.02454 Smooth=0.00243] *** BEST ***
Epoch 135/600 | λ=1.00e-04 | LR=9.56e-05 | Train [Total=0.03337 MSE=0.03279 Smooth=0.00058] | Val   [Total=0.02717 MSE=0.02469 Smooth=0.00248]
Epoch 136/600 | λ=1.00e-04 | LR=9.56e-05 | Train [Total=0.03346 MSE=0.03283 Smooth=0.00063] | Val   [Total=0.02633 MSE=0.02391 Smooth=0.00243] *** BEST ***
Epoch 137/600 | λ=1.00e-04 | LR=9.55e-05 | Train [Total=0.02688 MSE=0.02623 Smooth=0.00064] | Val   [Total=0.02530 MSE=0.02294 Smooth=0.00235] *** BEST ***
Epoch 138/600 | λ=1.00e-04 | LR=9.54e-05 | Train [Total=0.03241 MSE=0.03189 Smooth=0.00053] | Val   [Total=0.02699 MSE=0.02465 Smooth=0.00234]
Epoch 139/600 | λ=1.00e-04 | LR=9.54e-05 | Train [Total=0.02578 MSE=0.02520 Smooth=0.00058] | Val   [Total=0.02493 MSE=0.02278 Smooth=0.00215] *** BEST ***
Epoch 140/600 | λ=1.00e-04 | LR=9.53e-05 | Train [Total=0.03420 MSE=0.03340 Smooth=0.00080] | Val   [Total=0.02584 MSE=0.02350 Smooth=0.00235]
Epoch 141/600 | λ=1.00e-04 | LR=9.52e-05 | Train [Total=0.02810 MSE=0.02734 Smooth=0.00076] | Val   [Total=0.02545 MSE=0.02330 Smooth=0.00214]
Epoch 142/600 | λ=1.00e-04 | LR=9.52e-05 | Train [Total=0.02085 MSE=0.02026 Smooth=0.00059] | Val   [Total=0.02440 MSE=0.02236 Smooth=0.00204] *** BEST ***
Epoch 143/600 | λ=1.00e-04 | LR=9.51e-05 | Train [Total=0.02710 MSE=0.02659 Smooth=0.00051] | Val   [Total=0.02322 MSE=0.02098 Smooth=0.00224] *** BEST ***
Epoch 144/600 | λ=1.00e-04 | LR=9.50e-05 | Train [Total=0.02391 MSE=0.02342 Smooth=0.00049] | Val   [Total=0.02303 MSE=0.02102 Smooth=0.00202] *** BEST ***
Epoch 145/600 | λ=1.00e-04 | LR=9.50e-05 | Train [Total=0.02924 MSE=0.02874 Smooth=0.00050] | Val   [Total=0.02090 MSE=0.01882 Smooth=0.00207] *** BEST ***
Epoch 146/600 | λ=1.00e-04 | LR=9.49e-05 | Train [Total=0.01747 MSE=0.01682 Smooth=0.00064] | Val   [Total=0.02103 MSE=0.01906 Smooth=0.00197]
Epoch 147/600 | λ=1.00e-04 | LR=9.48e-05 | Train [Total=0.02528 MSE=0.02477 Smooth=0.00051] | Val   [Total=0.02242 MSE=0.02017 Smooth=0.00225]
Epoch 148/600 | λ=1.00e-04 | LR=9.47e-05 | Train [Total=0.02294 MSE=0.02244 Smooth=0.00050] | Val   [Total=0.01980 MSE=0.01779 Smooth=0.00201] *** BEST ***
Epoch 149/600 | λ=1.00e-04 | LR=9.47e-05 | Train [Total=0.02449 MSE=0.02398 Smooth=0.00052] | Val   [Total=0.02172 MSE=0.01976 Smooth=0.00196]
Epoch 150/600 | λ=1.00e-04 | LR=9.46e-05 | Train [Total=0.02108 MSE=0.02046 Smooth=0.00062] | Val   [Total=0.02076 MSE=0.01883 Smooth=0.00193]
Epoch 151/600 | λ=1.00e-04 | LR=9.45e-05 | Train [Total=0.03147 MSE=0.03094 Smooth=0.00053] | Val   [Total=0.02216 MSE=0.02021 Smooth=0.00195]
Epoch 152/600 | λ=1.00e-04 | LR=9.45e-05 | Train [Total=0.01958 MSE=0.01904 Smooth=0.00054] | Val   [Total=0.01990 MSE=0.01807 Smooth=0.00183]
Epoch 153/600 | λ=1.00e-04 | LR=9.44e-05 | Train [Total=0.02559 MSE=0.02504 Smooth=0.00055] | Val   [Total=0.01918 MSE=0.01738 Smooth=0.00181] *** BEST ***
Epoch 154/600 | λ=1.00e-04 | LR=9.43e-05 | Train [Total=0.02067 MSE=0.02026 Smooth=0.00041] | Val   [Total=0.02060 MSE=0.01876 Smooth=0.00185]
Epoch 155/600 | λ=1.00e-04 | LR=9.42e-05 | Train [Total=0.01794 MSE=0.01749 Smooth=0.00044] | Val   [Total=0.01961 MSE=0.01777 Smooth=0.00184]
Epoch 156/600 | λ=1.00e-04 | LR=9.42e-05 | Train [Total=0.02724 MSE=0.02670 Smooth=0.00054] | Val   [Total=0.01938 MSE=0.01761 Smooth=0.00177]
Epoch 157/600 | λ=1.00e-04 | LR=9.41e-05 | Train [Total=0.03198 MSE=0.03136 Smooth=0.00062] | Val   [Total=0.01830 MSE=0.01654 Smooth=0.00176] *** BEST ***
Epoch 158/600 | λ=1.00e-04 | LR=9.40e-05 | Train [Total=0.02627 MSE=0.02577 Smooth=0.00051] | Val   [Total=0.01844 MSE=0.01667 Smooth=0.00176]
Epoch 159/600 | λ=1.00e-04 | LR=9.40e-05 | Train [Total=0.02083 MSE=0.02044 Smooth=0.00039] | Val   [Total=0.01886 MSE=0.01705 Smooth=0.00180]
Epoch 160/600 | λ=1.00e-04 | LR=9.39e-05 | Train [Total=0.02821 MSE=0.02769 Smooth=0.00051] | Val   [Total=0.01703 MSE=0.01534 Smooth=0.00169] *** BEST ***
Epoch 161/600 | λ=1.00e-04 | LR=9.38e-05 | Train [Total=0.01874 MSE=0.01832 Smooth=0.00042] | Val   [Total=0.01754 MSE=0.01577 Smooth=0.00177]
Epoch 162/600 | λ=1.00e-04 | LR=9.37e-05 | Train [Total=0.03096 MSE=0.03057 Smooth=0.00039] | Val   [Total=0.01625 MSE=0.01456 Smooth=0.00169] *** BEST ***
Epoch 163/600 | λ=1.00e-04 | LR=9.37e-05 | Train [Total=0.02287 MSE=0.02245 Smooth=0.00042] | Val   [Total=0.01913 MSE=0.01749 Smooth=0.00164]
Epoch 164/600 | λ=1.00e-04 | LR=9.36e-05 | Train [Total=0.02345 MSE=0.02304 Smooth=0.00041] | Val   [Total=0.01661 MSE=0.01496 Smooth=0.00165]
Epoch 165/600 | λ=1.00e-04 | LR=9.35e-05 | Train [Total=0.02588 MSE=0.02554 Smooth=0.00034] | Val   [Total=0.01654 MSE=0.01493 Smooth=0.00161]
Epoch 166/600 | λ=1.00e-04 | LR=9.34e-05 | Train [Total=0.02545 MSE=0.02507 Smooth=0.00038] | Val   [Total=0.01568 MSE=0.01407 Smooth=0.00161] *** BEST ***
Epoch 167/600 | λ=1.00e-04 | LR=9.33e-05 | Train [Total=0.01770 MSE=0.01724 Smooth=0.00047] | Val   [Total=0.01706 MSE=0.01525 Smooth=0.00181]
Epoch 168/600 | λ=1.00e-04 | LR=9.33e-05 | Train [Total=0.02623 MSE=0.02590 Smooth=0.00033] | Val   [Total=0.01528 MSE=0.01373 Smooth=0.00155] *** BEST ***
Epoch 169/600 | λ=1.00e-04 | LR=9.32e-05 | Train [Total=0.01874 MSE=0.01833 Smooth=0.00041] | Val   [Total=0.01478 MSE=0.01331 Smooth=0.00147] *** BEST ***
Epoch 170/600 | λ=1.00e-04 | LR=9.31e-05 | Train [Total=0.02103 MSE=0.02061 Smooth=0.00043] | Val   [Total=0.01484 MSE=0.01323 Smooth=0.00161]
Epoch 171/600 | λ=1.00e-04 | LR=9.30e-05 | Train [Total=0.02373 MSE=0.02331 Smooth=0.00042] | Val   [Total=0.01654 MSE=0.01509 Smooth=0.00145]
Epoch 172/600 | λ=1.00e-04 | LR=9.29e-05 | Train [Total=0.03140 MSE=0.03111 Smooth=0.00029] | Val   [Total=0.01526 MSE=0.01381 Smooth=0.00145]
Epoch 173/600 | λ=1.00e-04 | LR=9.29e-05 | Train [Total=0.01647 MSE=0.01606 Smooth=0.00041] | Val   [Total=0.01630 MSE=0.01465 Smooth=0.00165]
Epoch 174/600 | λ=1.00e-04 | LR=9.28e-05 | Train [Total=0.01886 MSE=0.01855 Smooth=0.00032] | Val   [Total=0.01493 MSE=0.01351 Smooth=0.00142]
Epoch 175/600 | λ=1.00e-04 | LR=9.27e-05 | Train [Total=0.02475 MSE=0.02441 Smooth=0.00034] | Val   [Total=0.01350 MSE=0.01214 Smooth=0.00136] *** BEST ***
Epoch 176/600 | λ=1.00e-04 | LR=9.26e-05 | Train [Total=0.01935 MSE=0.01901 Smooth=0.00034] | Val   [Total=0.01609 MSE=0.01473 Smooth=0.00136]
Epoch 177/600 | λ=1.00e-04 | LR=9.25e-05 | Train [Total=0.02243 MSE=0.02210 Smooth=0.00033] | Val   [Total=0.01712 MSE=0.01573 Smooth=0.00139]
Epoch 178/600 | λ=1.00e-04 | LR=9.25e-05 | Train [Total=0.02596 MSE=0.02562 Smooth=0.00034] | Val   [Total=0.01339 MSE=0.01195 Smooth=0.00144] *** BEST ***
Epoch 179/600 | λ=1.00e-04 | LR=9.24e-05 | Train [Total=0.01629 MSE=0.01595 Smooth=0.00034] | Val   [Total=0.01344 MSE=0.01217 Smooth=0.00127]
Epoch 180/600 | λ=1.00e-04 | LR=9.23e-05 | Train [Total=0.02129 MSE=0.02098 Smooth=0.00030] | Val   [Total=0.01200 MSE=0.01075 Smooth=0.00125] *** BEST ***
Epoch 181/600 | λ=1.00e-04 | LR=9.22e-05 | Train [Total=0.01659 MSE=0.01626 Smooth=0.00033] | Val   [Total=0.01333 MSE=0.01196 Smooth=0.00137]
Epoch 182/600 | λ=1.00e-04 | LR=9.21e-05 | Train [Total=0.02245 MSE=0.02207 Smooth=0.00039] | Val   [Total=0.01105 MSE=0.00978 Smooth=0.00128] *** BEST ***
Epoch 183/600 | λ=1.00e-04 | LR=9.20e-05 | Train [Total=0.02268 MSE=0.02231 Smooth=0.00037] | Val   [Total=0.01178 MSE=0.01054 Smooth=0.00123]
Epoch 184/600 | λ=1.00e-04 | LR=9.20e-05 | Train [Total=0.01970 MSE=0.01937 Smooth=0.00033] | Val   [Total=0.01212 MSE=0.01063 Smooth=0.00149]
Epoch 185/600 | λ=1.00e-04 | LR=9.19e-05 | Train [Total=0.01650 MSE=0.01622 Smooth=0.00028] | Val   [Total=0.01316 MSE=0.01196 Smooth=0.00120]
Epoch 186/600 | λ=1.00e-04 | LR=9.18e-05 | Train [Total=0.02311 MSE=0.02285 Smooth=0.00025] | Val   [Total=0.01194 MSE=0.01076 Smooth=0.00118]
Epoch 187/600 | λ=1.00e-04 | LR=9.17e-05 | Train [Total=0.01815 MSE=0.01790 Smooth=0.00025] | Val   [Total=0.01144 MSE=0.01007 Smooth=0.00138]
Epoch 188/600 | λ=1.00e-04 | LR=9.16e-05 | Train [Total=0.02287 MSE=0.02257 Smooth=0.00030] | Val   [Total=0.01149 MSE=0.01031 Smooth=0.00118]
Epoch 189/600 | λ=1.00e-04 | LR=9.15e-05 | Train [Total=0.01895 MSE=0.01857 Smooth=0.00038] | Val   [Total=0.01093 MSE=0.00977 Smooth=0.00117] *** BEST ***
Epoch 190/600 | λ=1.00e-04 | LR=9.14e-05 | Train [Total=0.01794 MSE=0.01764 Smooth=0.00030] | Val   [Total=0.01162 MSE=0.01049 Smooth=0.00113]
Epoch 191/600 | λ=1.00e-04 | LR=9.14e-05 | Train [Total=0.01622 MSE=0.01593 Smooth=0.00029] | Val   [Total=0.01019 MSE=0.00910 Smooth=0.00110] *** BEST ***
Epoch 192/600 | λ=1.00e-04 | LR=9.13e-05 | Train [Total=0.02066 MSE=0.02042 Smooth=0.00025] | Val   [Total=0.01042 MSE=0.00932 Smooth=0.00110]
Epoch 193/600 | λ=1.00e-04 | LR=9.12e-05 | Train [Total=0.01655 MSE=0.01628 Smooth=0.00027] | Val   [Total=0.01074 MSE=0.00959 Smooth=0.00115]
Epoch 194/600 | λ=1.00e-04 | LR=9.11e-05 | Train [Total=0.01529 MSE=0.01505 Smooth=0.00025] | Val   [Total=0.00942 MSE=0.00836 Smooth=0.00105] *** BEST ***
Epoch 195/600 | λ=1.00e-04 | LR=9.10e-05 | Train [Total=0.01565 MSE=0.01538 Smooth=0.00027] | Val   [Total=0.01106 MSE=0.00999 Smooth=0.00106]
Epoch 196/600 | λ=1.00e-04 | LR=9.09e-05 | Train [Total=0.02071 MSE=0.02051 Smooth=0.00021] | Val   [Total=0.00943 MSE=0.00841 Smooth=0.00102]
Epoch 197/600 | λ=1.00e-04 | LR=9.08e-05 | Train [Total=0.02039 MSE=0.02009 Smooth=0.00030] | Val   [Total=0.00961 MSE=0.00858 Smooth=0.00103]
Epoch 198/600 | λ=1.00e-04 | LR=9.07e-05 | Train [Total=0.02105 MSE=0.02086 Smooth=0.00019] | Val   [Total=0.01205 MSE=0.01099 Smooth=0.00106]
Epoch 199/600 | λ=1.00e-04 | LR=9.06e-05 | Train [Total=0.01497 MSE=0.01470 Smooth=0.00027] | Val   [Total=0.00942 MSE=0.00839 Smooth=0.00103]
Epoch 200/600 | λ=1.00e-04 | LR=9.05e-05 | Train [Total=0.02036 MSE=0.02011 Smooth=0.00025] | Val   [Total=0.01476 MSE=0.01357 Smooth=0.00119]
Epoch 201/600 | λ=9.98e-05 | LR=9.05e-05 | Train [Total=0.01557 MSE=0.01531 Smooth=0.00026] | Val   [Total=0.00919 MSE=0.00820 Smooth=0.00099] *** BEST ***
Epoch 202/600 | λ=9.95e-05 | LR=9.04e-05 | Train [Total=0.02364 MSE=0.02335 Smooth=0.00029] | Val   [Total=0.00851 MSE=0.00756 Smooth=0.00095] *** BEST ***
Epoch 203/600 | λ=9.93e-05 | LR=9.03e-05 | Train [Total=0.01967 MSE=0.01939 Smooth=0.00028] | Val   [Total=0.01053 MSE=0.00958 Smooth=0.00095]
Epoch 204/600 | λ=9.90e-05 | LR=9.02e-05 | Train [Total=0.01339 MSE=0.01321 Smooth=0.00018] | Val   [Total=0.00829 MSE=0.00736 Smooth=0.00092] *** BEST ***
Epoch 205/600 | λ=9.88e-05 | LR=9.01e-05 | Train [Total=0.01905 MSE=0.01883 Smooth=0.00021] | Val   [Total=0.00855 MSE=0.00762 Smooth=0.00093]
Epoch 206/600 | λ=9.85e-05 | LR=9.00e-05 | Train [Total=0.02639 MSE=0.02616 Smooth=0.00024] | Val   [Total=0.00865 MSE=0.00770 Smooth=0.00095]
Epoch 207/600 | λ=9.83e-05 | LR=8.99e-05 | Train [Total=0.02072 MSE=0.02051 Smooth=0.00021] | Val   [Total=0.00796 MSE=0.00706 Smooth=0.00090] *** BEST ***
Epoch 208/600 | λ=9.80e-05 | LR=8.98e-05 | Train [Total=0.01899 MSE=0.01876 Smooth=0.00023] | Val   [Total=0.00803 MSE=0.00714 Smooth=0.00089]
Epoch 209/600 | λ=9.78e-05 | LR=8.97e-05 | Train [Total=0.01483 MSE=0.01456 Smooth=0.00027] | Val   [Total=0.00728 MSE=0.00639 Smooth=0.00089] *** BEST ***
Epoch 210/600 | λ=9.75e-05 | LR=8.96e-05 | Train [Total=0.01537 MSE=0.01513 Smooth=0.00025] | Val   [Total=0.00803 MSE=0.00719 Smooth=0.00085]
Epoch 211/600 | λ=9.73e-05 | LR=8.95e-05 | Train [Total=0.01670 MSE=0.01647 Smooth=0.00023] | Val   [Total=0.00700 MSE=0.00619 Smooth=0.00081] *** BEST ***
Epoch 212/600 | λ=9.70e-05 | LR=8.94e-05 | Train [Total=0.01550 MSE=0.01523 Smooth=0.00027] | Val   [Total=0.00735 MSE=0.00654 Smooth=0.00081]
Epoch 213/600 | λ=9.68e-05 | LR=8.93e-05 | Train [Total=0.02321 MSE=0.02294 Smooth=0.00027] | Val   [Total=0.00699 MSE=0.00620 Smooth=0.00079] *** BEST ***
Epoch 214/600 | λ=9.65e-05 | LR=8.92e-05 | Train [Total=0.00997 MSE=0.00981 Smooth=0.00016] | Val   [Total=0.00765 MSE=0.00683 Smooth=0.00081]
Epoch 215/600 | λ=9.63e-05 | LR=8.91e-05 | Train [Total=0.02206 MSE=0.02189 Smooth=0.00017] | Val   [Total=0.00777 MSE=0.00695 Smooth=0.00082]
Epoch 216/600 | λ=9.60e-05 | LR=8.90e-05 | Train [Total=0.02258 MSE=0.02234 Smooth=0.00024] | Val   [Total=0.00765 MSE=0.00688 Smooth=0.00077]
Epoch 217/600 | λ=9.58e-05 | LR=8.89e-05 | Train [Total=0.01811 MSE=0.01790 Smooth=0.00021] | Val   [Total=0.00676 MSE=0.00601 Smooth=0.00075] *** BEST ***
Epoch 218/600 | λ=9.55e-05 | LR=8.88e-05 | Train [Total=0.02870 MSE=0.02851 Smooth=0.00019] | Val   [Total=0.00918 MSE=0.00832 Smooth=0.00086]
Epoch 219/600 | λ=9.53e-05 | LR=8.87e-05 | Train [Total=0.02712 MSE=0.02687 Smooth=0.00024] | Val   [Total=0.00736 MSE=0.00658 Smooth=0.00078]
Epoch 220/600 | λ=9.51e-05 | LR=8.86e-05 | Train [Total=0.01647 MSE=0.01625 Smooth=0.00022] | Val   [Total=0.00602 MSE=0.00532 Smooth=0.00070] *** BEST ***
Epoch 221/600 | λ=9.48e-05 | LR=8.85e-05 | Train [Total=0.01142 MSE=0.01127 Smooth=0.00015] | Val   [Total=0.00651 MSE=0.00582 Smooth=0.00069]
Epoch 222/600 | λ=9.46e-05 | LR=8.84e-05 | Train [Total=0.01891 MSE=0.01872 Smooth=0.00019] | Val   [Total=0.00833 MSE=0.00758 Smooth=0.00075]
Epoch 223/600 | λ=9.43e-05 | LR=8.83e-05 | Train [Total=0.02338 MSE=0.02325 Smooth=0.00013] | Val   [Total=0.00697 MSE=0.00625 Smooth=0.00072]
Epoch 224/600 | λ=9.41e-05 | LR=8.82e-05 | Train [Total=0.01906 MSE=0.01886 Smooth=0.00020] | Val   [Total=0.00607 MSE=0.00541 Smooth=0.00067]
Epoch 225/600 | λ=9.38e-05 | LR=8.81e-05 | Train [Total=0.01790 MSE=0.01772 Smooth=0.00018] | Val   [Total=0.00697 MSE=0.00632 Smooth=0.00065]
Epoch 226/600 | λ=9.36e-05 | LR=8.80e-05 | Train [Total=0.02388 MSE=0.02368 Smooth=0.00020] | Val   [Total=0.01016 MSE=0.00873 Smooth=0.00143]
Epoch 227/600 | λ=9.33e-05 | LR=8.79e-05 | Train [Total=0.01804 MSE=0.01779 Smooth=0.00025] | Val   [Total=0.00659 MSE=0.00588 Smooth=0.00071]
Epoch 228/600 | λ=9.31e-05 | LR=8.78e-05 | Train [Total=0.01714 MSE=0.01694 Smooth=0.00019] | Val   [Total=0.00663 MSE=0.00581 Smooth=0.00082]
Epoch 229/600 | λ=9.28e-05 | LR=8.77e-05 | Train [Total=0.01439 MSE=0.01420 Smooth=0.00019] | Val   [Total=0.00690 MSE=0.00627 Smooth=0.00063]
Epoch 230/600 | λ=9.26e-05 | LR=8.76e-05 | Train [Total=0.01661 MSE=0.01648 Smooth=0.00014] | Val   [Total=0.00624 MSE=0.00556 Smooth=0.00068]
Epoch 231/600 | λ=9.23e-05 | LR=8.75e-05 | Train [Total=0.01881 MSE=0.01869 Smooth=0.00012] | Val   [Total=0.00584 MSE=0.00522 Smooth=0.00062] *** BEST ***
Epoch 232/600 | λ=9.21e-05 | LR=8.74e-05 | Train [Total=0.01596 MSE=0.01577 Smooth=0.00020] | Val   [Total=0.00648 MSE=0.00587 Smooth=0.00061]
Epoch 233/600 | λ=9.18e-05 | LR=8.73e-05 | Train [Total=0.02257 MSE=0.02242 Smooth=0.00016] | Val   [Total=0.00530 MSE=0.00469 Smooth=0.00061] *** BEST ***
Epoch 234/600 | λ=9.16e-05 | LR=8.72e-05 | Train [Total=0.01613 MSE=0.01595 Smooth=0.00019] | Val   [Total=0.00542 MSE=0.00481 Smooth=0.00062]
Epoch 235/600 | λ=9.13e-05 | LR=8.71e-05 | Train [Total=0.01439 MSE=0.01421 Smooth=0.00018] | Val   [Total=0.00648 MSE=0.00586 Smooth=0.00062]
Epoch 236/600 | λ=9.11e-05 | LR=8.70e-05 | Train [Total=0.02346 MSE=0.02331 Smooth=0.00015] | Val   [Total=0.00595 MSE=0.00535 Smooth=0.00060]
Epoch 237/600 | λ=9.08e-05 | LR=8.69e-05 | Train [Total=0.01814 MSE=0.01794 Smooth=0.00020] | Val   [Total=0.00672 MSE=0.00611 Smooth=0.00061]
Epoch 238/600 | λ=9.06e-05 | LR=8.68e-05 | Train [Total=0.01665 MSE=0.01644 Smooth=0.00020] | Val   [Total=0.00553 MSE=0.00497 Smooth=0.00056]
Epoch 239/600 | λ=9.03e-05 | LR=8.67e-05 | Train [Total=0.01412 MSE=0.01396 Smooth=0.00016] | Val   [Total=0.00519 MSE=0.00464 Smooth=0.00055] *** BEST ***
Epoch 240/600 | λ=9.01e-05 | LR=8.66e-05 | Train [Total=0.01232 MSE=0.01215 Smooth=0.00017] | Val   [Total=0.00511 MSE=0.00454 Smooth=0.00057] *** BEST ***
Epoch 241/600 | λ=8.99e-05 | LR=8.65e-05 | Train [Total=0.01380 MSE=0.01365 Smooth=0.00015] | Val   [Total=0.00578 MSE=0.00524 Smooth=0.00054]
Epoch 242/600 | λ=8.96e-05 | LR=8.64e-05 | Train [Total=0.01608 MSE=0.01592 Smooth=0.00015] | Val   [Total=0.00530 MSE=0.00471 Smooth=0.00058]
Epoch 243/600 | λ=8.94e-05 | LR=8.63e-05 | Train [Total=0.01189 MSE=0.01175 Smooth=0.00014] | Val   [Total=0.00548 MSE=0.00493 Smooth=0.00055]
Epoch 244/600 | λ=8.91e-05 | LR=8.62e-05 | Train [Total=0.01770 MSE=0.01756 Smooth=0.00013] | Val   [Total=0.00501 MSE=0.00449 Smooth=0.00052] *** BEST ***
Epoch 245/600 | λ=8.89e-05 | LR=8.60e-05 | Train [Total=0.01648 MSE=0.01636 Smooth=0.00012] | Val   [Total=0.00567 MSE=0.00516 Smooth=0.00052]
Epoch 246/600 | λ=8.86e-05 | LR=8.59e-05 | Train [Total=0.01129 MSE=0.01114 Smooth=0.00016] | Val   [Total=0.00555 MSE=0.00506 Smooth=0.00049]
Epoch 247/600 | λ=8.84e-05 | LR=8.58e-05 | Train [Total=0.00877 MSE=0.00868 Smooth=0.00009] | Val   [Total=0.00505 MSE=0.00456 Smooth=0.00049]
Epoch 248/600 | λ=8.81e-05 | LR=8.57e-05 | Train [Total=0.01804 MSE=0.01789 Smooth=0.00016] | Val   [Total=0.00460 MSE=0.00410 Smooth=0.00049] *** BEST ***
Epoch 249/600 | λ=8.79e-05 | LR=8.56e-05 | Train [Total=0.01282 MSE=0.01270 Smooth=0.00012] | Val   [Total=0.00507 MSE=0.00455 Smooth=0.00052]
Epoch 250/600 | λ=8.76e-05 | LR=8.55e-05 | Train [Total=0.01298 MSE=0.01284 Smooth=0.00013] | Val   [Total=0.00532 MSE=0.00486 Smooth=0.00047]
Epoch 251/600 | λ=8.74e-05 | LR=8.54e-05 | Train [Total=0.01202 MSE=0.01190 Smooth=0.00013] | Val   [Total=0.00787 MSE=0.00738 Smooth=0.00050]
Epoch 252/600 | λ=8.71e-05 | LR=8.53e-05 | Train [Total=0.01789 MSE=0.01777 Smooth=0.00012] | Val   [Total=0.00540 MSE=0.00490 Smooth=0.00051]
Epoch 253/600 | λ=8.69e-05 | LR=8.52e-05 | Train [Total=0.01253 MSE=0.01237 Smooth=0.00016] | Val   [Total=0.00509 MSE=0.00455 Smooth=0.00055]
Epoch 254/600 | λ=8.66e-05 | LR=8.51e-05 | Train [Total=0.01828 MSE=0.01815 Smooth=0.00013] | Val   [Total=0.00553 MSE=0.00505 Smooth=0.00048]
Epoch 255/600 | λ=8.64e-05 | LR=8.49e-05 | Train [Total=0.00867 MSE=0.00853 Smooth=0.00014] | Val   [Total=0.00549 MSE=0.00506 Smooth=0.00043]
Epoch 256/600 | λ=8.61e-05 | LR=8.48e-05 | Train [Total=0.01421 MSE=0.01410 Smooth=0.00010] | Val   [Total=0.00528 MSE=0.00480 Smooth=0.00048]
Epoch 257/600 | λ=8.59e-05 | LR=8.47e-05 | Train [Total=0.02014 MSE=0.02004 Smooth=0.00010] | Val   [Total=0.00779 MSE=0.00726 Smooth=0.00053]
Epoch 258/600 | λ=8.56e-05 | LR=8.46e-05 | Train [Total=0.01275 MSE=0.01259 Smooth=0.00016] | Val   [Total=0.00717 MSE=0.00669 Smooth=0.00047]
Epoch 259/600 | λ=8.54e-05 | LR=8.45e-05 | Train [Total=0.01370 MSE=0.01359 Smooth=0.00011] | Val   [Total=0.00544 MSE=0.00494 Smooth=0.00050]
Epoch 260/600 | λ=8.52e-05 | LR=8.44e-05 | Train [Total=0.01681 MSE=0.01667 Smooth=0.00014] | Val   [Total=0.00541 MSE=0.00497 Smooth=0.00043]
Epoch 261/600 | λ=8.49e-05 | LR=8.43e-05 | Train [Total=0.01727 MSE=0.01718 Smooth=0.00009] | Val   [Total=0.00587 MSE=0.00539 Smooth=0.00048]
Epoch 262/600 | λ=8.47e-05 | LR=8.42e-05 | Train [Total=0.01582 MSE=0.01569 Smooth=0.00013] | Val   [Total=0.00541 MSE=0.00500 Smooth=0.00042]
Epoch 263/600 | λ=8.44e-05 | LR=8.40e-05 | Train [Total=0.01331 MSE=0.01321 Smooth=0.00010] | Val   [Total=0.00527 MSE=0.00486 Smooth=0.00041]
Epoch 264/600 | λ=8.42e-05 | LR=8.39e-05 | Train [Total=0.01772 MSE=0.01760 Smooth=0.00012] | Val   [Total=0.00454 MSE=0.00414 Smooth=0.00040] *** BEST ***
Epoch 265/600 | λ=8.39e-05 | LR=8.38e-05 | Train [Total=0.00973 MSE=0.00962 Smooth=0.00011] | Val   [Total=0.00499 MSE=0.00460 Smooth=0.00039]
Epoch 266/600 | λ=8.37e-05 | LR=8.37e-05 | Train [Total=0.01382 MSE=0.01371 Smooth=0.00012] | Val   [Total=0.00478 MSE=0.00438 Smooth=0.00041]
Epoch 267/600 | λ=8.34e-05 | LR=8.36e-05 | Train [Total=0.01491 MSE=0.01481 Smooth=0.00010] | Val   [Total=0.00541 MSE=0.00499 Smooth=0.00042]
Epoch 268/600 | λ=8.32e-05 | LR=8.35e-05 | Train [Total=0.01122 MSE=0.01112 Smooth=0.00009] | Val   [Total=0.00503 MSE=0.00460 Smooth=0.00044]
Epoch 269/600 | λ=8.29e-05 | LR=8.34e-05 | Train [Total=0.01274 MSE=0.01263 Smooth=0.00011] | Val   [Total=0.00534 MSE=0.00496 Smooth=0.00039]
Epoch 270/600 | λ=8.27e-05 | LR=8.32e-05 | Train [Total=0.01674 MSE=0.01666 Smooth=0.00008] | Val   [Total=0.00479 MSE=0.00441 Smooth=0.00038]
Epoch 271/600 | λ=8.24e-05 | LR=8.31e-05 | Train [Total=0.01124 MSE=0.01114 Smooth=0.00010] | Val   [Total=0.00497 MSE=0.00458 Smooth=0.00039]
Epoch 272/600 | λ=8.22e-05 | LR=8.30e-05 | Train [Total=0.01127 MSE=0.01119 Smooth=0.00008] | Val   [Total=0.00633 MSE=0.00596 Smooth=0.00037]
Epoch 273/600 | λ=8.19e-05 | LR=8.29e-05 | Train [Total=0.01914 MSE=0.01904 Smooth=0.00009] | Val   [Total=0.00563 MSE=0.00520 Smooth=0.00043]
Epoch 274/600 | λ=8.17e-05 | LR=8.28e-05 | Train [Total=0.01353 MSE=0.01342 Smooth=0.00011] | Val   [Total=0.00608 MSE=0.00557 Smooth=0.00051]
Epoch 275/600 | λ=8.14e-05 | LR=8.26e-05 | Train [Total=0.01389 MSE=0.01379 Smooth=0.00010] | Val   [Total=0.00476 MSE=0.00436 Smooth=0.00040]
Epoch 276/600 | λ=8.12e-05 | LR=8.25e-05 | Train [Total=0.01438 MSE=0.01426 Smooth=0.00012] | Val   [Total=0.00484 MSE=0.00441 Smooth=0.00043]
Epoch 277/600 | λ=8.09e-05 | LR=8.24e-05 | Train [Total=0.00993 MSE=0.00983 Smooth=0.00010] | Val   [Total=0.00464 MSE=0.00428 Smooth=0.00036]
Epoch 278/600 | λ=8.07e-05 | LR=8.23e-05 | Train [Total=0.01142 MSE=0.01133 Smooth=0.00009] | Val   [Total=0.00527 MSE=0.00493 Smooth=0.00034]
Epoch 279/600 | λ=8.04e-05 | LR=8.22e-05 | Train [Total=0.01327 MSE=0.01320 Smooth=0.00007] | Val   [Total=0.00561 MSE=0.00527 Smooth=0.00034]
Epoch 280/600 | λ=8.02e-05 | LR=8.21e-05 | Train [Total=0.00987 MSE=0.00976 Smooth=0.00011] | Val   [Total=0.00430 MSE=0.00395 Smooth=0.00035] *** BEST ***
Epoch 281/600 | λ=8.00e-05 | LR=8.19e-05 | Train [Total=0.01758 MSE=0.01747 Smooth=0.00011] | Val   [Total=0.00638 MSE=0.00600 Smooth=0.00037]
Epoch 282/600 | λ=7.97e-05 | LR=8.18e-05 | Train [Total=0.01059 MSE=0.01049 Smooth=0.00010] | Val   [Total=0.00482 MSE=0.00447 Smooth=0.00034]
Epoch 283/600 | λ=7.95e-05 | LR=8.17e-05 | Train [Total=0.01052 MSE=0.01043 Smooth=0.00009] | Val   [Total=0.00494 MSE=0.00458 Smooth=0.00036]
Epoch 284/600 | λ=7.92e-05 | LR=8.16e-05 | Train [Total=0.01435 MSE=0.01424 Smooth=0.00011] | Val   [Total=0.00534 MSE=0.00502 Smooth=0.00032]
Epoch 285/600 | λ=7.90e-05 | LR=8.14e-05 | Train [Total=0.01013 MSE=0.01002 Smooth=0.00011] | Val   [Total=0.00591 MSE=0.00562 Smooth=0.00030]
Epoch 286/600 | λ=7.87e-05 | LR=8.13e-05 | Train [Total=0.00893 MSE=0.00883 Smooth=0.00011] | Val   [Total=0.00855 MSE=0.00820 Smooth=0.00035]
Epoch 287/600 | λ=7.85e-05 | LR=8.12e-05 | Train [Total=0.01373 MSE=0.01363 Smooth=0.00009] | Val   [Total=0.00531 MSE=0.00496 Smooth=0.00035]
Epoch 288/600 | λ=7.82e-05 | LR=8.11e-05 | Train [Total=0.01411 MSE=0.01400 Smooth=0.00011] | Val   [Total=0.00794 MSE=0.00751 Smooth=0.00043]
Epoch 289/600 | λ=7.80e-05 | LR=8.10e-05 | Train [Total=0.00919 MSE=0.00910 Smooth=0.00009] | Val   [Total=0.00551 MSE=0.00513 Smooth=0.00038]
Epoch 290/600 | λ=7.77e-05 | LR=8.08e-05 | Train [Total=0.01333 MSE=0.01325 Smooth=0.00008] | Val   [Total=0.00493 MSE=0.00461 Smooth=0.00032]
Epoch 291/600 | λ=7.75e-05 | LR=8.07e-05 | Train [Total=0.01113 MSE=0.01106 Smooth=0.00007] | Val   [Total=0.00569 MSE=0.00535 Smooth=0.00034]
Epoch 292/600 | λ=7.72e-05 | LR=8.06e-05 | Train [Total=0.00821 MSE=0.00813 Smooth=0.00008] | Val   [Total=0.00539 MSE=0.00507 Smooth=0.00032]
Epoch 293/600 | λ=7.70e-05 | LR=8.05e-05 | Train [Total=0.01573 MSE=0.01565 Smooth=0.00008] | Val   [Total=0.00622 MSE=0.00587 Smooth=0.00035]
Epoch 294/600 | λ=7.67e-05 | LR=8.03e-05 | Train [Total=0.01934 MSE=0.01927 Smooth=0.00008] | Val   [Total=0.00555 MSE=0.00522 Smooth=0.00033]
Epoch 295/600 | λ=7.65e-05 | LR=8.02e-05 | Train [Total=0.01147 MSE=0.01138 Smooth=0.00009] | Val   [Total=0.00538 MSE=0.00509 Smooth=0.00029]
Epoch 296/600 | λ=7.62e-05 | LR=8.01e-05 | Train [Total=0.01013 MSE=0.01005 Smooth=0.00008] | Val   [Total=0.00577 MSE=0.00548 Smooth=0.00029]
Epoch 297/600 | λ=7.60e-05 | LR=8.00e-05 | Train [Total=0.01096 MSE=0.01086 Smooth=0.00009] | Val   [Total=0.00588 MSE=0.00543 Smooth=0.00045]
Epoch 298/600 | λ=7.57e-05 | LR=7.98e-05 | Train [Total=0.01251 MSE=0.01243 Smooth=0.00008] | Val   [Total=0.00573 MSE=0.00540 Smooth=0.00033]
Epoch 299/600 | λ=7.55e-05 | LR=7.97e-05 | Train [Total=0.00827 MSE=0.00818 Smooth=0.00009] | Val   [Total=0.00497 MSE=0.00469 Smooth=0.00028]
Epoch 300/600 | λ=7.52e-05 | LR=7.96e-05 | Train [Total=0.01418 MSE=0.01409 Smooth=0.00009] | Val   [Total=0.00463 MSE=0.00434 Smooth=0.00029]
Epoch 301/600 | λ=7.50e-05 | LR=7.95e-05 | Train [Total=0.01196 MSE=0.01188 Smooth=0.00008] | Val   [Total=0.00489 MSE=0.00456 Smooth=0.00033]
Epoch 302/600 | λ=7.48e-05 | LR=7.93e-05 | Train [Total=0.00620 MSE=0.00610 Smooth=0.00009] | Val   [Total=0.00473 MSE=0.00445 Smooth=0.00028]
Epoch 303/600 | λ=7.45e-05 | LR=7.92e-05 | Train [Total=0.00749 MSE=0.00743 Smooth=0.00006] | Val   [Total=0.00533 MSE=0.00505 Smooth=0.00028]
Epoch 304/600 | λ=7.43e-05 | LR=7.91e-05 | Train [Total=0.00705 MSE=0.00698 Smooth=0.00008] | Val   [Total=0.00465 MSE=0.00437 Smooth=0.00028]
Epoch 305/600 | λ=7.40e-05 | LR=7.90e-05 | Train [Total=0.00480 MSE=0.00474 Smooth=0.00006] | Val   [Total=0.00450 MSE=0.00424 Smooth=0.00027]
Epoch 306/600 | λ=7.38e-05 | LR=7.88e-05 | Train [Total=0.01226 MSE=0.01219 Smooth=0.00008] | Val   [Total=0.00608 MSE=0.00579 Smooth=0.00029]
Epoch 307/600 | λ=7.35e-05 | LR=7.87e-05 | Train [Total=0.01870 MSE=0.01861 Smooth=0.00009] | Val   [Total=0.00574 MSE=0.00546 Smooth=0.00029]
Epoch 308/600 | λ=7.33e-05 | LR=7.86e-05 | Train [Total=0.01449 MSE=0.01440 Smooth=0.00009] | Val   [Total=0.00795 MSE=0.00759 Smooth=0.00036]
Epoch 309/600 | λ=7.30e-05 | LR=7.85e-05 | Train [Total=0.01220 MSE=0.01211 Smooth=0.00009] | Val   [Total=0.00550 MSE=0.00523 Smooth=0.00028]
Epoch 310/600 | λ=7.28e-05 | LR=7.83e-05 | Train [Total=0.01021 MSE=0.01012 Smooth=0.00009] | Val   [Total=0.00505 MSE=0.00477 Smooth=0.00028]
Epoch 311/600 | λ=7.25e-05 | LR=7.82e-05 | Train [Total=0.01442 MSE=0.01436 Smooth=0.00007] | Val   [Total=0.00477 MSE=0.00451 Smooth=0.00026]
Epoch 312/600 | λ=7.23e-05 | LR=7.81e-05 | Train [Total=0.01456 MSE=0.01451 Smooth=0.00005] | Val   [Total=0.00550 MSE=0.00520 Smooth=0.00030]
Epoch 313/600 | λ=7.20e-05 | LR=7.79e-05 | Train [Total=0.01040 MSE=0.01034 Smooth=0.00006] | Val   [Total=0.00632 MSE=0.00605 Smooth=0.00027]
Epoch 314/600 | λ=7.18e-05 | LR=7.78e-05 | Train [Total=0.01149 MSE=0.01142 Smooth=0.00007] | Val   [Total=0.00489 MSE=0.00460 Smooth=0.00030]
Epoch 315/600 | λ=7.15e-05 | LR=7.77e-05 | Train [Total=0.01145 MSE=0.01139 Smooth=0.00006] | Val   [Total=0.00486 MSE=0.00462 Smooth=0.00024]
Epoch 316/600 | λ=7.13e-05 | LR=7.75e-05 | Train [Total=0.00746 MSE=0.00740 Smooth=0.00006] | Val   [Total=0.00577 MSE=0.00552 Smooth=0.00026]
Epoch 317/600 | λ=7.10e-05 | LR=7.74e-05 | Train [Total=0.01439 MSE=0.01430 Smooth=0.00009] | Val   [Total=0.00742 MSE=0.00710 Smooth=0.00032]
Epoch 318/600 | λ=7.08e-05 | LR=7.73e-05 | Train [Total=0.01406 MSE=0.01397 Smooth=0.00009] | Val   [Total=0.01451 MSE=0.01400 Smooth=0.00051]
Epoch 319/600 | λ=7.05e-05 | LR=7.72e-05 | Train [Total=0.01315 MSE=0.01306 Smooth=0.00010] | Val   [Total=0.00605 MSE=0.00567 Smooth=0.00038]
Epoch 320/600 | λ=7.03e-05 | LR=7.70e-05 | Train [Total=0.01519 MSE=0.01512 Smooth=0.00007] | Val   [Total=0.00645 MSE=0.00620 Smooth=0.00024]
Epoch 321/600 | λ=7.01e-05 | LR=7.69e-05 | Train [Total=0.01283 MSE=0.01276 Smooth=0.00006] | Val   [Total=0.00823 MSE=0.00793 Smooth=0.00030]
Epoch 322/600 | λ=6.98e-05 | LR=7.68e-05 | Train [Total=0.01389 MSE=0.01379 Smooth=0.00010] | Val   [Total=0.00575 MSE=0.00544 Smooth=0.00031]
Epoch 323/600 | λ=6.96e-05 | LR=7.66e-05 | Train [Total=0.01578 MSE=0.01570 Smooth=0.00009] | Val   [Total=0.00642 MSE=0.00612 Smooth=0.00029]
Epoch 324/600 | λ=6.93e-05 | LR=7.65e-05 | Train [Total=0.01524 MSE=0.01517 Smooth=0.00007] | Val   [Total=0.00552 MSE=0.00528 Smooth=0.00023]
Epoch 325/600 | λ=6.91e-05 | LR=7.64e-05 | Train [Total=0.01884 MSE=0.01879 Smooth=0.00006] | Val   [Total=0.00860 MSE=0.00836 Smooth=0.00024]
Epoch 326/600 | λ=6.88e-05 | LR=7.62e-05 | Train [Total=0.00952 MSE=0.00945 Smooth=0.00007] | Val   [Total=0.00680 MSE=0.00654 Smooth=0.00026]
Epoch 327/600 | λ=6.86e-05 | LR=7.61e-05 | Train [Total=0.01473 MSE=0.01465 Smooth=0.00008] | Val   [Total=0.00747 MSE=0.00705 Smooth=0.00042]
Epoch 328/600 | λ=6.83e-05 | LR=7.60e-05 | Train [Total=0.00803 MSE=0.00795 Smooth=0.00008] | Val   [Total=0.00666 MSE=0.00638 Smooth=0.00028]
Epoch 329/600 | λ=6.81e-05 | LR=7.58e-05 | Train [Total=0.00735 MSE=0.00729 Smooth=0.00006] | Val   [Total=0.00536 MSE=0.00513 Smooth=0.00024]
Epoch 330/600 | λ=6.78e-05 | LR=7.57e-05 | Train [Total=0.00680 MSE=0.00674 Smooth=0.00006] | Val   [Total=0.00440 MSE=0.00415 Smooth=0.00025]
Epoch 331/600 | λ=6.76e-05 | LR=7.56e-05 | Train [Total=0.00861 MSE=0.00855 Smooth=0.00006] | Val   [Total=0.00538 MSE=0.00515 Smooth=0.00023]
Epoch 332/600 | λ=6.73e-05 | LR=7.54e-05 | Train [Total=0.00684 MSE=0.00677 Smooth=0.00007] | Val   [Total=0.00702 MSE=0.00678 Smooth=0.00024]
Epoch 333/600 | λ=6.71e-05 | LR=7.53e-05 | Train [Total=0.01023 MSE=0.01017 Smooth=0.00006] | Val   [Total=0.00761 MSE=0.00737 Smooth=0.00024]
Epoch 334/600 | λ=6.68e-05 | LR=7.52e-05 | Train [Total=0.00788 MSE=0.00781 Smooth=0.00007] | Val   [Total=0.00702 MSE=0.00678 Smooth=0.00024]
Epoch 335/600 | λ=6.66e-05 | LR=7.50e-05 | Train [Total=0.00772 MSE=0.00763 Smooth=0.00009] | Val   [Total=0.00516 MSE=0.00493 Smooth=0.00022]
Epoch 336/600 | λ=6.63e-05 | LR=7.49e-05 | Train [Total=0.01147 MSE=0.01141 Smooth=0.00005] | Val   [Total=0.00518 MSE=0.00493 Smooth=0.00025]
Epoch 337/600 | λ=6.61e-05 | LR=7.48e-05 | Train [Total=0.01064 MSE=0.01059 Smooth=0.00006] | Val   [Total=0.00571 MSE=0.00547 Smooth=0.00024]
Epoch 338/600 | λ=6.58e-05 | LR=7.46e-05 | Train [Total=0.01141 MSE=0.01134 Smooth=0.00007] | Val   [Total=0.00577 MSE=0.00554 Smooth=0.00022]
Epoch 339/600 | λ=6.56e-05 | LR=7.45e-05 | Train [Total=0.01444 MSE=0.01436 Smooth=0.00008] | Val   [Total=0.01018 MSE=0.00992 Smooth=0.00026]
Epoch 340/600 | λ=6.54e-05 | LR=7.43e-05 | Train [Total=0.00795 MSE=0.00789 Smooth=0.00006] | Val   [Total=0.00495 MSE=0.00473 Smooth=0.00022]
Epoch 341/600 | λ=6.51e-05 | LR=7.42e-05 | Train [Total=0.01258 MSE=0.01252 Smooth=0.00006] | Val   [Total=0.00768 MSE=0.00743 Smooth=0.00024]
Epoch 342/600 | λ=6.49e-05 | LR=7.41e-05 | Train [Total=0.00518 MSE=0.00511 Smooth=0.00008] | Val   [Total=0.00487 MSE=0.00465 Smooth=0.00022]
Epoch 343/600 | λ=6.46e-05 | LR=7.39e-05 | Train [Total=0.00896 MSE=0.00890 Smooth=0.00006] | Val   [Total=0.00586 MSE=0.00566 Smooth=0.00020]
Epoch 344/600 | λ=6.44e-05 | LR=7.38e-05 | Train [Total=0.01044 MSE=0.01037 Smooth=0.00007] | Val   [Total=0.00590 MSE=0.00569 Smooth=0.00020]
Epoch 345/600 | λ=6.41e-05 | LR=7.37e-05 | Train [Total=0.01354 MSE=0.01347 Smooth=0.00007] | Val   [Total=0.00597 MSE=0.00575 Smooth=0.00021]
Epoch 346/600 | λ=6.39e-05 | LR=7.35e-05 | Train [Total=0.00674 MSE=0.00669 Smooth=0.00005] | Val   [Total=0.00762 MSE=0.00736 Smooth=0.00026]
Epoch 347/600 | λ=6.36e-05 | LR=7.34e-05 | Train [Total=0.01011 MSE=0.01006 Smooth=0.00006] | Val   [Total=0.00566 MSE=0.00546 Smooth=0.00021]
Epoch 348/600 | λ=6.34e-05 | LR=7.32e-05 | Train [Total=0.01155 MSE=0.01150 Smooth=0.00006] | Val   [Total=0.00612 MSE=0.00591 Smooth=0.00021]
Epoch 349/600 | λ=6.31e-05 | LR=7.31e-05 | Train [Total=0.00559 MSE=0.00553 Smooth=0.00006] | Val   [Total=0.00599 MSE=0.00576 Smooth=0.00023]
Epoch 350/600 | λ=6.29e-05 | LR=7.30e-05 | Train [Total=0.01156 MSE=0.01151 Smooth=0.00006] | Val   [Total=0.00641 MSE=0.00620 Smooth=0.00021]
Epoch 351/600 | λ=6.26e-05 | LR=7.28e-05 | Train [Total=0.01352 MSE=0.01345 Smooth=0.00007] | Val   [Total=0.00577 MSE=0.00556 Smooth=0.00021]
Epoch 352/600 | λ=6.24e-05 | LR=7.27e-05 | Train [Total=0.01269 MSE=0.01264 Smooth=0.00005] | Val   [Total=0.00983 MSE=0.00957 Smooth=0.00026]
Epoch 353/600 | λ=6.21e-05 | LR=7.26e-05 | Train [Total=0.00887 MSE=0.00881 Smooth=0.00006] | Val   [Total=0.00699 MSE=0.00679 Smooth=0.00020]
Epoch 354/600 | λ=6.19e-05 | LR=7.24e-05 | Train [Total=0.01204 MSE=0.01199 Smooth=0.00005] | Val   [Total=0.00928 MSE=0.00908 Smooth=0.00020]
Epoch 355/600 | λ=6.16e-05 | LR=7.23e-05 | Train [Total=0.01126 MSE=0.01121 Smooth=0.00005] | Val   [Total=0.00617 MSE=0.00597 Smooth=0.00020]
Epoch 356/600 | λ=6.14e-05 | LR=7.21e-05 | Train [Total=0.00586 MSE=0.00581 Smooth=0.00006] | Val   [Total=0.00637 MSE=0.00619 Smooth=0.00018]
Epoch 357/600 | λ=6.11e-05 | LR=7.20e-05 | Train [Total=0.01052 MSE=0.01048 Smooth=0.00004] | Val   [Total=0.00613 MSE=0.00593 Smooth=0.00020]
Epoch 358/600 | λ=6.09e-05 | LR=7.19e-05 | Train [Total=0.01082 MSE=0.01076 Smooth=0.00006] | Val   [Total=0.00624 MSE=0.00603 Smooth=0.00021]
Epoch 359/600 | λ=6.06e-05 | LR=7.17e-05 | Train [Total=0.00644 MSE=0.00637 Smooth=0.00007] | Val   [Total=0.00623 MSE=0.00605 Smooth=0.00018]
Epoch 360/600 | λ=6.04e-05 | LR=7.16e-05 | Train [Total=0.01031 MSE=0.01026 Smooth=0.00005] | Val   [Total=0.00722 MSE=0.00703 Smooth=0.00018]
Epoch 361/600 | λ=6.02e-05 | LR=7.14e-05 | Train [Total=0.01127 MSE=0.01121 Smooth=0.00006] | Val   [Total=0.00568 MSE=0.00546 Smooth=0.00022]
Epoch 362/600 | λ=5.99e-05 | LR=7.13e-05 | Train [Total=0.01087 MSE=0.01082 Smooth=0.00005] | Val   [Total=0.00598 MSE=0.00577 Smooth=0.00020]
Epoch 363/600 | λ=5.97e-05 | LR=7.12e-05 | Train [Total=0.01218 MSE=0.01214 Smooth=0.00004] | Val   [Total=0.00543 MSE=0.00524 Smooth=0.00018]
Epoch 364/600 | λ=5.94e-05 | LR=7.10e-05 | Train [Total=0.00914 MSE=0.00909 Smooth=0.00005] | Val   [Total=0.00757 MSE=0.00739 Smooth=0.00018]
Epoch 365/600 | λ=5.92e-05 | LR=7.09e-05 | Train [Total=0.00826 MSE=0.00822 Smooth=0.00004] | Val   [Total=0.00612 MSE=0.00593 Smooth=0.00019]
Epoch 366/600 | λ=5.89e-05 | LR=7.07e-05 | Train [Total=0.00750 MSE=0.00746 Smooth=0.00005] | Val   [Total=0.00558 MSE=0.00541 Smooth=0.00017]
Epoch 367/600 | λ=5.87e-05 | LR=7.06e-05 | Train [Total=0.00800 MSE=0.00795 Smooth=0.00005] | Val   [Total=0.00700 MSE=0.00683 Smooth=0.00017]
Epoch 368/600 | λ=5.84e-05 | LR=7.04e-05 | Train [Total=0.00840 MSE=0.00835 Smooth=0.00005] | Val   [Total=0.00741 MSE=0.00723 Smooth=0.00018]
Epoch 369/600 | λ=5.82e-05 | LR=7.03e-05 | Train [Total=0.00752 MSE=0.00748 Smooth=0.00004] | Val   [Total=0.00543 MSE=0.00525 Smooth=0.00018]
Epoch 370/600 | λ=5.79e-05 | LR=7.02e-05 | Train [Total=0.00659 MSE=0.00653 Smooth=0.00006] | Val   [Total=0.00574 MSE=0.00556 Smooth=0.00019]
Epoch 371/600 | λ=5.77e-05 | LR=7.00e-05 | Train [Total=0.00858 MSE=0.00853 Smooth=0.00004] | Val   [Total=0.00526 MSE=0.00508 Smooth=0.00018]
Epoch 372/600 | λ=5.74e-05 | LR=6.99e-05 | Train [Total=0.00646 MSE=0.00641 Smooth=0.00004] | Val   [Total=0.00737 MSE=0.00714 Smooth=0.00023]
Epoch 373/600 | λ=5.72e-05 | LR=6.97e-05 | Train [Total=0.00958 MSE=0.00952 Smooth=0.00006] | Val   [Total=0.00631 MSE=0.00604 Smooth=0.00026]
Epoch 374/600 | λ=5.69e-05 | LR=6.96e-05 | Train [Total=0.00914 MSE=0.00909 Smooth=0.00005] | Val   [Total=0.00551 MSE=0.00534 Smooth=0.00017]
Epoch 375/600 | λ=5.67e-05 | LR=6.94e-05 | Train [Total=0.01333 MSE=0.01329 Smooth=0.00005] | Val   [Total=0.00663 MSE=0.00646 Smooth=0.00016]
Epoch 376/600 | λ=5.64e-05 | LR=6.93e-05 | Train [Total=0.01003 MSE=0.00999 Smooth=0.00004] | Val   [Total=0.00693 MSE=0.00672 Smooth=0.00021]
Epoch 377/600 | λ=5.62e-05 | LR=6.92e-05 | Train [Total=0.00671 MSE=0.00665 Smooth=0.00005] | Val   [Total=0.00714 MSE=0.00697 Smooth=0.00017]
Epoch 378/600 | λ=5.59e-05 | LR=6.90e-05 | Train [Total=0.01274 MSE=0.01267 Smooth=0.00006] | Val   [Total=0.00712 MSE=0.00694 Smooth=0.00018]
Epoch 379/600 | λ=5.57e-05 | LR=6.89e-05 | Train [Total=0.00916 MSE=0.00912 Smooth=0.00004] | Val   [Total=0.00556 MSE=0.00539 Smooth=0.00017]
Epoch 380/600 | λ=5.54e-05 | LR=6.87e-05 | Train [Total=0.01016 MSE=0.01012 Smooth=0.00004] | Val   [Total=0.00595 MSE=0.00577 Smooth=0.00017]
Epoch 381/600 | λ=5.52e-05 | LR=6.86e-05 | Train [Total=0.01097 MSE=0.01092 Smooth=0.00005] | Val   [Total=0.00472 MSE=0.00454 Smooth=0.00018]
Epoch 382/600 | λ=5.50e-05 | LR=6.84e-05 | Train [Total=0.00396 MSE=0.00392 Smooth=0.00004] | Val   [Total=0.00464 MSE=0.00447 Smooth=0.00017]
Epoch 383/600 | λ=5.47e-05 | LR=6.83e-05 | Train [Total=0.00957 MSE=0.00953 Smooth=0.00004] | Val   [Total=0.00536 MSE=0.00521 Smooth=0.00015]
Epoch 384/600 | λ=5.45e-05 | LR=6.81e-05 | Train [Total=0.01039 MSE=0.01035 Smooth=0.00005] | Val   [Total=0.00579 MSE=0.00561 Smooth=0.00019]
Epoch 385/600 | λ=5.42e-05 | LR=6.80e-05 | Train [Total=0.01107 MSE=0.01103 Smooth=0.00005] | Val   [Total=0.00666 MSE=0.00651 Smooth=0.00016]
Epoch 386/600 | λ=5.40e-05 | LR=6.79e-05 | Train [Total=0.00768 MSE=0.00765 Smooth=0.00004] | Val   [Total=0.00783 MSE=0.00764 Smooth=0.00019]
Epoch 387/600 | λ=5.37e-05 | LR=6.77e-05 | Train [Total=0.00592 MSE=0.00588 Smooth=0.00005] | Val   [Total=0.00479 MSE=0.00463 Smooth=0.00016]
Epoch 388/600 | λ=5.35e-05 | LR=6.76e-05 | Train [Total=0.00795 MSE=0.00791 Smooth=0.00004] | Val   [Total=0.00608 MSE=0.00592 Smooth=0.00016]
Epoch 389/600 | λ=5.32e-05 | LR=6.74e-05 | Train [Total=0.00779 MSE=0.00774 Smooth=0.00004] | Val   [Total=0.00510 MSE=0.00495 Smooth=0.00016]
Epoch 390/600 | λ=5.30e-05 | LR=6.73e-05 | Train [Total=0.00702 MSE=0.00698 Smooth=0.00004] | Val   [Total=0.00556 MSE=0.00541 Smooth=0.00015]
Epoch 391/600 | λ=5.27e-05 | LR=6.71e-05 | Train [Total=0.00892 MSE=0.00887 Smooth=0.00005] | Val   [Total=0.00501 MSE=0.00487 Smooth=0.00015]
Epoch 392/600 | λ=5.25e-05 | LR=6.70e-05 | Train [Total=0.01285 MSE=0.01281 Smooth=0.00004] | Val   [Total=0.00656 MSE=0.00641 Smooth=0.00015]
Epoch 393/600 | λ=5.22e-05 | LR=6.68e-05 | Train [Total=0.00958 MSE=0.00954 Smooth=0.00005] | Val   [Total=0.00572 MSE=0.00555 Smooth=0.00017]
Epoch 394/600 | λ=5.20e-05 | LR=6.67e-05 | Train [Total=0.00650 MSE=0.00646 Smooth=0.00004] | Val   [Total=0.00486 MSE=0.00471 Smooth=0.00014]
Epoch 395/600 | λ=5.17e-05 | LR=6.65e-05 | Train [Total=0.00751 MSE=0.00747 Smooth=0.00004] | Val   [Total=0.00588 MSE=0.00572 Smooth=0.00016]
Epoch 396/600 | λ=5.15e-05 | LR=6.64e-05 | Train [Total=0.00802 MSE=0.00799 Smooth=0.00003] | Val   [Total=0.00571 MSE=0.00558 Smooth=0.00014]
Epoch 397/600 | λ=5.12e-05 | LR=6.62e-05 | Train [Total=0.00909 MSE=0.00905 Smooth=0.00004] | Val   [Total=0.00709 MSE=0.00694 Smooth=0.00016]
Epoch 398/600 | λ=5.10e-05 | LR=6.61e-05 | Train [Total=0.00963 MSE=0.00958 Smooth=0.00004] | Val   [Total=0.00601 MSE=0.00586 Smooth=0.00014]
Epoch 399/600 | λ=5.07e-05 | LR=6.59e-05 | Train [Total=0.01256 MSE=0.01251 Smooth=0.00005] | Val   [Total=0.00799 MSE=0.00786 Smooth=0.00013]
Epoch 400/600 | λ=5.05e-05 | LR=6.58e-05 | Train [Total=0.01140 MSE=0.01136 Smooth=0.00004] | Val   [Total=0.00591 MSE=0.00577 Smooth=0.00014]
Epoch 401/600 | λ=5.03e-05 | LR=6.56e-05 | Train [Total=0.00593 MSE=0.00589 Smooth=0.00004] | Val   [Total=0.00533 MSE=0.00518 Smooth=0.00014]
Epoch 402/600 | λ=5.00e-05 | LR=6.55e-05 | Train [Total=0.00612 MSE=0.00607 Smooth=0.00004] | Val   [Total=0.00544 MSE=0.00528 Smooth=0.00016]
Epoch 403/600 | λ=4.98e-05 | LR=6.54e-05 | Train [Total=0.00644 MSE=0.00640 Smooth=0.00004] | Val   [Total=0.00515 MSE=0.00502 Smooth=0.00014]
Epoch 404/600 | λ=4.95e-05 | LR=6.52e-05 | Train [Total=0.00584 MSE=0.00580 Smooth=0.00004] | Val   [Total=0.00418 MSE=0.00402 Smooth=0.00017] *** BEST ***
Epoch 405/600 | λ=4.93e-05 | LR=6.51e-05 | Train [Total=0.00337 MSE=0.00333 Smooth=0.00003] | Val   [Total=0.00573 MSE=0.00556 Smooth=0.00017]
Epoch 406/600 | λ=4.90e-05 | LR=6.49e-05 | Train [Total=0.00995 MSE=0.00991 Smooth=0.00005] | Val   [Total=0.00601 MSE=0.00584 Smooth=0.00016]
Epoch 407/600 | λ=4.88e-05 | LR=6.48e-05 | Train [Total=0.00946 MSE=0.00942 Smooth=0.00004] | Val   [Total=0.00697 MSE=0.00683 Smooth=0.00014]
Epoch 408/600 | λ=4.85e-05 | LR=6.46e-05 | Train [Total=0.00807 MSE=0.00802 Smooth=0.00004] | Val   [Total=0.00557 MSE=0.00544 Smooth=0.00013]
Epoch 409/600 | λ=4.83e-05 | LR=6.45e-05 | Train [Total=0.00728 MSE=0.00724 Smooth=0.00004] | Val   [Total=0.00706 MSE=0.00692 Smooth=0.00013]
Epoch 410/600 | λ=4.80e-05 | LR=6.43e-05 | Train [Total=0.01200 MSE=0.01196 Smooth=0.00003] | Val   [Total=0.00722 MSE=0.00700 Smooth=0.00022]
Epoch 411/600 | λ=4.78e-05 | LR=6.42e-05 | Train [Total=0.01031 MSE=0.01027 Smooth=0.00005] | Val   [Total=0.00583 MSE=0.00565 Smooth=0.00018]
Epoch 412/600 | λ=4.75e-05 | LR=6.40e-05 | Train [Total=0.00757 MSE=0.00753 Smooth=0.00004] | Val   [Total=0.00738 MSE=0.00723 Smooth=0.00015]
Epoch 413/600 | λ=4.73e-05 | LR=6.39e-05 | Train [Total=0.00818 MSE=0.00814 Smooth=0.00003] | Val   [Total=0.00498 MSE=0.00480 Smooth=0.00018]
Epoch 414/600 | λ=4.70e-05 | LR=6.37e-05 | Train [Total=0.01231 MSE=0.01227 Smooth=0.00004] | Val   [Total=0.00499 MSE=0.00483 Smooth=0.00016]
Epoch 415/600 | λ=4.68e-05 | LR=6.36e-05 | Train [Total=0.00976 MSE=0.00972 Smooth=0.00004] | Val   [Total=0.00653 MSE=0.00636 Smooth=0.00017]
Epoch 416/600 | λ=4.65e-05 | LR=6.34e-05 | Train [Total=0.00625 MSE=0.00622 Smooth=0.00003] | Val   [Total=0.00507 MSE=0.00494 Smooth=0.00013]
Epoch 417/600 | λ=4.63e-05 | LR=6.33e-05 | Train [Total=0.00675 MSE=0.00671 Smooth=0.00003] | Val   [Total=0.00449 MSE=0.00436 Smooth=0.00013]
Epoch 418/600 | λ=4.60e-05 | LR=6.31e-05 | Train [Total=0.00588 MSE=0.00585 Smooth=0.00003] | Val   [Total=0.00667 MSE=0.00655 Smooth=0.00012]
Epoch 419/600 | λ=4.58e-05 | LR=6.30e-05 | Train [Total=0.01253 MSE=0.01249 Smooth=0.00004] | Val   [Total=0.00561 MSE=0.00549 Smooth=0.00012]
Epoch 420/600 | λ=4.56e-05 | LR=6.28e-05 | Train [Total=0.00977 MSE=0.00973 Smooth=0.00004] | Val   [Total=0.00553 MSE=0.00541 Smooth=0.00012]
Epoch 421/600 | λ=4.53e-05 | LR=6.27e-05 | Train [Total=0.01116 MSE=0.01114 Smooth=0.00003] | Val   [Total=0.00514 MSE=0.00502 Smooth=0.00012]
Epoch 422/600 | λ=4.51e-05 | LR=6.25e-05 | Train [Total=0.00503 MSE=0.00501 Smooth=0.00003] | Val   [Total=0.00682 MSE=0.00669 Smooth=0.00013]
Epoch 423/600 | λ=4.48e-05 | LR=6.24e-05 | Train [Total=0.00791 MSE=0.00787 Smooth=0.00004] | Val   [Total=0.00524 MSE=0.00511 Smooth=0.00012]
Epoch 424/600 | λ=4.46e-05 | LR=6.22e-05 | Train [Total=0.00463 MSE=0.00460 Smooth=0.00004] | Val   [Total=0.00452 MSE=0.00440 Smooth=0.00013]
Epoch 425/600 | λ=4.43e-05 | LR=6.21e-05 | Train [Total=0.00893 MSE=0.00890 Smooth=0.00003] | Val   [Total=0.00506 MSE=0.00494 Smooth=0.00012]
Epoch 426/600 | λ=4.41e-05 | LR=6.19e-05 | Train [Total=0.00564 MSE=0.00560 Smooth=0.00004] | Val   [Total=0.00535 MSE=0.00523 Smooth=0.00011]
Epoch 427/600 | λ=4.38e-05 | LR=6.18e-05 | Train [Total=0.00634 MSE=0.00630 Smooth=0.00004] | Val   [Total=0.00574 MSE=0.00559 Smooth=0.00014]
Epoch 428/600 | λ=4.36e-05 | LR=6.16e-05 | Train [Total=0.00512 MSE=0.00508 Smooth=0.00003] | Val   [Total=0.00524 MSE=0.00513 Smooth=0.00011]
Epoch 429/600 | λ=4.33e-05 | LR=6.14e-05 | Train [Total=0.00567 MSE=0.00564 Smooth=0.00003] | Val   [Total=0.00684 MSE=0.00672 Smooth=0.00012]
Epoch 430/600 | λ=4.31e-05 | LR=6.13e-05 | Train [Total=0.00721 MSE=0.00719 Smooth=0.00003] | Val   [Total=0.00435 MSE=0.00424 Smooth=0.00011]
Epoch 431/600 | λ=4.28e-05 | LR=6.11e-05 | Train [Total=0.00957 MSE=0.00954 Smooth=0.00003] | Val   [Total=0.00518 MSE=0.00506 Smooth=0.00012]
Epoch 432/600 | λ=4.26e-05 | LR=6.10e-05 | Train [Total=0.00750 MSE=0.00746 Smooth=0.00003] | Val   [Total=0.00501 MSE=0.00490 Smooth=0.00012]
Epoch 433/600 | λ=4.23e-05 | LR=6.08e-05 | Train [Total=0.01109 MSE=0.01106 Smooth=0.00003] | Val   [Total=0.00485 MSE=0.00474 Smooth=0.00011]
Epoch 434/600 | λ=4.21e-05 | LR=6.07e-05 | Train [Total=0.00891 MSE=0.00888 Smooth=0.00003] | Val   [Total=0.00414 MSE=0.00404 Smooth=0.00010] *** BEST ***
Epoch 435/600 | λ=4.18e-05 | LR=6.05e-05 | Train [Total=0.00937 MSE=0.00934 Smooth=0.00003] | Val   [Total=0.00678 MSE=0.00664 Smooth=0.00014]
Epoch 436/600 | λ=4.16e-05 | LR=6.04e-05 | Train [Total=0.01193 MSE=0.01190 Smooth=0.00003] | Val   [Total=0.00453 MSE=0.00442 Smooth=0.00011]
Epoch 437/600 | λ=4.13e-05 | LR=6.02e-05 | Train [Total=0.00654 MSE=0.00650 Smooth=0.00004] | Val   [Total=0.00606 MSE=0.00596 Smooth=0.00011]
Epoch 438/600 | λ=4.11e-05 | LR=6.01e-05 | Train [Total=0.00663 MSE=0.00660 Smooth=0.00003] | Val   [Total=0.00453 MSE=0.00439 Smooth=0.00015]
Epoch 439/600 | λ=4.08e-05 | LR=5.99e-05 | Train [Total=0.00898 MSE=0.00895 Smooth=0.00003] | Val   [Total=0.00491 MSE=0.00480 Smooth=0.00012]
Epoch 440/600 | λ=4.06e-05 | LR=5.98e-05 | Train [Total=0.00742 MSE=0.00739 Smooth=0.00003] | Val   [Total=0.00548 MSE=0.00536 Smooth=0.00012]
Epoch 441/600 | λ=4.04e-05 | LR=5.96e-05 | Train [Total=0.00757 MSE=0.00754 Smooth=0.00003] | Val   [Total=0.00502 MSE=0.00491 Smooth=0.00012]
Epoch 442/600 | λ=4.01e-05 | LR=5.95e-05 | Train [Total=0.00629 MSE=0.00626 Smooth=0.00003] | Val   [Total=0.00541 MSE=0.00531 Smooth=0.00010]
Epoch 443/600 | λ=3.99e-05 | LR=5.93e-05 | Train [Total=0.00685 MSE=0.00682 Smooth=0.00003] | Val   [Total=0.00634 MSE=0.00621 Smooth=0.00013]
Epoch 444/600 | λ=3.96e-05 | LR=5.92e-05 | Train [Total=0.00941 MSE=0.00938 Smooth=0.00003] | Val   [Total=0.00507 MSE=0.00495 Smooth=0.00012]
Epoch 445/600 | λ=3.94e-05 | LR=5.90e-05 | Train [Total=0.00747 MSE=0.00743 Smooth=0.00004] | Val   [Total=0.00612 MSE=0.00601 Smooth=0.00011]
Epoch 446/600 | λ=3.91e-05 | LR=5.89e-05 | Train [Total=0.01337 MSE=0.01334 Smooth=0.00003] | Val   [Total=0.00430 MSE=0.00417 Smooth=0.00013]
Epoch 447/600 | λ=3.89e-05 | LR=5.87e-05 | Train [Total=0.00825 MSE=0.00823 Smooth=0.00003] | Val   [Total=0.00524 MSE=0.00512 Smooth=0.00012]
Epoch 448/600 | λ=3.86e-05 | LR=5.86e-05 | Train [Total=0.01586 MSE=0.01583 Smooth=0.00003] | Val   [Total=0.00644 MSE=0.00633 Smooth=0.00011]
Epoch 449/600 | λ=3.84e-05 | LR=5.84e-05 | Train [Total=0.01155 MSE=0.01152 Smooth=0.00002] | Val   [Total=0.00532 MSE=0.00519 Smooth=0.00013]
Epoch 450/600 | λ=3.81e-05 | LR=5.82e-05 | Train [Total=0.00634 MSE=0.00631 Smooth=0.00003] | Val   [Total=0.00543 MSE=0.00534 Smooth=0.00009]
Epoch 451/600 | λ=3.79e-05 | LR=5.81e-05 | Train [Total=0.00785 MSE=0.00783 Smooth=0.00003] | Val   [Total=0.00681 MSE=0.00670 Smooth=0.00010]
Epoch 452/600 | λ=3.76e-05 | LR=5.79e-05 | Train [Total=0.00707 MSE=0.00704 Smooth=0.00002] | Val   [Total=0.00528 MSE=0.00518 Smooth=0.00010]
Epoch 453/600 | λ=3.74e-05 | LR=5.78e-05 | Train [Total=0.00976 MSE=0.00974 Smooth=0.00002] | Val   [Total=0.00711 MSE=0.00699 Smooth=0.00012]
Epoch 454/600 | λ=3.71e-05 | LR=5.76e-05 | Train [Total=0.01087 MSE=0.01084 Smooth=0.00003] | Val   [Total=0.00607 MSE=0.00596 Smooth=0.00010]
Epoch 455/600 | λ=3.69e-05 | LR=5.75e-05 | Train [Total=0.01007 MSE=0.01005 Smooth=0.00003] | Val   [Total=0.00472 MSE=0.00461 Smooth=0.00011]
Epoch 456/600 | λ=3.66e-05 | LR=5.73e-05 | Train [Total=0.00663 MSE=0.00661 Smooth=0.00003] | Val   [Total=0.00620 MSE=0.00611 Smooth=0.00009]
Epoch 457/600 | λ=3.64e-05 | LR=5.72e-05 | Train [Total=0.00954 MSE=0.00951 Smooth=0.00003] | Val   [Total=0.00648 MSE=0.00639 Smooth=0.00009]
Epoch 458/600 | λ=3.61e-05 | LR=5.70e-05 | Train [Total=0.00927 MSE=0.00924 Smooth=0.00002] | Val   [Total=0.00704 MSE=0.00695 Smooth=0.00009]
Epoch 459/600 | λ=3.59e-05 | LR=5.69e-05 | Train [Total=0.01047 MSE=0.01044 Smooth=0.00003] | Val   [Total=0.00640 MSE=0.00630 Smooth=0.00010]
Epoch 460/600 | λ=3.56e-05 | LR=5.67e-05 | Train [Total=0.01051 MSE=0.01049 Smooth=0.00002] | Val   [Total=0.00565 MSE=0.00555 Smooth=0.00010]
Epoch 461/600 | λ=3.54e-05 | LR=5.65e-05 | Train [Total=0.00760 MSE=0.00758 Smooth=0.00002] | Val   [Total=0.00689 MSE=0.00680 Smooth=0.00009]
Epoch 462/600 | λ=3.52e-05 | LR=5.64e-05 | Train [Total=0.00886 MSE=0.00884 Smooth=0.00002] | Val   [Total=0.00517 MSE=0.00509 Smooth=0.00009]
Epoch 463/600 | λ=3.49e-05 | LR=5.62e-05 | Train [Total=0.00742 MSE=0.00739 Smooth=0.00003] | Val   [Total=0.00529 MSE=0.00520 Smooth=0.00009]
Epoch 464/600 | λ=3.47e-05 | LR=5.61e-05 | Train [Total=0.00892 MSE=0.00889 Smooth=0.00003] | Val   [Total=0.00453 MSE=0.00444 Smooth=0.00010]
Epoch 465/600 | λ=3.44e-05 | LR=5.59e-05 | Train [Total=0.00950 MSE=0.00948 Smooth=0.00002] | Val   [Total=0.00448 MSE=0.00439 Smooth=0.00009]
Epoch 466/600 | λ=3.42e-05 | LR=5.58e-05 | Train [Total=0.00696 MSE=0.00694 Smooth=0.00002] | Val   [Total=0.00487 MSE=0.00477 Smooth=0.00010]
Epoch 467/600 | λ=3.39e-05 | LR=5.56e-05 | Train [Total=0.00956 MSE=0.00953 Smooth=0.00002] | Val   [Total=0.00460 MSE=0.00452 Smooth=0.00008]
Epoch 468/600 | λ=3.37e-05 | LR=5.55e-05 | Train [Total=0.00348 MSE=0.00345 Smooth=0.00003] | Val   [Total=0.00591 MSE=0.00582 Smooth=0.00009]
Epoch 469/600 | λ=3.34e-05 | LR=5.53e-05 | Train [Total=0.00885 MSE=0.00883 Smooth=0.00002] | Val   [Total=0.00477 MSE=0.00467 Smooth=0.00010]
Epoch 470/600 | λ=3.32e-05 | LR=5.52e-05 | Train [Total=0.01382 MSE=0.01380 Smooth=0.00002] | Val   [Total=0.00669 MSE=0.00661 Smooth=0.00008]
Epoch 471/600 | λ=3.29e-05 | LR=5.50e-05 | Train [Total=0.00638 MSE=0.00636 Smooth=0.00003] | Val   [Total=0.00426 MSE=0.00418 Smooth=0.00008]
Epoch 472/600 | λ=3.27e-05 | LR=5.48e-05 | Train [Total=0.00558 MSE=0.00555 Smooth=0.00002] | Val   [Total=0.00483 MSE=0.00475 Smooth=0.00008]
Epoch 473/600 | λ=3.24e-05 | LR=5.47e-05 | Train [Total=0.01082 MSE=0.01080 Smooth=0.00002] | Val   [Total=0.00886 MSE=0.00878 Smooth=0.00008]
Epoch 474/600 | λ=3.22e-05 | LR=5.45e-05 | Train [Total=0.00654 MSE=0.00652 Smooth=0.00003] | Val   [Total=0.00498 MSE=0.00487 Smooth=0.00011]
Epoch 475/600 | λ=3.19e-05 | LR=5.44e-05 | Train [Total=0.00709 MSE=0.00706 Smooth=0.00002] | Val   [Total=0.00549 MSE=0.00540 Smooth=0.00010]
Epoch 476/600 | λ=3.17e-05 | LR=5.42e-05 | Train [Total=0.00785 MSE=0.00783 Smooth=0.00002] | Val   [Total=0.00388 MSE=0.00381 Smooth=0.00008] *** BEST ***
Epoch 477/600 | λ=3.14e-05 | LR=5.41e-05 | Train [Total=0.00702 MSE=0.00700 Smooth=0.00002] | Val   [Total=0.00414 MSE=0.00406 Smooth=0.00008]
Epoch 478/600 | λ=3.12e-05 | LR=5.39e-05 | Train [Total=0.00629 MSE=0.00626 Smooth=0.00002] | Val   [Total=0.00399 MSE=0.00391 Smooth=0.00007]
Epoch 479/600 | λ=3.09e-05 | LR=5.38e-05 | Train [Total=0.00813 MSE=0.00811 Smooth=0.00002] | Val   [Total=0.00345 MSE=0.00337 Smooth=0.00007] *** BEST ***
Epoch 480/600 | λ=3.07e-05 | LR=5.36e-05 | Train [Total=0.00657 MSE=0.00656 Smooth=0.00001] | Val   [Total=0.00391 MSE=0.00384 Smooth=0.00007]
Epoch 481/600 | λ=3.05e-05 | LR=5.35e-05 | Train [Total=0.00600 MSE=0.00598 Smooth=0.00002] | Val   [Total=0.00446 MSE=0.00438 Smooth=0.00008]
Epoch 482/600 | λ=3.02e-05 | LR=5.33e-05 | Train [Total=0.00745 MSE=0.00743 Smooth=0.00002] | Val   [Total=0.00332 MSE=0.00325 Smooth=0.00008] *** BEST ***
Epoch 483/600 | λ=3.00e-05 | LR=5.31e-05 | Train [Total=0.00620 MSE=0.00618 Smooth=0.00001] | Val   [Total=0.00536 MSE=0.00529 Smooth=0.00007]
Epoch 484/600 | λ=2.97e-05 | LR=5.30e-05 | Train [Total=0.00866 MSE=0.00864 Smooth=0.00002] | Val   [Total=0.00411 MSE=0.00403 Smooth=0.00007]
Epoch 485/600 | λ=2.95e-05 | LR=5.28e-05 | Train [Total=0.00622 MSE=0.00621 Smooth=0.00002] | Val   [Total=0.00403 MSE=0.00394 Smooth=0.00008]
Epoch 486/600 | λ=2.92e-05 | LR=5.27e-05 | Train [Total=0.00722 MSE=0.00719 Smooth=0.00002] | Val   [Total=0.00349 MSE=0.00341 Smooth=0.00008]
Epoch 487/600 | λ=2.90e-05 | LR=5.25e-05 | Train [Total=0.00478 MSE=0.00476 Smooth=0.00002] | Val   [Total=0.00356 MSE=0.00349 Smooth=0.00007]
Epoch 488/600 | λ=2.87e-05 | LR=5.24e-05 | Train [Total=0.00604 MSE=0.00602 Smooth=0.00002] | Val   [Total=0.00401 MSE=0.00394 Smooth=0.00007]
Epoch 489/600 | λ=2.85e-05 | LR=5.22e-05 | Train [Total=0.01229 MSE=0.01227 Smooth=0.00002] | Val   [Total=0.00372 MSE=0.00365 Smooth=0.00007]
Epoch 490/600 | λ=2.82e-05 | LR=5.21e-05 | Train [Total=0.00872 MSE=0.00870 Smooth=0.00001] | Val   [Total=0.00334 MSE=0.00327 Smooth=0.00007]
Epoch 491/600 | λ=2.80e-05 | LR=5.19e-05 | Train [Total=0.00581 MSE=0.00579 Smooth=0.00002] | Val   [Total=0.00345 MSE=0.00338 Smooth=0.00007]
Epoch 492/600 | λ=2.77e-05 | LR=5.17e-05 | Train [Total=0.00683 MSE=0.00681 Smooth=0.00002] | Val   [Total=0.00334 MSE=0.00327 Smooth=0.00007]
Epoch 493/600 | λ=2.75e-05 | LR=5.16e-05 | Train [Total=0.00954 MSE=0.00952 Smooth=0.00002] | Val   [Total=0.00360 MSE=0.00353 Smooth=0.00007]
Epoch 494/600 | λ=2.72e-05 | LR=5.14e-05 | Train [Total=0.00787 MSE=0.00785 Smooth=0.00002] | Val   [Total=0.00448 MSE=0.00442 Smooth=0.00007]
Epoch 495/600 | λ=2.70e-05 | LR=5.13e-05 | Train [Total=0.00476 MSE=0.00475 Smooth=0.00002] | Val   [Total=0.00401 MSE=0.00395 Smooth=0.00007]
Epoch 496/600 | λ=2.67e-05 | LR=5.11e-05 | Train [Total=0.00779 MSE=0.00777 Smooth=0.00002] | Val   [Total=0.00354 MSE=0.00347 Smooth=0.00007]
Epoch 497/600 | λ=2.65e-05 | LR=5.10e-05 | Train [Total=0.01295 MSE=0.01293 Smooth=0.00001] | Val   [Total=0.00421 MSE=0.00415 Smooth=0.00006]
Epoch 498/600 | λ=2.62e-05 | LR=5.08e-05 | Train [Total=0.01023 MSE=0.01022 Smooth=0.00001] | Val   [Total=0.00576 MSE=0.00570 Smooth=0.00007]
Epoch 499/600 | λ=2.60e-05 | LR=5.07e-05 | Train [Total=0.00817 MSE=0.00815 Smooth=0.00002] | Val   [Total=0.00571 MSE=0.00565 Smooth=0.00006]
Epoch 500/600 | λ=2.58e-05 | LR=5.05e-05 | Train [Total=0.00479 MSE=0.00477 Smooth=0.00002] | Val   [Total=0.00419 MSE=0.00413 Smooth=0.00006]
Epoch 501/600 | λ=2.55e-05 | LR=5.03e-05 | Train [Total=0.00549 MSE=0.00547 Smooth=0.00002] | Val   [Total=0.00345 MSE=0.00338 Smooth=0.00006]
Epoch 502/600 | λ=2.53e-05 | LR=5.02e-05 | Train [Total=0.00745 MSE=0.00743 Smooth=0.00002] | Val   [Total=0.00353 MSE=0.00347 Smooth=0.00006]
Epoch 503/600 | λ=2.50e-05 | LR=5.00e-05 | Train [Total=0.00963 MSE=0.00962 Smooth=0.00001] | Val   [Total=0.00347 MSE=0.00341 Smooth=0.00006]
Epoch 504/600 | λ=2.48e-05 | LR=4.99e-05 | Train [Total=0.00550 MSE=0.00548 Smooth=0.00001] | Val   [Total=0.00322 MSE=0.00317 Smooth=0.00006] *** BEST ***
Epoch 505/600 | λ=2.45e-05 | LR=4.97e-05 | Train [Total=0.00405 MSE=0.00404 Smooth=0.00001] | Val   [Total=0.00377 MSE=0.00371 Smooth=0.00006]
Epoch 506/600 | λ=2.43e-05 | LR=4.96e-05 | Train [Total=0.00864 MSE=0.00862 Smooth=0.00002] | Val   [Total=0.00417 MSE=0.00411 Smooth=0.00006]
Epoch 507/600 | λ=2.40e-05 | LR=4.94e-05 | Train [Total=0.00674 MSE=0.00672 Smooth=0.00002] | Val   [Total=0.00340 MSE=0.00334 Smooth=0.00006]
Epoch 508/600 | λ=2.38e-05 | LR=4.93e-05 | Train [Total=0.00584 MSE=0.00582 Smooth=0.00002] | Val   [Total=0.00443 MSE=0.00435 Smooth=0.00007]
Epoch 509/600 | λ=2.35e-05 | LR=4.91e-05 | Train [Total=0.00577 MSE=0.00575 Smooth=0.00002] | Val   [Total=0.00374 MSE=0.00368 Smooth=0.00006]
Epoch 510/600 | λ=2.33e-05 | LR=4.89e-05 | Train [Total=0.01081 MSE=0.01079 Smooth=0.00001] | Val   [Total=0.00363 MSE=0.00357 Smooth=0.00006]
Epoch 511/600 | λ=2.30e-05 | LR=4.88e-05 | Train [Total=0.01026 MSE=0.01024 Smooth=0.00002] | Val   [Total=0.00423 MSE=0.00417 Smooth=0.00006]
Epoch 512/600 | λ=2.28e-05 | LR=4.86e-05 | Train [Total=0.00537 MSE=0.00536 Smooth=0.00002] | Val   [Total=0.00366 MSE=0.00361 Smooth=0.00006]
Epoch 513/600 | λ=2.25e-05 | LR=4.85e-05 | Train [Total=0.00524 MSE=0.00522 Smooth=0.00002] | Val   [Total=0.00334 MSE=0.00328 Smooth=0.00006]
Epoch 514/600 | λ=2.23e-05 | LR=4.83e-05 | Train [Total=0.00540 MSE=0.00539 Smooth=0.00001] | Val   [Total=0.00308 MSE=0.00302 Smooth=0.00006] *** BEST ***
Epoch 515/600 | λ=2.20e-05 | LR=4.82e-05 | Train [Total=0.00971 MSE=0.00970 Smooth=0.00001] | Val   [Total=0.00362 MSE=0.00357 Smooth=0.00005]
Epoch 516/600 | λ=2.18e-05 | LR=4.80e-05 | Train [Total=0.00581 MSE=0.00580 Smooth=0.00001] | Val   [Total=0.00344 MSE=0.00339 Smooth=0.00005]
Epoch 517/600 | λ=2.15e-05 | LR=4.79e-05 | Train [Total=0.00640 MSE=0.00639 Smooth=0.00001] | Val   [Total=0.00326 MSE=0.00321 Smooth=0.00005]
Epoch 518/600 | λ=2.13e-05 | LR=4.77e-05 | Train [Total=0.00406 MSE=0.00405 Smooth=0.00001] | Val   [Total=0.00309 MSE=0.00304 Smooth=0.00005]
Epoch 519/600 | λ=2.10e-05 | LR=4.75e-05 | Train [Total=0.00730 MSE=0.00729 Smooth=0.00001] | Val   [Total=0.00403 MSE=0.00398 Smooth=0.00005]
Epoch 520/600 | λ=2.08e-05 | LR=4.74e-05 | Train [Total=0.00646 MSE=0.00644 Smooth=0.00002] | Val   [Total=0.00423 MSE=0.00418 Smooth=0.00006]
Epoch 521/600 | λ=2.06e-05 | LR=4.72e-05 | Train [Total=0.00657 MSE=0.00656 Smooth=0.00002] | Val   [Total=0.00370 MSE=0.00365 Smooth=0.00006]
Epoch 522/600 | λ=2.03e-05 | LR=4.71e-05 | Train [Total=0.00912 MSE=0.00911 Smooth=0.00001] | Val   [Total=0.00367 MSE=0.00362 Smooth=0.00005]
Epoch 523/600 | λ=2.01e-05 | LR=4.69e-05 | Train [Total=0.00622 MSE=0.00621 Smooth=0.00001] | Val   [Total=0.00287 MSE=0.00282 Smooth=0.00005] *** BEST ***
Epoch 524/600 | λ=1.98e-05 | LR=4.68e-05 | Train [Total=0.00620 MSE=0.00619 Smooth=0.00001] | Val   [Total=0.00325 MSE=0.00319 Smooth=0.00006]
Epoch 525/600 | λ=1.96e-05 | LR=4.66e-05 | Train [Total=0.00632 MSE=0.00631 Smooth=0.00002] | Val   [Total=0.00346 MSE=0.00341 Smooth=0.00004]
Epoch 526/600 | λ=1.93e-05 | LR=4.65e-05 | Train [Total=0.00562 MSE=0.00561 Smooth=0.00001] | Val   [Total=0.00290 MSE=0.00285 Smooth=0.00004]
Epoch 527/600 | λ=1.91e-05 | LR=4.63e-05 | Train [Total=0.00709 MSE=0.00708 Smooth=0.00001] | Val   [Total=0.00301 MSE=0.00297 Smooth=0.00004]
Epoch 528/600 | λ=1.88e-05 | LR=4.62e-05 | Train [Total=0.00342 MSE=0.00341 Smooth=0.00001] | Val   [Total=0.00285 MSE=0.00281 Smooth=0.00004] *** BEST ***
Epoch 529/600 | λ=1.86e-05 | LR=4.60e-05 | Train [Total=0.00607 MSE=0.00606 Smooth=0.00001] | Val   [Total=0.00293 MSE=0.00289 Smooth=0.00004]
Epoch 530/600 | λ=1.83e-05 | LR=4.58e-05 | Train [Total=0.00710 MSE=0.00709 Smooth=0.00001] | Val   [Total=0.00313 MSE=0.00308 Smooth=0.00005]
Epoch 531/600 | λ=1.81e-05 | LR=4.57e-05 | Train [Total=0.00406 MSE=0.00405 Smooth=0.00001] | Val   [Total=0.00299 MSE=0.00295 Smooth=0.00004]
Epoch 532/600 | λ=1.78e-05 | LR=4.55e-05 | Train [Total=0.00605 MSE=0.00604 Smooth=0.00001] | Val   [Total=0.00352 MSE=0.00348 Smooth=0.00004]
Epoch 533/600 | λ=1.76e-05 | LR=4.54e-05 | Train [Total=0.00447 MSE=0.00446 Smooth=0.00001] | Val   [Total=0.00350 MSE=0.00346 Smooth=0.00004]
Epoch 534/600 | λ=1.73e-05 | LR=4.52e-05 | Train [Total=0.00523 MSE=0.00522 Smooth=0.00001] | Val   [Total=0.00280 MSE=0.00276 Smooth=0.00004] *** BEST ***
Epoch 535/600 | λ=1.71e-05 | LR=4.51e-05 | Train [Total=0.00747 MSE=0.00746 Smooth=0.00001] | Val   [Total=0.00309 MSE=0.00304 Smooth=0.00005]
Epoch 536/600 | λ=1.68e-05 | LR=4.49e-05 | Train [Total=0.00565 MSE=0.00564 Smooth=0.00001] | Val   [Total=0.00280 MSE=0.00276 Smooth=0.00004]
Epoch 537/600 | λ=1.66e-05 | LR=4.48e-05 | Train [Total=0.00832 MSE=0.00831 Smooth=0.00001] | Val   [Total=0.00357 MSE=0.00352 Smooth=0.00004]
Epoch 538/600 | λ=1.63e-05 | LR=4.46e-05 | Train [Total=0.00428 MSE=0.00427 Smooth=0.00001] | Val   [Total=0.00302 MSE=0.00298 Smooth=0.00004]
Epoch 539/600 | λ=1.61e-05 | LR=4.45e-05 | Train [Total=0.00765 MSE=0.00764 Smooth=0.00001] | Val   [Total=0.00355 MSE=0.00352 Smooth=0.00003]
Epoch 540/600 | λ=1.59e-05 | LR=4.43e-05 | Train [Total=0.00478 MSE=0.00477 Smooth=0.00001] | Val   [Total=0.00294 MSE=0.00291 Smooth=0.00003]
Epoch 541/600 | λ=1.56e-05 | LR=4.41e-05 | Train [Total=0.00748 MSE=0.00747 Smooth=0.00001] | Val   [Total=0.00303 MSE=0.00299 Smooth=0.00003]
Epoch 542/600 | λ=1.54e-05 | LR=4.40e-05 | Train [Total=0.00377 MSE=0.00376 Smooth=0.00001] | Val   [Total=0.00334 MSE=0.00331 Smooth=0.00003]
Epoch 543/600 | λ=1.51e-05 | LR=4.38e-05 | Train [Total=0.01115 MSE=0.01114 Smooth=0.00001] | Val   [Total=0.00282 MSE=0.00279 Smooth=0.00003]
Epoch 544/600 | λ=1.49e-05 | LR=4.37e-05 | Train [Total=0.00393 MSE=0.00393 Smooth=0.00001] | Val   [Total=0.00285 MSE=0.00282 Smooth=0.00003]
Epoch 545/600 | λ=1.46e-05 | LR=4.35e-05 | Train [Total=0.00666 MSE=0.00665 Smooth=0.00001] | Val   [Total=0.00274 MSE=0.00271 Smooth=0.00003] *** BEST ***
Epoch 546/600 | λ=1.44e-05 | LR=4.34e-05 | Train [Total=0.00791 MSE=0.00790 Smooth=0.00001] | Val   [Total=0.00284 MSE=0.00281 Smooth=0.00003]
Epoch 547/600 | λ=1.41e-05 | LR=4.32e-05 | Train [Total=0.00634 MSE=0.00633 Smooth=0.00001] | Val   [Total=0.00293 MSE=0.00290 Smooth=0.00003]
Epoch 548/600 | λ=1.39e-05 | LR=4.31e-05 | Train [Total=0.00998 MSE=0.00997 Smooth=0.00001] | Val   [Total=0.00315 MSE=0.00311 Smooth=0.00003]
Epoch 549/600 | λ=1.36e-05 | LR=4.29e-05 | Train [Total=0.00567 MSE=0.00566 Smooth=0.00001] | Val   [Total=0.00284 MSE=0.00280 Smooth=0.00003]
Epoch 550/600 | λ=1.34e-05 | LR=4.28e-05 | Train [Total=0.00532 MSE=0.00531 Smooth=0.00001] | Val   [Total=0.00287 MSE=0.00283 Smooth=0.00004]
Epoch 551/600 | λ=1.31e-05 | LR=4.26e-05 | Train [Total=0.00777 MSE=0.00777 Smooth=0.00001] | Val   [Total=0.00354 MSE=0.00351 Smooth=0.00003]
Epoch 552/600 | λ=1.29e-05 | LR=4.24e-05 | Train [Total=0.00785 MSE=0.00784 Smooth=0.00001] | Val   [Total=0.00289 MSE=0.00286 Smooth=0.00003]
Epoch 553/600 | λ=1.26e-05 | LR=4.23e-05 | Train [Total=0.00727 MSE=0.00726 Smooth=0.00001] | Val   [Total=0.00276 MSE=0.00274 Smooth=0.00003]
Epoch 554/600 | λ=1.24e-05 | LR=4.21e-05 | Train [Total=0.00800 MSE=0.00800 Smooth=0.00001] | Val   [Total=0.00308 MSE=0.00305 Smooth=0.00003]
Epoch 555/600 | λ=1.21e-05 | LR=4.20e-05 | Train [Total=0.00829 MSE=0.00828 Smooth=0.00001] | Val   [Total=0.00285 MSE=0.00282 Smooth=0.00003]
Epoch 556/600 | λ=1.19e-05 | LR=4.18e-05 | Train [Total=0.01286 MSE=0.01285 Smooth=0.00001] | Val   [Total=0.00335 MSE=0.00332 Smooth=0.00003]
Epoch 557/600 | λ=1.16e-05 | LR=4.17e-05 | Train [Total=0.01027 MSE=0.01026 Smooth=0.00001] | Val   [Total=0.00318 MSE=0.00315 Smooth=0.00003]
Epoch 558/600 | λ=1.14e-05 | LR=4.15e-05 | Train [Total=0.00811 MSE=0.00811 Smooth=0.00001] | Val   [Total=0.00318 MSE=0.00316 Smooth=0.00003]
Epoch 559/600 | λ=1.11e-05 | LR=4.14e-05 | Train [Total=0.00551 MSE=0.00551 Smooth=0.00001] | Val   [Total=0.00306 MSE=0.00304 Smooth=0.00003]
Epoch 560/600 | λ=1.09e-05 | LR=4.12e-05 | Train [Total=0.01039 MSE=0.01038 Smooth=0.00001] | Val   [Total=0.00276 MSE=0.00274 Smooth=0.00003]
Epoch 561/600 | λ=1.07e-05 | LR=4.11e-05 | Train [Total=0.00516 MSE=0.00515 Smooth=0.00001] | Val   [Total=0.00284 MSE=0.00281 Smooth=0.00002]
Epoch 562/600 | λ=1.04e-05 | LR=4.09e-05 | Train [Total=0.00834 MSE=0.00833 Smooth=0.00001] | Val   [Total=0.00270 MSE=0.00268 Smooth=0.00002] *** BEST ***
Epoch 563/600 | λ=1.02e-05 | LR=4.08e-05 | Train [Total=0.00435 MSE=0.00434 Smooth=0.00001] | Val   [Total=0.00270 MSE=0.00268 Smooth=0.00002] *** BEST ***
Epoch 564/600 | λ=9.91e-06 | LR=4.06e-05 | Train [Total=0.00645 MSE=0.00645 Smooth=0.00001] | Val   [Total=0.00257 MSE=0.00255 Smooth=0.00002] *** BEST ***
Epoch 565/600 | λ=9.66e-06 | LR=4.05e-05 | Train [Total=0.00889 MSE=0.00888 Smooth=0.00001] | Val   [Total=0.00259 MSE=0.00257 Smooth=0.00002]
Epoch 566/600 | λ=9.42e-06 | LR=4.03e-05 | Train [Total=0.00661 MSE=0.00660 Smooth=0.00000] | Val   [Total=0.00270 MSE=0.00268 Smooth=0.00002]
Epoch 567/600 | λ=9.17e-06 | LR=4.02e-05 | Train [Total=0.00919 MSE=0.00918 Smooth=0.00001] | Val   [Total=0.00267 MSE=0.00265 Smooth=0.00002]
Epoch 568/600 | λ=8.92e-06 | LR=4.00e-05 | Train [Total=0.00538 MSE=0.00537 Smooth=0.00001] | Val   [Total=0.00268 MSE=0.00266 Smooth=0.00002]
Epoch 569/600 | λ=8.67e-06 | LR=3.99e-05 | Train [Total=0.00942 MSE=0.00941 Smooth=0.00001] | Val   [Total=0.00301 MSE=0.00299 Smooth=0.00002]
Epoch 570/600 | λ=8.43e-06 | LR=3.97e-05 | Train [Total=0.00938 MSE=0.00937 Smooth=0.00001] | Val   [Total=0.00291 MSE=0.00289 Smooth=0.00002]
Epoch 571/600 | λ=8.18e-06 | LR=3.96e-05 | Train [Total=0.00688 MSE=0.00688 Smooth=0.00001] | Val   [Total=0.00312 MSE=0.00310 Smooth=0.00002]
Epoch 572/600 | λ=7.93e-06 | LR=3.94e-05 | Train [Total=0.00626 MSE=0.00625 Smooth=0.00001] | Val   [Total=0.00340 MSE=0.00338 Smooth=0.00002]
Epoch 573/600 | λ=7.68e-06 | LR=3.92e-05 | Train [Total=0.00911 MSE=0.00911 Smooth=0.00000] | Val   [Total=0.00307 MSE=0.00305 Smooth=0.00002]
Epoch 574/600 | λ=7.43e-06 | LR=3.91e-05 | Train [Total=0.00477 MSE=0.00477 Smooth=0.00000] | Val   [Total=0.00281 MSE=0.00280 Smooth=0.00002]
Epoch 575/600 | λ=7.19e-06 | LR=3.89e-05 | Train [Total=0.01204 MSE=0.01203 Smooth=0.00000] | Val   [Total=0.00286 MSE=0.00285 Smooth=0.00002]
Epoch 576/600 | λ=6.94e-06 | LR=3.88e-05 | Train [Total=0.00631 MSE=0.00631 Smooth=0.00000] | Val   [Total=0.00268 MSE=0.00267 Smooth=0.00002]
Epoch 577/600 | λ=6.69e-06 | LR=3.86e-05 | Train [Total=0.00263 MSE=0.00262 Smooth=0.00000] | Val   [Total=0.00276 MSE=0.00274 Smooth=0.00001]
Epoch 578/600 | λ=6.44e-06 | LR=3.85e-05 | Train [Total=0.00525 MSE=0.00525 Smooth=0.00000] | Val   [Total=0.00327 MSE=0.00326 Smooth=0.00001]
Epoch 579/600 | λ=6.20e-06 | LR=3.83e-05 | Train [Total=0.00966 MSE=0.00966 Smooth=0.00000] | Val   [Total=0.00261 MSE=0.00259 Smooth=0.00001]
Epoch 580/600 | λ=5.95e-06 | LR=3.82e-05 | Train [Total=0.00786 MSE=0.00786 Smooth=0.00000] | Val   [Total=0.00272 MSE=0.00271 Smooth=0.00001]
Epoch 581/600 | λ=5.70e-06 | LR=3.80e-05 | Train [Total=0.00539 MSE=0.00539 Smooth=0.00000] | Val   [Total=0.00310 MSE=0.00309 Smooth=0.00001]
Epoch 582/600 | λ=5.45e-06 | LR=3.79e-05 | Train [Total=0.01137 MSE=0.01137 Smooth=0.00000] | Val   [Total=0.00316 MSE=0.00314 Smooth=0.00002]
Epoch 583/600 | λ=5.21e-06 | LR=3.77e-05 | Train [Total=0.00715 MSE=0.00715 Smooth=0.00000] | Val   [Total=0.00296 MSE=0.00295 Smooth=0.00001]
Epoch 584/600 | λ=4.96e-06 | LR=3.76e-05 | Train [Total=0.00728 MSE=0.00728 Smooth=0.00000] | Val   [Total=0.00296 MSE=0.00295 Smooth=0.00001]
Epoch 585/600 | λ=4.71e-06 | LR=3.74e-05 | Train [Total=0.00432 MSE=0.00432 Smooth=0.00000] | Val   [Total=0.00255 MSE=0.00254 Smooth=0.00001] *** BEST ***
Epoch 586/600 | λ=4.47e-06 | LR=3.73e-05 | Train [Total=0.00936 MSE=0.00935 Smooth=0.00000] | Val   [Total=0.00297 MSE=0.00296 Smooth=0.00001]
Epoch 587/600 | λ=4.22e-06 | LR=3.71e-05 | Train [Total=0.00767 MSE=0.00766 Smooth=0.00000] | Val   [Total=0.00327 MSE=0.00326 Smooth=0.00001]
Epoch 588/600 | λ=3.97e-06 | LR=3.70e-05 | Train [Total=0.00890 MSE=0.00890 Smooth=0.00000] | Val   [Total=0.00310 MSE=0.00309 Smooth=0.00001]
Epoch 589/600 | λ=3.72e-06 | LR=3.68e-05 | Train [Total=0.00577 MSE=0.00577 Smooth=0.00000] | Val   [Total=0.00331 MSE=0.00330 Smooth=0.00001]
Epoch 590/600 | λ=3.48e-06 | LR=3.67e-05 | Train [Total=0.00405 MSE=0.00405 Smooth=0.00000] | Val   [Total=0.00307 MSE=0.00306 Smooth=0.00001]
Epoch 591/600 | λ=3.23e-06 | LR=3.65e-05 | Train [Total=0.00572 MSE=0.00572 Smooth=0.00000] | Val   [Total=0.00277 MSE=0.00277 Smooth=0.00001]
Epoch 592/600 | λ=2.98e-06 | LR=3.64e-05 | Train [Total=0.00561 MSE=0.00561 Smooth=0.00000] | Val   [Total=0.00328 MSE=0.00327 Smooth=0.00001]
Epoch 593/600 | λ=2.73e-06 | LR=3.62e-05 | Train [Total=0.00504 MSE=0.00504 Smooth=0.00000] | Val   [Total=0.00267 MSE=0.00266 Smooth=0.00001]
Epoch 594/600 | λ=2.49e-06 | LR=3.61e-05 | Train [Total=0.00672 MSE=0.00672 Smooth=0.00000] | Val   [Total=0.00297 MSE=0.00297 Smooth=0.00001]
Epoch 595/600 | λ=2.24e-06 | LR=3.59e-05 | Train [Total=0.00497 MSE=0.00496 Smooth=0.00000] | Val   [Total=0.00287 MSE=0.00286 Smooth=0.00000]
Epoch 596/600 | λ=1.99e-06 | LR=3.58e-05 | Train [Total=0.00509 MSE=0.00509 Smooth=0.00000] | Val   [Total=0.00257 MSE=0.00257 Smooth=0.00000]
Epoch 597/600 | λ=1.74e-06 | LR=3.56e-05 | Train [Total=0.00835 MSE=0.00835 Smooth=0.00000] | Val   [Total=0.00252 MSE=0.00251 Smooth=0.00000] *** BEST ***
Epoch 598/600 | λ=1.49e-06 | LR=3.55e-05 | Train [Total=0.00794 MSE=0.00793 Smooth=0.00000] | Val   [Total=0.00288 MSE=0.00288 Smooth=0.00000]
Epoch 599/600 | λ=1.25e-06 | LR=3.54e-05 | Train [Total=0.00650 MSE=0.00650 Smooth=0.00000] | Val   [Total=0.00328 MSE=0.00328 Smooth=0.00000]
Epoch 600/600 | λ=1.00e-06 | LR=3.52e-05 | Train [Total=0.00451 MSE=0.00451 Smooth=0.00000] | Val   [Total=0.00279 MSE=0.00279 Smooth=0.00000]
Training complete.
