This job can be monitored from: https://job.c3se.chalmers.se/alvis/6415359
============================================================
Real Data Fine-tuning — 2026-04-15 17:14:42
LR=1e-05  WD=0.0001  epochs=150  smooth_lambda=1e-07
Slice fractions: [0.25, 0.375, 0.5, 0.625]  →  8 cases × 4 positions = 32 effective samples
Train: ['copd01', 'copd02', 'copd03', 'copd04', 'copd05', 'copd06', 'copd07', 'copd08']
Test:  ['copd09', 'copd10']
============================================================
Device: cuda
Real DVF stats: mean=1.2394 mm, std=15.0029 mm

=== Loading training cases ===
  copd01  mean_mag=9.265 mm  coronal H=[32, 48, 64, 80]  sagittal W=[32, 48, 64, 80]
  copd02  mean_mag=5.116 mm  coronal H=[32, 48, 64, 80]  sagittal W=[32, 48, 64, 80]
  copd03  mean_mag=3.931 mm  coronal H=[32, 48, 64, 80]  sagittal W=[32, 48, 64, 80]
  copd04  mean_mag=10.140 mm  coronal H=[32, 48, 64, 80]  sagittal W=[32, 48, 64, 80]
  copd05  mean_mag=11.287 mm  coronal H=[32, 48, 64, 80]  sagittal W=[32, 48, 64, 80]
  copd06  mean_mag=7.941 mm  coronal H=[32, 48, 64, 80]  sagittal W=[32, 48, 64, 80]
  copd07  mean_mag=6.433 mm  coronal H=[32, 48, 64, 80]  sagittal W=[32, 48, 64, 80]
  copd08  mean_mag=8.776 mm  coronal H=[32, 48, 64, 80]  sagittal W=[32, 48, 64, 80]
Total dataset size: 32 (8 cases × 4 positions)
Train batches per epoch: 40
Loaded pretrained: /mimer/NOBACKUP/groups/caim1/dafne/checkpoints/best_model.pth

 Epoch       Train         MSE      Smooth      Time
-------------------------------------------------------
     1     0.63139     0.63139     4.42741     1.9s *** BEST ***
     2     0.34346     0.34346     2.41435     1.4s *** BEST ***
     3     0.08964     0.08964     5.72864     1.4s *** BEST ***
     4     0.06944     0.06944     2.88528     1.4s *** BEST ***
     5     0.10626     0.10626     4.71344     1.4s
     6     0.12396     0.12396     2.87743     1.4s
     7     0.03371     0.03371     4.91515     1.4s *** BEST ***
     8     0.09158     0.09158     2.52080     1.4s
     9     0.02731     0.02730     4.38531     1.4s *** BEST ***
    10     0.02702     0.02702     4.14127     1.4s *** BEST ***
    11     0.10795     0.10795     3.24581     1.4s
    12     0.04826     0.04826     2.27014     1.4s
    13     0.05037     0.05037     3.14993     1.4s
    14     0.06214     0.06214     4.52702     1.4s
    15     0.09424     0.09424     5.03321     1.4s
    16     0.01843     0.01843     5.18652     1.4s *** BEST ***
    17     0.05751     0.05751     3.48898     1.4s
    18     0.04598     0.04598     3.27560     1.4s
    19     0.02261     0.02261     4.97615     1.4s
    20     0.04505     0.04505     3.91367     1.4s
    21     0.01632     0.01632     4.69989     1.4s *** BEST ***
    22     0.02272     0.02272     5.16172     1.4s
    23     0.01671     0.01671     2.46711     1.4s
    24     0.04520     0.04520     5.19905     1.4s
    25     0.06555     0.06555     2.48564     1.4s
    26     0.05165     0.05165     5.93579     1.4s
    27     0.07430     0.07430     1.48111     1.4s
    28     0.02449     0.02449     4.75886     1.4s
    29     0.03191     0.03191     6.34251     1.4s
    30     0.05248     0.05248     2.42910     1.4s
    31     0.02862     0.02862     0.88841     1.4s
    32     0.04475     0.04475     0.91399     1.4s
    33     0.08514     0.08514     4.42914     1.4s
    34     0.01715     0.01715     1.27142     1.4s
    35     0.02515     0.02515     1.53641     1.4s
    36     0.03438     0.03438     3.00657     1.4s
    37     0.03617     0.03617     2.19141     1.4s
    38     0.02913     0.02913     3.66460     1.4s
    39     0.03372     0.03372     6.57778     1.4s
    40     0.03310     0.03310     4.59465     1.4s
    41     0.06474     0.06474     4.58184     1.4s
    42     0.03437     0.03437     1.82091     1.4s
    43     0.04229     0.04229     3.99406     1.4s
    44     0.06083     0.06083     5.89846     1.4s
    45     0.03306     0.03306     6.16652     1.4s
    46     0.01172     0.01172     2.27550     1.4s *** BEST ***
    47     0.03624     0.03624     6.27637     1.4s
    48     0.03723     0.03723     3.96938     1.4s
    49     0.00808     0.00808     2.95249     1.4s *** BEST ***
    50     0.02424     0.02424     3.45785     1.4s
    51     0.00994     0.00994     3.18938     1.4s
    52     0.02843     0.02843     6.37675     1.4s
    53     0.03143     0.03143     2.51622     1.4s
    54     0.01581     0.01581     4.99705     1.4s
    55     0.01359     0.01359     8.53751     1.4s
    56     0.01801     0.01801     2.03941     1.4s
    57     0.02226     0.02226     5.14720     1.4s
    58     0.06285     0.06285     3.39502     1.4s
    59     0.02797     0.02797     3.03155     1.4s
    60     0.03690     0.03690     2.96515     1.4s
    61     0.01291     0.01291     2.59514     1.4s
    62     0.05265     0.05265     1.54581     1.4s
    63     0.02170     0.02170     1.77547     1.4s
    64     0.04779     0.04779     5.92241     1.4s
    65     0.00758     0.00758     2.90073     1.4s *** BEST ***
    66     0.02006     0.02006     3.10987     1.4s
    67     0.02470     0.02470     0.11192     1.4s
    68     0.03038     0.03038     2.60636     1.4s
    69     0.01813     0.01813     5.71274     1.4s
    70     0.01800     0.01800     3.87910     1.4s
    71     0.05085     0.05085     6.34145     1.4s
    72     0.04880     0.04880     1.77831     1.4s
    73     0.03679     0.03679     2.25412     1.4s
    74     0.06835     0.06835     1.12202     1.4s
    75     0.04886     0.04886     2.24241     1.4s
    76     0.01647     0.01647     4.17430     1.4s
    77     0.04922     0.04922     3.30380     1.4s
    78     0.02199     0.02199     7.14181     1.4s
    79     0.04639     0.04639     4.19037     1.4s
    80     0.08277     0.08277     8.35415     1.4s
    81     0.01876     0.01876     3.63766     1.4s
    82     0.02170     0.02170     2.28203     1.4s
    83     0.02545     0.02545     2.52970     1.4s
    84     0.05018     0.05018     5.24736     1.4s
    85     0.05485     0.05485     4.79327     1.4s
    86     0.03727     0.03727     5.45762     1.4s
    87     0.02481     0.02481     6.79986     1.4s
    88     0.03248     0.03247     7.71312     1.4s
    89     0.03705     0.03705     2.72345     1.4s
    90     0.06115     0.06115     3.64288     1.4s
    91     0.03661     0.03661     2.22297     1.4s
    92     0.02840     0.02840     6.41943     1.4s
    93     0.01774     0.01774     3.49891     1.4s
    94     0.00676     0.00676     3.78306     1.4s *** BEST ***
    95     0.03794     0.03794     3.85451     1.4s
    96     0.00726     0.00726     3.71680     1.4s
    97     0.05189     0.05189     9.27760     1.4s
    98     0.01290     0.01290     4.54754     1.4s
    99     0.00908     0.00908     4.19063     1.4s
   100     0.01305     0.01305     6.13722     1.4s
   101     0.04040     0.04040     2.78232     1.4s
   102     0.02263     0.02263     1.62463     1.4s
   103     0.01576     0.01576     2.31420     1.4s
   104     0.03839     0.03839     2.91005     1.4s
   105     0.01373     0.01373     4.08191     1.4s
   106     0.03493     0.03493     1.97483     1.4s
   107     0.02624     0.02624     4.12148     1.4s
   108     0.03549     0.03549     4.13416     1.4s
   109     0.01079     0.01079     1.83838     1.4s
   110     0.04996     0.04996     3.24554     1.4s
   111     0.01246     0.01246     4.91437     1.4s
   112     0.04656     0.04656     4.72084     1.4s
   113     0.02510     0.02510     3.89477     1.4s
   114     0.02591     0.02591     6.28559     1.4s
   115     0.01191     0.01191     0.81964     1.4s
   116     0.02173     0.02173     3.88902     1.4s
   117     0.01328     0.01328     1.71302     1.4s
   118     0.02650     0.02650     1.65397     1.4s
   119     0.00927     0.00927     3.16032     1.4s
   120     0.02086     0.02086     3.36747     1.4s
   121     0.05024     0.05024     5.21765     1.4s
   122     0.01432     0.01432     3.62859     1.4s
   123     0.03453     0.03453     4.54819     1.4s
   124     0.00688     0.00688     4.20119     1.4s
   125     0.01128     0.01128     1.85151     1.4s
   126     0.06343     0.06343     2.23456     1.4s
   127     0.06552     0.06552     2.59573     1.4s
   128     0.01019     0.01019     5.45654     1.4s
   129     0.00767     0.00767     4.07920     1.4s
   130     0.04156     0.04156     3.96627     1.4s
   131     0.00891     0.00891     4.04047     1.4s
   132     0.02288     0.02288     5.53211     1.4s
   133     0.01613     0.01613     1.83135     1.4s
   134     0.01726     0.01726     6.06126     1.4s
   135     0.02962     0.02962     2.48416     1.4s
   136     0.05507     0.05507     2.29056     1.4s
   137     0.06545     0.06545     2.20053     1.4s
   138     0.02218     0.02218     4.03577     1.4s
   139     0.01236     0.01236     3.56586     1.4s
   140     0.02233     0.02233     4.25123     1.4s
   141     0.01443     0.01443     1.35121     1.4s
   142     0.03427     0.03427     3.89530     1.4s
   143     0.02846     0.02846     4.56867     1.4s
   144     0.01148     0.01148     2.68766     1.4s
   145     0.01259     0.01259     5.27834     1.4s
   146     0.03801     0.03801     6.84153     1.4s
   147     0.01979     0.01979     2.31758     1.4s
   148     0.00671     0.00671     4.28877     1.4s *** BEST ***
   149     0.01956     0.01956     5.32318     1.4s
   150     0.05046     0.05046     4.58009     1.4s

Done. Best: 0.00671 at epoch 148
