This job can be monitored from: https://job.c3se.chalmers.se/alvis/6341546
============================================================
Real Data Fine-tuning — started 2026-04-06 13:27:37
Log: /mimer/NOBACKUP/groups/caim1/dafne/checkpoints_real/finetune_real.log
Pretrained: /mimer/NOBACKUP/groups/caim1/dafne/checkpoints/best_model.pth
Saving to:  /mimer/NOBACKUP/groups/caim1/dafne/checkpoints_real
LR=1e-05  WD=0.0001  epochs=150  smooth_lambda=1e-07
Train cases: ['copd01', 'copd02', 'copd03', 'copd04', 'copd05', 'copd06', 'copd07', 'copd08']
Test  cases: ['copd09', 'copd10']  (never used in training)
============================================================
Device: cuda

=== Loading synthetic DVF stats for normalisation ===
  dvf_mean = -3.174312
  dvf_std  = 10.820530

=== Loading training cases ===
  copd01  shape=(3, 128, 128, 64)  mean_mag=9.265 mm  (normalised range [-3.47, 5.11])
  copd02  shape=(3, 128, 128, 64)  mean_mag=5.116 mm  (normalised range [-2.03, 3.82])
  copd03  shape=(3, 128, 128, 64)  mean_mag=3.931 mm  (normalised range [-2.51, 2.35])
  copd04  shape=(3, 128, 128, 64)  mean_mag=10.140 mm  (normalised range [-5.63, 4.88])
  copd05  shape=(3, 128, 128, 64)  mean_mag=11.287 mm  (normalised range [-4.66, 5.33])
  copd06  shape=(3, 128, 128, 64)  mean_mag=7.941 mm  (normalised range [-3.60, 5.03])
  copd07  shape=(3, 128, 128, 64)  mean_mag=6.433 mm  (normalised range [-3.26, 2.71])
  copd08  shape=(3, 128, 128, 64)  mean_mag=8.776 mm  (normalised range [-5.41, 3.40])
Train batches per epoch: 40

Loaded CFG pretrained weights from: /mimer/NOBACKUP/groups/caim1/dafne/checkpoints/best_model.pth
Starting real data fine-tuning from scratch...

 Epoch       Train         MSE      Smooth      Time              
-----------------------------------------------------------------
     1     0.44031     0.44031     5.65607     2.0s *** BEST ***
     2     0.49094     0.49094     2.55858     1.4s
     3     0.20670     0.20670     4.49531     1.4s *** BEST ***
     4     0.22014     0.22014     3.48134     1.4s
     5     0.06371     0.06371     3.41734     1.4s *** BEST ***
     6     0.18333     0.18333     5.86251     1.4s
     7     0.09889     0.09889     2.16502     1.4s
     8     0.14372     0.14372     4.70924     1.4s
     9     0.10733     0.10733     4.54258     1.4s
    10     0.03156     0.03156     3.30773     1.4s *** BEST ***
    11     0.03893     0.03893     4.86434     1.4s
    12     0.03942     0.03942     3.62010     1.4s
    13     0.11266     0.11266     2.54446     1.4s
    14     0.03917     0.03917     2.96560     1.4s
    15     0.08844     0.08844     1.46764     1.4s
    16     0.06638     0.06638     1.80685     1.4s
    17     0.04681     0.04681     3.02377     1.4s
    18     0.04247     0.04247     2.17583     1.4s
    19     0.10459     0.10459     3.67076     1.4s
    20     0.11267     0.11267     5.33255     1.4s
    21     0.10861     0.10861     4.66948     1.4s
    22     0.12315     0.12315     4.40316     1.4s
    23     0.13000     0.13000     6.37821     1.4s
    24     0.06313     0.06313     5.56872     1.4s
    25     0.06630     0.06630     6.77440     1.4s
    26     0.10701     0.10701     4.67802     1.4s
    27     0.05445     0.05445     4.55273     1.4s
    28     0.02310     0.02309     8.78751     1.4s *** BEST ***
    29     0.05015     0.05015     4.70301     1.4s
    30     0.02300     0.02300     3.42662     1.4s *** BEST ***
    31     0.07922     0.07922     7.78441     1.4s
    32     0.01775     0.01775     1.80008     1.4s *** BEST ***
    33     0.02179     0.02179     3.67441     1.4s
    34     0.08337     0.08337     2.87976     1.4s
    35     0.04415     0.04415     4.74251     1.4s
    36     0.08226     0.08226     4.78105     1.4s
    37     0.09078     0.09078     5.26723     1.4s
    38     0.02143     0.02143     9.91151     1.4s
    39     0.04405     0.04405     3.74869     1.4s
    40     0.02756     0.02756     5.54367     1.4s
    41     0.01560     0.01560     3.91324     1.4s *** BEST ***
    42     0.08708     0.08708     6.47576     1.4s
    43     0.01079     0.01079     3.94997     1.4s *** BEST ***
    44     0.05645     0.05645     7.60922     1.4s
    45     0.04818     0.04818     6.21868     1.4s
    46     0.03259     0.03259     6.67034     1.4s
    47     0.00763     0.00763     4.86761     1.4s *** BEST ***
    48     0.01818     0.01818     2.15443     1.4s
    49     0.03934     0.03934     3.92854     1.4s
    50     0.05442     0.05442     2.04069     1.4s
    51     0.03315     0.03315     5.16912     1.4s
    52     0.04940     0.04940     3.79763     1.4s
    53     0.07281     0.07281     5.82598     1.4s
    54     0.02585     0.02585     6.10983     1.4s
    55     0.01347     0.01347     4.67497     1.4s
    56     0.02006     0.02006     5.23380     1.4s
    57     0.07568     0.07568     2.54199     1.4s
    58     0.01193     0.01193     4.77420     1.4s
    59     0.03533     0.03533     3.21315     1.4s
    60     0.03775     0.03775     3.50859     1.4s
    61     0.02279     0.02279     3.85412     1.4s
    62     0.04055     0.04055     3.75251     1.4s
    63     0.07508     0.07508     7.13371     1.4s
    64     0.05572     0.05571     4.06726     1.4s
    65     0.04908     0.04908     5.48051     1.4s
    66     0.07545     0.07545     2.77434     1.4s
    67     0.03670     0.03670     3.91544     1.4s
    68     0.05069     0.05069     2.13803     1.4s
    69     0.09037     0.09037     4.27297     1.4s
    70     0.03123     0.03123     3.17417     1.4s
    71     0.06769     0.06769     1.73024     1.4s
    72     0.02396     0.02396     4.04585     1.4s
    73     0.03416     0.03416     2.88699     1.4s
    74     0.04011     0.04011     4.85653     1.4s
    75     0.01135     0.01135     2.08075     1.4s
    76     0.04845     0.04845     9.04787     1.4s
    77     0.01619     0.01619     4.99630     1.4s
    78     0.06463     0.06463     7.26736     1.4s
    79     0.04870     0.04870     3.70541     1.4s
    80     0.07159     0.07159     4.30491     1.4s
    81     0.02127     0.02127     3.10188     1.4s
    82     0.05937     0.05937     6.49498     1.4s
    83     0.02946     0.02946     5.53048     1.4s
    84     0.03872     0.03872     3.61892     1.4s
    85     0.03917     0.03917     3.59052     1.4s
    86     0.04954     0.04954     5.25573     1.4s
    87     0.05856     0.05856     8.07739     1.4s
    88     0.02715     0.02715     6.35762     1.4s
    89     0.03346     0.03346     4.45288     1.4s
    90     0.06220     0.06220     4.01802     1.4s
    91     0.04223     0.04223     3.26685     1.4s
    92     0.05549     0.05549     3.11267     1.4s
    93     0.01929     0.01929     3.50988     1.4s
    94     0.02084     0.02084     4.96387     1.4s
    95     0.02958     0.02958     4.58790     1.4s
    96     0.04547     0.04547     1.63613     1.4s
    97     0.03121     0.03121     6.55232     1.4s
    98     0.06957     0.06957     5.44606     1.4s
    99     0.03815     0.03815     3.40618     1.4s
   100     0.03365     0.03365     2.55845     1.4s
   101     0.03519     0.03519     5.13984     1.4s
   102     0.03146     0.03146     2.94812     1.4s
   103     0.03281     0.03281     5.77783     1.4s
   104     0.03990     0.03989     8.05524     1.4s
   105     0.05358     0.05358     3.51067     1.4s
   106     0.01169     0.01169     2.87462     1.4s
   107     0.03069     0.03069     9.49765     1.4s
   108     0.06810     0.06810     1.12501     1.4s
   109     0.00957     0.00957     7.16552     1.4s
   110     0.07290     0.07290     5.93042     1.4s
   111     0.01480     0.01480     6.41936     1.4s
   112     0.00867     0.00867     7.17313     1.4s
   113     0.02764     0.02764     4.39897     1.4s
   114     0.01341     0.01341     4.48115     1.4s
   115     0.05880     0.05880     5.10871     1.4s
   116     0.00950     0.00950     6.99067     1.4s
   117     0.00862     0.00862     1.69854     1.4s
   118     0.01017     0.01017     1.09124     1.4s
   119     0.01079     0.01079     6.10005     1.4s
   120     0.05261     0.05261     5.60942     1.4s
   121     0.03895     0.03895     5.45174     1.4s
   122     0.06162     0.06162     7.12161     1.4s
   123     0.04353     0.04353     5.01418     1.4s
   124     0.01007     0.01007     2.36767     1.4s
   125     0.07332     0.07332     4.23487     1.4s
   126     0.06747     0.06747     7.17528     1.4s
   127     0.02482     0.02482     1.73862     1.4s
   128     0.03464     0.03464     6.02074     1.4s
   129     0.03453     0.03453     4.29780     1.4s
   130     0.01306     0.01306     4.65735     1.4s
   131     0.01964     0.01964     2.90274     1.4s
   132     0.03921     0.03921     2.27190     1.4s
   133     0.02830     0.02830     1.98792     1.4s
   134     0.08004     0.08004     3.68276     1.4s
   135     0.04136     0.04136     6.05167     1.4s
   136     0.03303     0.03303     0.43876     1.4s
   137     0.02760     0.02760     5.44343     1.4s
   138     0.03024     0.03024     5.49515     1.4s
   139     0.02138     0.02138     5.67782     1.4s
   140     0.04832     0.04832     6.13116     1.4s
   141     0.01848     0.01848     3.44092     1.4s
   142     0.08092     0.08092     6.69706     1.4s
   143     0.03979     0.03979     3.41883     1.4s
   144     0.09500     0.09500     4.18162     1.4s
   145     0.02973     0.02973     4.28104     1.4s
   146     0.04408     0.04408     4.62192     1.4s
   147     0.03327     0.03327     3.18922     1.4s
   148     0.06563     0.06563     3.08248     1.4s
   149     0.02783     0.02783     0.79618     1.4s
   150     0.00904     0.00904     4.66780     1.4s

Fine-tuning complete.
Best train loss: 0.00763 at epoch 47
Best model: /mimer/NOBACKUP/groups/caim1/dafne/checkpoints_real/best_model.pth
