This job can be monitored from: https://job.c3se.chalmers.se/alvis/6342330
============================================================
Real Data Fine-tuning — started 2026-04-06 16:34:22
Log: /mimer/NOBACKUP/groups/caim1/dafne/checkpoints_real/finetune_real.log
Pretrained: /mimer/NOBACKUP/groups/caim1/dafne/checkpoints_cfg/best_model.pth
Saving to:  /mimer/NOBACKUP/groups/caim1/dafne/checkpoints_real
LR=1e-05  WD=0.0001  epochs=150  smooth_lambda=1e-07
Train cases: ['copd01', 'copd02', 'copd03', 'copd04', 'copd05', 'copd06', 'copd07', 'copd08']
Test  cases: ['copd09', 'copd10']  (never used in training)
============================================================
Device: cuda

=== Loading training cases ===
  copd01  shape=(3, 128, 128, 64)  sample_mean=6.715 mm  sample_std=13.992 mm  normalised range=[-3.39, 3.25]
  copd02  shape=(3, 128, 128, 64)  sample_mean=5.153 mm  sample_std=9.085 mm  normalised range=[-3.33, 3.64]
  copd03  shape=(3, 128, 128, 64)  sample_mean=-0.831 mm  sample_std=7.559 mm  normalised range=[-3.90, 3.06]
  copd04  shape=(3, 128, 128, 64)  sample_mean=-2.785 mm  sample_std=18.562 mm  normalised range=[-3.30, 2.82]
  copd05  shape=(3, 128, 128, 64)  sample_mean=1.828 mm  sample_std=20.139 mm  normalised range=[-2.75, 2.62]
  copd06  shape=(3, 128, 128, 64)  sample_mean=3.215 mm  sample_std=14.541 mm  normalised range=[-3.12, 3.31]
  copd07  shape=(3, 128, 128, 64)  sample_mean=-2.134 mm  sample_std=11.971 mm  normalised range=[-3.03, 2.36]
  copd08  shape=(3, 128, 128, 64)  sample_mean=-1.276 mm  sample_std=15.704 mm  normalised range=[-3.85, 2.23]
Train batches per epoch: 40

Loaded CFG pretrained weights from: /mimer/NOBACKUP/groups/caim1/dafne/checkpoints_cfg/best_model.pth
Starting real data fine-tuning from scratch...

 Epoch       Train         MSE      Smooth      Time              
-----------------------------------------------------------------
     1     1.53576     1.53576     0.15963     1.9s *** BEST ***
     2     0.67804     0.67804     0.32615     1.4s *** BEST ***
     3     0.45835     0.45835     1.20166     1.4s *** BEST ***
     4     0.16244     0.16244     0.17635     1.4s *** BEST ***
     5     0.09512     0.09512     0.33480     1.4s *** BEST ***
     6     0.08371     0.08371     0.44171     1.4s *** BEST ***
     7     0.02340     0.02340     0.37099     1.4s *** BEST ***
     8     0.09227     0.09227     0.34037     1.4s
     9     0.09365     0.09365     0.36454     1.4s
    10     0.02420     0.02420     0.34926     1.4s
    11     0.01732     0.01732     0.17242     1.4s *** BEST ***
    12     0.07073     0.07073     0.20246     1.4s
    13     0.02984     0.02984     0.08196     1.4s
    14     0.13690     0.13690     0.49052     1.4s
    15     0.09560     0.09560     0.19366     1.4s
    16     0.04942     0.04942     0.20497     1.4s
    17     0.02795     0.02795     0.40393     1.4s
    18     0.06119     0.06119     0.42458     1.4s
    19     0.03626     0.03626     0.31571     1.4s
    20     0.06258     0.06258     0.40709     1.4s
    21     0.05371     0.05371     0.23301     1.4s
    22     0.05298     0.05298     0.26948     1.4s
    23     0.04410     0.04410     0.32525     1.4s
    24     0.07447     0.07447     0.41090     1.4s
    25     0.04174     0.04174     0.33692     1.4s
    26     0.04592     0.04592     0.37615     1.4s
    27     0.06227     0.06227     0.24244     1.4s
    28     0.03599     0.03599     0.21180     1.4s
    29     0.05620     0.05620     0.09539     1.4s
    30     0.07486     0.07486     0.29909     1.4s
    31     0.05082     0.05082     0.16812     1.4s
    32     0.05299     0.05299     0.27448     1.4s
    33     0.00351     0.00351     0.50212     1.4s *** BEST ***
    34     0.03621     0.03621     0.55025     1.4s
    35     0.12509     0.12509     0.22056     1.4s
    36     0.07341     0.07341     0.10926     1.4s
    37     0.03527     0.03527     0.30251     1.4s
    38     0.06467     0.06467     0.18090     1.4s
    39     0.01142     0.01142     0.39573     1.4s
    40     0.06010     0.06010     0.44962     1.4s
    41     0.01569     0.01569     0.13097     1.4s
    42     0.04269     0.04269     0.21344     1.4s
    43     0.04328     0.04328     0.27863     1.4s
    44     0.00806     0.00806     0.53122     1.4s
    45     0.01121     0.01121     0.33207     1.4s
    46     0.01586     0.01586     0.45487     1.4s
    47     0.05056     0.05056     0.31776     1.4s
    48     0.03488     0.03488     0.49762     1.4s
    49     0.03097     0.03097     0.32167     1.4s
    50     0.05040     0.05040     0.32655     1.4s
    51     0.02364     0.02364     0.28150     1.4s
    52     0.02812     0.02812     0.34816     1.4s
    53     0.05672     0.05672     0.07142     1.4s
    54     0.02959     0.02959     0.33137     1.4s
    55     0.09919     0.09919     0.26344     1.4s
    56     0.01204     0.01204     0.30363     1.4s
    57     0.06795     0.06795     0.21685     1.4s
    58     0.01281     0.01281     0.34544     1.4s
    59     0.01637     0.01637     0.58098     1.4s
    60     0.03727     0.03727     0.17230     1.4s
    61     0.03464     0.03464     0.19527     1.4s
    62     0.08614     0.08614     0.27489     1.4s
    63     0.02674     0.02674     0.31563     1.4s
    64     0.01104     0.01104     0.23004     1.4s
    65     0.08593     0.08593     0.22779     1.4s
    66     0.01887     0.01887     0.22350     1.4s
    67     0.00499     0.00499     0.52428     1.4s
    68     0.04448     0.04448     0.20997     1.4s
    69     0.01263     0.01263     0.26410     1.4s
    70     0.03175     0.03175     0.14512     1.4s
    71     0.01919     0.01919     0.43820     1.4s
    72     0.03354     0.03354     0.23009     1.4s
    73     0.01124     0.01124     0.40373     1.4s
    74     0.02069     0.02069     0.23421     1.4s
    75     0.01026     0.01026     0.41085     1.4s
    76     0.03387     0.03387     0.67407     1.4s
    77     0.01487     0.01487     0.31279     1.4s
    78     0.03098     0.03098     0.10218     1.4s
    79     0.00537     0.00537     0.11419     1.4s
    80     0.02087     0.02087     0.34589     1.4s
    81     0.02733     0.02733     0.28787     1.4s
    82     0.03950     0.03950     0.42310     1.4s
    83     0.01524     0.01524     0.24565     1.4s
    84     0.04538     0.04538     0.23870     1.4s
    85     0.04184     0.04184     0.19469     1.4s
    86     0.07815     0.07815     0.26393     1.4s
    87     0.00724     0.00724     0.26815     1.4s
    88     0.04182     0.04182     0.14970     1.4s
    89     0.04024     0.04024     0.20050     1.4s
    90     0.06038     0.06038     0.21553     1.4s
    91     0.00928     0.00928     0.10183     1.4s
    92     0.02732     0.02732     0.23368     1.4s
    93     0.03389     0.03389     0.30268     1.4s
    94     0.00480     0.00480     0.18413     1.4s
    95     0.07760     0.07760     0.46919     1.4s
    96     0.03397     0.03397     0.10259     1.4s
    97     0.06889     0.06889     0.13618     1.4s
    98     0.04461     0.04461     0.25671     1.4s
    99     0.02358     0.02358     0.33491     1.4s
   100     0.02565     0.02565     0.21050     1.4s
   101     0.04897     0.04897     0.32123     1.4s
   102     0.03197     0.03197     0.16179     1.4s
   103     0.02279     0.02279     0.29086     1.4s
   104     0.02655     0.02655     0.15888     1.4s
   105     0.03565     0.03565     0.21111     1.4s
   106     0.02502     0.02502     0.22026     1.4s
   107     0.01048     0.01048     0.21519     1.4s
   108     0.00900     0.00900     0.27539     1.4s
   109     0.01180     0.01180     0.38812     1.4s
   110     0.01765     0.01765     0.27455     1.4s
   111     0.05317     0.05317     0.07614     1.4s
   112     0.03113     0.03113     0.12098     1.4s
   113     0.00466     0.00466     0.36157     1.4s
   114     0.03285     0.03285     0.18052     1.4s
   115     0.00498     0.00498     0.26823     1.4s
   116     0.02633     0.02633     0.23813     1.4s
   117     0.03473     0.03473     0.28192     1.4s
   118     0.01552     0.01552     0.34574     1.4s
   119     0.04145     0.04145     0.08213     1.4s
   120     0.02233     0.02233     0.13517     1.4s
   121     0.02135     0.02135     0.19651     1.4s
   122     0.08496     0.08496     0.41415     1.4s
   123     0.01979     0.01979     0.37695     1.4s
   124     0.03079     0.03079     0.42636     1.4s
   125     0.03276     0.03276     0.36681     1.4s
   126     0.01569     0.01569     0.27042     1.4s
   127     0.03176     0.03176     0.37270     1.4s
   128     0.04017     0.04017     0.27758     1.4s
   129     0.02278     0.02278     0.32213     1.4s
   130     0.02797     0.02797     0.45741     1.4s
   131     0.01644     0.01644     0.16078     1.4s
   132     0.04071     0.04071     0.22194     1.4s
   133     0.03146     0.03146     0.30777     1.4s
   134     0.03880     0.03880     0.29453     1.4s
   135     0.04267     0.04267     0.62463     1.4s
   136     0.03835     0.03835     0.19636     1.4s
   137     0.02452     0.02452     0.19337     1.4s
   138     0.05055     0.05055     0.24984     1.4s
   139     0.03938     0.03938     0.17157     1.4s
   140     0.00672     0.00672     0.27013     1.4s
   141     0.02361     0.02361     0.29234     1.4s
   142     0.02692     0.02692     0.35410     1.4s
   143     0.01503     0.01503     0.21833     1.4s
   144     0.03598     0.03598     0.23058     1.4s
   145     0.02279     0.02279     0.36785     1.4s
   146     0.02981     0.02981     0.41212     1.4s
   147     0.02365     0.02365     0.26287     1.4s
   148     0.00891     0.00891     0.31433     1.4s
   149     0.04082     0.04082     0.29975     1.4s
   150     0.00964     0.00964     0.44693     1.4s

Fine-tuning complete.
Best train loss: 0.00351 at epoch 33
Best model: /mimer/NOBACKUP/groups/caim1/dafne/checkpoints_real/best_model.pth
