This job can be monitored from: https://job.c3se.chalmers.se/alvis/6415895
============================================================
Real Data Fine-tuning — 2026-04-15 17:42:03
LR=1e-05  WD=0.0001  epochs=250  smooth_lambda=1e-07
Slice fractions: [0.25, 0.375, 0.5, 0.625]  →  8 cases × 4 positions = 32 effective samples
Train: ['copd01', 'copd02', 'copd03', 'copd04', 'copd05', 'copd06', 'copd07', 'copd08']
Test:  ['copd09', 'copd10']
============================================================
Device: cuda
Real DVF stats: mean=1.2394 mm, std=15.0029 mm

=== Loading training cases ===
  copd01  mean_mag=9.265 mm  coronal H=[32, 48, 64, 80]  sagittal W=[32, 48, 64, 80]
  copd02  mean_mag=5.116 mm  coronal H=[32, 48, 64, 80]  sagittal W=[32, 48, 64, 80]
  copd03  mean_mag=3.931 mm  coronal H=[32, 48, 64, 80]  sagittal W=[32, 48, 64, 80]
  copd04  mean_mag=10.140 mm  coronal H=[32, 48, 64, 80]  sagittal W=[32, 48, 64, 80]
  copd05  mean_mag=11.287 mm  coronal H=[32, 48, 64, 80]  sagittal W=[32, 48, 64, 80]
  copd06  mean_mag=7.941 mm  coronal H=[32, 48, 64, 80]  sagittal W=[32, 48, 64, 80]
  copd07  mean_mag=6.433 mm  coronal H=[32, 48, 64, 80]  sagittal W=[32, 48, 64, 80]
  copd08  mean_mag=8.776 mm  coronal H=[32, 48, 64, 80]  sagittal W=[32, 48, 64, 80]
Total dataset size: 32 (8 cases × 4 positions)
Train batches per epoch: 40
Resumed from epoch 150 | Best: 0.00671

 Epoch       Train         MSE      Smooth      Time
-------------------------------------------------------
   151     0.03155     0.03155     2.55971     1.9s
   152     0.03773     0.03773     3.24483     1.4s
   153     0.04167     0.04167     1.87107     1.4s
   154     0.01827     0.01827     1.56360     1.4s
   155     0.00641     0.00641     1.24016     1.4s *** BEST ***
   156     0.04179     0.04179     2.07763     1.4s
   157     0.01362     0.01362     3.26345     1.4s
   158     0.02025     0.02025     4.14283     1.4s
   159     0.02164     0.02164     2.01418     1.4s
   160     0.01028     0.01028     6.58122     1.4s
   161     0.01775     0.01775     5.73254     1.4s
   162     0.05602     0.05602     5.53040     1.4s
   163     0.02130     0.02130     1.49649     1.4s
   164     0.03103     0.03103     3.39788     1.4s
   165     0.04739     0.04739     4.10565     1.4s
   166     0.01237     0.01237     5.48066     1.4s
   167     0.05276     0.05276     3.42316     1.4s
   168     0.01769     0.01769     5.63572     1.4s
   169     0.02243     0.02243     2.66324     1.4s
   170     0.01796     0.01796     2.74273     1.4s
   171     0.05085     0.05085     3.34336     1.4s
   172     0.01164     0.01164     3.03600     1.4s
   173     0.01618     0.01618     5.92881     1.4s
   174     0.02527     0.02526     4.76329     1.4s
   175     0.00908     0.00908     2.54531     1.4s
   176     0.02046     0.02046     1.50561     1.4s
   177     0.03535     0.03535     1.23392     1.4s
   178     0.01576     0.01576     3.17883     1.4s
   179     0.04077     0.04077     3.16956     1.4s
   180     0.02605     0.02605     1.65220     1.4s
   181     0.03575     0.03575     3.58449     1.4s
   182     0.01622     0.01622     3.64705     1.4s
   183     0.04208     0.04208     3.82831     1.4s
   184     0.01614     0.01614     4.00219     1.4s
   185     0.03563     0.03563     1.43155     1.4s
   186     0.04284     0.04284     3.33768     1.4s
   187     0.03395     0.03395     0.98476     1.4s
   188     0.02177     0.02177     8.33045     1.4s
   189     0.01937     0.01937     4.42392     1.4s
   190     0.00449     0.00449     3.70998     1.4s *** BEST ***
   191     0.03907     0.03907     4.11102     1.4s
   192     0.02876     0.02876     4.58410     1.4s
   193     0.06034     0.06034     1.10728     1.4s
   194     0.03928     0.03928     2.19646     1.4s
   195     0.02746     0.02746     2.68132     1.4s
   196     0.00707     0.00707     3.01197     1.4s
   197     0.04068     0.04068     1.27451     1.4s
   198     0.03298     0.03298     1.84484     1.4s
   199     0.02315     0.02315     1.73504     1.4s
   200     0.03339     0.03339     3.63762     1.4s
   201     0.03515     0.03514     4.80955     1.4s
   202     0.00814     0.00814     2.98074     1.4s
   203     0.03358     0.03358     6.52676     1.4s
   204     0.03088     0.03088     4.50616     1.4s
   205     0.00966     0.00966     3.06832     1.4s
   206     0.01982     0.01982     4.79111     1.4s
   207     0.00636     0.00636     5.62570     1.4s
   208     0.03507     0.03506     2.21506     1.4s
   209     0.01024     0.01024     2.93270     1.4s
   210     0.05645     0.05645     0.45619     1.4s
   211     0.02902     0.02902     4.53894     1.4s
   212     0.00813     0.00813     2.19864     1.4s
   213     0.02559     0.02559     3.60371     1.4s
   214     0.00575     0.00575     4.20880     1.4s
   215     0.03740     0.03740     3.20219     1.4s
   216     0.01701     0.01701     3.43026     1.4s
   217     0.05260     0.05260     1.35666     1.4s
   218     0.01631     0.01631     5.35172     1.4s
   219     0.01719     0.01719     5.65532     1.4s
   220     0.01706     0.01706     3.11862     1.4s
   221     0.01905     0.01905     3.04220     1.4s
   222     0.01563     0.01563     6.16184     1.4s
   223     0.01959     0.01959     4.59957     1.4s
   224     0.01525     0.01525     8.01122     1.4s
   225     0.01388     0.01388     4.87948     1.4s
   226     0.02386     0.02386     2.90125     1.4s
   227     0.01818     0.01818     2.20589     1.4s
   228     0.02858     0.02858     1.91365     1.4s
   229     0.02423     0.02423     1.20137     1.4s
   230     0.01445     0.01445     3.66737     1.4s
   231     0.04240     0.04239     3.52811     1.4s
   232     0.03989     0.03989     4.29317     1.4s
   233     0.05276     0.05276     6.60785     1.4s
   234     0.01891     0.01890     3.78577     1.4s
   235     0.00863     0.00863     2.33324     1.4s
   236     0.04940     0.04940     2.36662     1.4s
   237     0.02509     0.02509     9.16568     1.4s
   238     0.00842     0.00842     3.70540     1.4s
   239     0.01669     0.01668     3.45186     1.4s
   240     0.00619     0.00619     3.07607     1.4s
   241     0.01785     0.01785     3.62781     1.4s
   242     0.01418     0.01418     2.70811     1.4s
   243     0.03349     0.03349     4.09473     1.4s
   244     0.00986     0.00986     2.91952     1.4s
   245     0.03401     0.03401     3.93484     1.4s
   246     0.03341     0.03341     4.71842     1.4s
   247     0.06295     0.06295     3.19126     1.4s
   248     0.01156     0.01156     5.76003     1.4s
   249     0.01131     0.01131     4.01108     1.4s
   250     0.04618     0.04618     7.26050     1.4s

Done. Best: 0.00449 at epoch 190
