This job can be monitored from: https://job.c3se.chalmers.se/alvis/6342371
============================================================
RePaint Real Data Sampling — 2026-04-06 16:46:09
Resampling steps: 6  |  Temperature: 1.2
Test cases: ['copd09', 'copd10']
Normalisation: per-sample on motion voxels only
============================================================
Device: cuda
Loaded checkpoint epoch 33: /mimer/NOBACKUP/groups/caim1/dafne/checkpoints_real/best_model.pth

────────────────────────────────────────────────────────────
Processing copd09 (1/2)...
  Normalisation: mean=0.697 mm, std=9.455 mm
  Running stable RePaint (steps=6, T=1.2)...
  Done in 76.4s
  Loaded 300 landmarks for copd9

=============================================
  Case: copd09
  Method: Stable RePaint (steps=6, T=1.2)
  Normalisation: mean=0.697 mm, std=9.455 mm
  DVF resolution: 128x128x64  |  Voxel spacing: (1.25, 1.25, 5.0) mm
=============================================
  MAE  dx (LR):  28.0453 mm
  MAE  dy (AP):  91.1591 mm
  MAE  dz (SI):  80.4627 mm
---------------------------------------------
  Mean 3D Displacement Error: 127.1919 mm
---------------------------------------------
  TRE (landmarks):            143.0020 mm
  TRE initial (no reg):        14.8600 mm
  TRE after GT registration:    0.6412 mm
---------------------------------------------
  Non-Jacobian fraction:        3.232 %
=============================================

  Saved /mimer/NOBACKUP/groups/caim1/dafne/results/RePaint_Real/copd09_fig1_overview.png
  Saved /mimer/NOBACKUP/groups/caim1/dafne/results/RePaint_Real/copd09_fig2_components.png

────────────────────────────────────────────────────────────
Processing copd10 (2/2)...
  Normalisation: mean=-1.944 mm, std=13.594 mm
  Running stable RePaint (steps=6, T=1.2)...
  Done in 76.1s
  Loaded 300 landmarks for copd10

=============================================
  Case: copd10
  Method: Stable RePaint (steps=6, T=1.2)
  Normalisation: mean=-1.944 mm, std=13.594 mm
  DVF resolution: 128x128x64  |  Voxel spacing: (1.25, 1.25, 5.0) mm
=============================================
  MAE  dx (LR):  43.2503 mm
  MAE  dy (AP): 134.1984 mm
  MAE  dz (SI): 124.1556 mm
---------------------------------------------
  Mean 3D Displacement Error: 190.6808 mm
---------------------------------------------
  TRE (landmarks):            202.2404 mm
  TRE initial (no reg):        21.8060 mm
  TRE after GT registration:    0.8498 mm
---------------------------------------------
  Non-Jacobian fraction:        3.389 %
=============================================

  Saved /mimer/NOBACKUP/groups/caim1/dafne/results/RePaint_Real/copd10_fig1_overview.png
  Saved /mimer/NOBACKUP/groups/caim1/dafne/results/RePaint_Real/copd10_fig2_components.png

============================================================
SUMMARY
============================================================
  MAE dx: 35.6478 mm
  MAE dy: 112.6787 mm
  MAE dz: 102.3091 mm
  MDE:    158.9364 mm
  TRE:    172.6212 mm
  NJ:     3.310 %


Done. Results: /mimer/NOBACKUP/groups/caim1/dafne/results/RePaint_Real
Finished: 2026-04-06 16:48:49
