This job can be monitored from: https://job.c3se.chalmers.se/alvis/6342117
============================================================
RePaint Real Data Sampling — started 2026-04-06 15:35:02
Log: /mimer/NOBACKUP/groups/caim1/dafne/results/RePaint_Real/sampling.log
Resampling steps: 6  |  Temperature: 1.2
Test cases: ['copd09', 'copd10']
============================================================
Device: cuda
DVF stats: mean=-3.174312, std=10.820530
  (loaded from checkpoint dict, epoch 47)
Loaded: /mimer/NOBACKUP/groups/caim1/dafne/checkpoints_real/best_model.pth

────────────────────────────────────────────────────────────
Processing copd09 (1/2)...
  Running RePaint (steps=6, T=1.2)...
  Done in 75.6s
  Loaded 300 landmarks for copd9

=============================================
  Case: copd09
  Method: RePaint (steps=6, T=1.2)
  DVF resolution: 128x128x64
  Voxel spacing: (1.25, 1.25, 5.0) mm
=============================================
  MAE  dx (LR):   3.5743 mm
  MAE  dy (AP):   4.6372 mm
  MAE  dz (SI):   3.1020 mm
---------------------------------------------
  Mean 3D Displacement Error:   7.5843 mm
---------------------------------------------
  TRE (landmarks):             14.1660 mm
  TRE initial (no reg):        14.8600 mm
  TRE after GT registration:    0.6412 mm
---------------------------------------------
  Non-Jacobian fraction:        0.000 %
=============================================

  Saved /mimer/NOBACKUP/groups/caim1/dafne/results/RePaint_Real/copd09_fig1_overview.png
  Saved /mimer/NOBACKUP/groups/caim1/dafne/results/RePaint_Real/copd09_fig2_components.png

────────────────────────────────────────────────────────────
Processing copd10 (2/2)...
  Running RePaint (steps=6, T=1.2)...
  Done in 75.3s
  Loaded 300 landmarks for copd10

=============================================
  Case: copd10
  Method: RePaint (steps=6, T=1.2)
  DVF resolution: 128x128x64
  Voxel spacing: (1.25, 1.25, 5.0) mm
=============================================
  MAE  dx (LR):   5.1668 mm
  MAE  dy (AP):   6.8862 mm
  MAE  dz (SI):   4.5901 mm
---------------------------------------------
  Mean 3D Displacement Error:  11.2539 mm
---------------------------------------------
  TRE (landmarks):             26.7443 mm
  TRE initial (no reg):        21.8060 mm
  TRE after GT registration:    0.8498 mm
---------------------------------------------
  Non-Jacobian fraction:        0.000 %
=============================================

  Saved /mimer/NOBACKUP/groups/caim1/dafne/results/RePaint_Real/copd10_fig1_overview.png
  Saved /mimer/NOBACKUP/groups/caim1/dafne/results/RePaint_Real/copd10_fig2_components.png

============================================================
SUMMARY — both test cases
============================================================
  MAE  dx (LR):   4.3705 mm
  MAE  dy (AP):   5.7617 mm
  MAE  dz (SI):   3.8461 mm
  MDE:            9.4191 mm
  TRE:          20.4552 mm
  Non-Jacobian:   0.000 %

