Traceback (most recent call last):
  File "/mimer/NOBACKUP/groups/caim1/dafne/code/sample_repaint_real_pretrainedweights.py", line 497, in <module>
    main()
  File "/mimer/NOBACKUP/groups/caim1/dafne/code/sample_repaint_real_pretrainedweights.py", line 374, in main
    model.load_state_dict(ckpt)
  File "/mimer/NOBACKUP/groups/caim1/dafne/venv/lib/python3.10/site-packages/torch/nn/modules/module.py", line 2593, in load_state_dict
    raise RuntimeError(
RuntimeError: Error(s) in loading state_dict for DiffusionModelManager:
	size mismatch for slice_to_vol.coronal_encoder.2.weight: copying a param with shape torch.Size([32, 16, 3, 3]) from checkpoint, the shape in current model is torch.Size([16, 16, 3, 3]).
	size mismatch for slice_to_vol.coronal_encoder.2.bias: copying a param with shape torch.Size([32]) from checkpoint, the shape in current model is torch.Size([16]).
	size mismatch for slice_to_vol.sagittal_encoder.2.weight: copying a param with shape torch.Size([32, 16, 3, 3]) from checkpoint, the shape in current model is torch.Size([16, 16, 3, 3]).
	size mismatch for slice_to_vol.sagittal_encoder.2.bias: copying a param with shape torch.Size([32]) from checkpoint, the shape in current model is torch.Size([16]).
	size mismatch for slice_to_vol.fusion.weight: copying a param with shape torch.Size([32, 32, 3, 3, 3]) from checkpoint, the shape in current model is torch.Size([16, 16, 3, 3, 3]).
	size mismatch for slice_to_vol.fusion.bias: copying a param with shape torch.Size([32]) from checkpoint, the shape in current model is torch.Size([16]).
	size mismatch for unet.time_proj1.weight: copying a param with shape torch.Size([64, 64]) from checkpoint, the shape in current model is torch.Size([32, 64]).
	size mismatch for unet.time_proj1.bias: copying a param with shape torch.Size([64]) from checkpoint, the shape in current model is torch.Size([32]).
	size mismatch for unet.time_proj2.weight: copying a param with shape torch.Size([128, 64]) from checkpoint, the shape in current model is torch.Size([64, 64]).
	size mismatch for unet.time_proj2.bias: copying a param with shape torch.Size([128]) from checkpoint, the shape in current model is torch.Size([64]).
	size mismatch for unet.time_proj_mid.weight: copying a param with shape torch.Size([128, 64]) from checkpoint, the shape in current model is torch.Size([64, 64]).
	size mismatch for unet.time_proj_mid.bias: copying a param with shape torch.Size([128]) from checkpoint, the shape in current model is torch.Size([64]).
	size mismatch for unet.enc1.weight: copying a param with shape torch.Size([64, 35, 3, 3, 3]) from checkpoint, the shape in current model is torch.Size([32, 19, 3, 3, 3]).
	size mismatch for unet.enc1.bias: copying a param with shape torch.Size([64]) from checkpoint, the shape in current model is torch.Size([32]).
	size mismatch for unet.enc2.weight: copying a param with shape torch.Size([128, 64, 3, 3, 3]) from checkpoint, the shape in current model is torch.Size([64, 32, 3, 3, 3]).
	size mismatch for unet.enc2.bias: copying a param with shape torch.Size([128]) from checkpoint, the shape in current model is torch.Size([64]).
	size mismatch for unet.mid.weight: copying a param with shape torch.Size([128, 128, 3, 3, 3]) from checkpoint, the shape in current model is torch.Size([64, 64, 3, 3, 3]).
	size mismatch for unet.mid.bias: copying a param with shape torch.Size([128]) from checkpoint, the shape in current model is torch.Size([64]).
	size mismatch for unet.mid_res.block.0.weight: copying a param with shape torch.Size([128, 128, 3, 3, 3]) from checkpoint, the shape in current model is torch.Size([64, 64, 3, 3, 3]).
	size mismatch for unet.mid_res.block.0.bias: copying a param with shape torch.Size([128]) from checkpoint, the shape in current model is torch.Size([64]).
	size mismatch for unet.mid_res.block.1.weight: copying a param with shape torch.Size([128]) from checkpoint, the shape in current model is torch.Size([64]).
	size mismatch for unet.mid_res.block.1.bias: copying a param with shape torch.Size([128]) from checkpoint, the shape in current model is torch.Size([64]).
	size mismatch for unet.mid_res.block.3.weight: copying a param with shape torch.Size([128, 128, 3, 3, 3]) from checkpoint, the shape in current model is torch.Size([64, 64, 3, 3, 3]).
	size mismatch for unet.mid_res.block.3.bias: copying a param with shape torch.Size([128]) from checkpoint, the shape in current model is torch.Size([64]).
	size mismatch for unet.mid_res.block.4.weight: copying a param with shape torch.Size([128]) from checkpoint, the shape in current model is torch.Size([64]).
	size mismatch for unet.mid_res.block.4.bias: copying a param with shape torch.Size([128]) from checkpoint, the shape in current model is torch.Size([64]).
	size mismatch for unet.dec1.weight: copying a param with shape torch.Size([128, 64, 2, 2, 2]) from checkpoint, the shape in current model is torch.Size([64, 32, 2, 2, 2]).
	size mismatch for unet.dec1.bias: copying a param with shape torch.Size([64]) from checkpoint, the shape in current model is torch.Size([32]).
	size mismatch for unet.out.weight: copying a param with shape torch.Size([3, 64, 3, 3, 3]) from checkpoint, the shape in current model is torch.Size([3, 32, 3, 3, 3]).
