This job can be monitored from: https://job.c3se.chalmers.se/alvis/6415950
============================================================
RePaint Real Data — 2026-04-15 18:14:05
Resampling steps: 5  |  No temperature scaling
Test cases: ['copd09', 'copd10']
============================================================
Device: cuda
Real DVF stats: mean=1.2394 mm, std=15.0029 mm
Loaded checkpoint epoch 66: /mimer/NOBACKUP/groups/caim1/dafne/checkpoints_real/augmentation/best_model.pth

────────────────────────────────────────────────────────────
Processing copd09 (1/2)...
  Motion mask: 1048558 / 1048576 voxels (100.0%)
  Known coronal non-zero: 8192 / 8192 voxels
  Known sagittal non-zero: 8192 / 8192 voxels
  Running RePaint (steps=5)...
  Done in 62.9s
  Loaded 300 landmarks for copd9

=============================================
  Case: copd09
  Method: RePaint (steps=5, no temperature)
  Evaluation: motion voxels only (border excluded)
  Normalisation: mean=1.239 mm, std=15.003 mm (global real)
  DVF resolution: 128x128x64  |  Voxel spacing: (1.25, 1.25, 5.0) mm
=============================================
  MAE  dx (LR):   2.6937 mm
  MAE  dy (AP):  13.7607 mm
  MAE  dz (SI):   3.7163 mm
---------------------------------------------
  Mean 3D Displacement Error:  15.4252 mm
---------------------------------------------
  TRE (landmarks):             29.9022 mm
  TRE initial (no reg):        14.8600 mm
  TRE after GT registration:    0.6412 mm
=============================================

  Saved /mimer/NOBACKUP/groups/caim1/dafne/results/RePaint_Real/augmentation/wo_border/copd09_fig1_overview.png
  Saved /mimer/NOBACKUP/groups/caim1/dafne/results/RePaint_Real/augmentation/wo_border/copd09_fig2_components.png

────────────────────────────────────────────────────────────
Processing copd10 (2/2)...
  Motion mask: 1048564 / 1048576 voxels (100.0%)
  Known coronal non-zero: 8192 / 8192 voxels
  Known sagittal non-zero: 8192 / 8192 voxels
  Running RePaint (steps=5)...
  Done in 62.7s
  Loaded 300 landmarks for copd10

=============================================
  Case: copd10
  Method: RePaint (steps=5, no temperature)
  Evaluation: motion voxels only (border excluded)
  Normalisation: mean=1.239 mm, std=15.003 mm (global real)
  DVF resolution: 128x128x64  |  Voxel spacing: (1.25, 1.25, 5.0) mm
=============================================
  MAE  dx (LR):   3.1770 mm
  MAE  dy (AP):   4.5833 mm
  MAE  dz (SI):   6.4179 mm
---------------------------------------------
  Mean 3D Displacement Error:   9.8065 mm
---------------------------------------------
  TRE (landmarks):             26.5048 mm
  TRE initial (no reg):        21.8060 mm
  TRE after GT registration:    0.8498 mm
=============================================

  Saved /mimer/NOBACKUP/groups/caim1/dafne/results/RePaint_Real/augmentation/wo_border/copd10_fig1_overview.png
  Saved /mimer/NOBACKUP/groups/caim1/dafne/results/RePaint_Real/augmentation/wo_border/copd10_fig2_components.png

============================================================
SUMMARY
============================================================
  MAE dx: 2.9353 mm
  MAE dy: 9.1720 mm
  MAE dz: 5.0671 mm
  MDE:    12.6159 mm
  TRE:    28.2035 mm


Done. Results: /mimer/NOBACKUP/groups/caim1/dafne/results/RePaint_Real/augmentation/wo_border
Finished: 2026-04-15 18:16:18
