This job can be monitored from: https://job.c3se.chalmers.se/alvis/6367624
============================================================
RePaint Sampling — started 2026-04-09 16:18:45
Log: /mimer/NOBACKUP/groups/caim1/dafne/results/32_condchannels/RePaint_Sampling_ressteps6/sampling.log
Resampling steps: 6  |  Temperature: 1
============================================================
Device: cuda
Voxel spacing (downsampled): (1.25, 1.25, 5.0) mm
DVF stats: mean=-3.174312, std=10.820530
Test samples: 100
Loaded: /mimer/NOBACKUP/groups/caim1/dafne/checkpoints/32_condchannels/best_model.pth

Running RePaint sampling (resampling_steps=6, temperature=1) on 100 test samples...
  Sample 001/100 | elapsed: 0:01:55 | per sample: 115s | ETA: 3:09:49
  Sample 002/100 | elapsed: 0:03:49 | per sample: 115s | ETA: 3:07:31
  Sample 003/100 | elapsed: 0:05:44 | per sample: 115s | ETA: 3:05:29
  Sample 004/100 | elapsed: 0:07:38 | per sample: 115s | ETA: 3:03:31
  Sample 005/100 | elapsed: 0:09:33 | per sample: 115s | ETA: 3:01:34
  Sample 006/100 | elapsed: 0:11:27 | per sample: 115s | ETA: 2:59:38
  Sample 007/100 | elapsed: 0:13:22 | per sample: 115s | ETA: 2:57:42
  Sample 008/100 | elapsed: 0:15:17 | per sample: 115s | ETA: 2:55:47
  Sample 009/100 | elapsed: 0:17:11 | per sample: 115s | ETA: 2:53:52
  Sample 010/100 | elapsed: 0:19:06 | per sample: 115s | ETA: 2:51:57
  Sample 011/100 | elapsed: 0:21:00 | per sample: 115s | ETA: 2:50:02
  Sample 012/100 | elapsed: 0:22:55 | per sample: 115s | ETA: 2:48:07
  Sample 013/100 | elapsed: 0:24:50 | per sample: 115s | ETA: 2:46:12
  Sample 014/100 | elapsed: 0:26:44 | per sample: 115s | ETA: 2:44:17
  Sample 015/100 | elapsed: 0:28:39 | per sample: 115s | ETA: 2:42:22
  Sample 016/100 | elapsed: 0:30:33 | per sample: 115s | ETA: 2:40:27
  Sample 017/100 | elapsed: 0:32:28 | per sample: 115s | ETA: 2:38:33
  Sample 018/100 | elapsed: 0:34:23 | per sample: 115s | ETA: 2:36:38
  Sample 019/100 | elapsed: 0:36:17 | per sample: 115s | ETA: 2:34:43
  Sample 020/100 | elapsed: 0:38:12 | per sample: 115s | ETA: 2:32:48
  Sample 021/100 | elapsed: 0:40:06 | per sample: 115s | ETA: 2:30:54
  Sample 022/100 | elapsed: 0:42:01 | per sample: 115s | ETA: 2:28:59
  Sample 023/100 | elapsed: 0:43:55 | per sample: 115s | ETA: 2:27:04
  Sample 024/100 | elapsed: 0:45:50 | per sample: 115s | ETA: 2:25:09
  Sample 025/100 | elapsed: 0:47:45 | per sample: 115s | ETA: 2:23:15
  Sample 026/100 | elapsed: 0:49:39 | per sample: 115s | ETA: 2:21:20
  Sample 027/100 | elapsed: 0:51:34 | per sample: 115s | ETA: 2:19:25
  Sample 028/100 | elapsed: 0:53:28 | per sample: 115s | ETA: 2:17:31
  Sample 029/100 | elapsed: 0:55:23 | per sample: 115s | ETA: 2:15:36
  Sample 030/100 | elapsed: 0:57:17 | per sample: 115s | ETA: 2:13:41
  Sample 031/100 | elapsed: 0:59:12 | per sample: 115s | ETA: 2:11:47
  Sample 032/100 | elapsed: 1:01:07 | per sample: 115s | ETA: 2:09:52
  Sample 033/100 | elapsed: 1:03:01 | per sample: 115s | ETA: 2:07:57
  Sample 034/100 | elapsed: 1:04:56 | per sample: 115s | ETA: 2:06:03
  Sample 035/100 | elapsed: 1:06:50 | per sample: 115s | ETA: 2:04:08
  Sample 036/100 | elapsed: 1:08:45 | per sample: 115s | ETA: 2:02:14
  Sample 037/100 | elapsed: 1:10:40 | per sample: 115s | ETA: 2:00:19
  Sample 038/100 | elapsed: 1:12:34 | per sample: 115s | ETA: 1:58:24
  Sample 039/100 | elapsed: 1:14:29 | per sample: 115s | ETA: 1:56:30
  Sample 040/100 | elapsed: 1:16:23 | per sample: 115s | ETA: 1:54:35
  Sample 041/100 | elapsed: 1:18:18 | per sample: 115s | ETA: 1:52:41
  Sample 042/100 | elapsed: 1:20:12 | per sample: 115s | ETA: 1:50:46
  Sample 043/100 | elapsed: 1:22:07 | per sample: 115s | ETA: 1:48:51
  Sample 044/100 | elapsed: 1:24:02 | per sample: 115s | ETA: 1:46:57
  Sample 045/100 | elapsed: 1:25:56 | per sample: 115s | ETA: 1:45:02
  Sample 046/100 | elapsed: 1:27:51 | per sample: 115s | ETA: 1:43:08
  Sample 047/100 | elapsed: 1:29:45 | per sample: 115s | ETA: 1:41:13
  Sample 048/100 | elapsed: 1:31:40 | per sample: 115s | ETA: 1:39:18
  Sample 049/100 | elapsed: 1:33:35 | per sample: 115s | ETA: 1:37:24
  Sample 050/100 | elapsed: 1:35:29 | per sample: 115s | ETA: 1:35:29
  Sample 051/100 | elapsed: 1:37:24 | per sample: 115s | ETA: 1:33:35
  Sample 052/100 | elapsed: 1:39:18 | per sample: 115s | ETA: 1:31:40
  Sample 053/100 | elapsed: 1:41:13 | per sample: 115s | ETA: 1:29:45
  Sample 054/100 | elapsed: 1:43:08 | per sample: 115s | ETA: 1:27:51
  Sample 055/100 | elapsed: 1:45:02 | per sample: 115s | ETA: 1:25:56
  Sample 056/100 | elapsed: 1:46:57 | per sample: 115s | ETA: 1:24:02
  Sample 057/100 | elapsed: 1:48:51 | per sample: 115s | ETA: 1:22:07
  Sample 058/100 | elapsed: 1:50:46 | per sample: 115s | ETA: 1:20:12
  Sample 059/100 | elapsed: 1:52:40 | per sample: 115s | ETA: 1:18:18
  Sample 060/100 | elapsed: 1:54:35 | per sample: 115s | ETA: 1:16:23
  Sample 061/100 | elapsed: 1:56:30 | per sample: 115s | ETA: 1:14:29
  Sample 062/100 | elapsed: 1:58:24 | per sample: 115s | ETA: 1:12:34
  Sample 063/100 | elapsed: 2:00:19 | per sample: 115s | ETA: 1:10:39
  Sample 064/100 | elapsed: 2:02:13 | per sample: 115s | ETA: 1:08:45
  Sample 065/100 | elapsed: 2:04:08 | per sample: 115s | ETA: 1:06:50
  Sample 066/100 | elapsed: 2:06:02 | per sample: 115s | ETA: 1:04:56
  Sample 067/100 | elapsed: 2:07:57 | per sample: 115s | ETA: 1:03:01
  Sample 068/100 | elapsed: 2:09:52 | per sample: 115s | ETA: 1:01:06
  Sample 069/100 | elapsed: 2:11:46 | per sample: 115s | ETA: 0:59:12
  Sample 070/100 | elapsed: 2:13:41 | per sample: 115s | ETA: 0:57:17
  Sample 071/100 | elapsed: 2:15:35 | per sample: 115s | ETA: 0:55:23
  Sample 072/100 | elapsed: 2:17:30 | per sample: 115s | ETA: 0:53:28
  Sample 073/100 | elapsed: 2:19:25 | per sample: 115s | ETA: 0:51:33
  Sample 074/100 | elapsed: 2:21:19 | per sample: 115s | ETA: 0:49:39
  Sample 075/100 | elapsed: 2:23:14 | per sample: 115s | ETA: 0:47:44
  Sample 076/100 | elapsed: 2:25:08 | per sample: 115s | ETA: 0:45:50
  Sample 077/100 | elapsed: 2:27:03 | per sample: 115s | ETA: 0:43:55
  Sample 078/100 | elapsed: 2:28:58 | per sample: 115s | ETA: 0:42:00
  Sample 079/100 | elapsed: 2:30:52 | per sample: 115s | ETA: 0:40:06
  Sample 080/100 | elapsed: 2:32:47 | per sample: 115s | ETA: 0:38:11
  Sample 081/100 | elapsed: 2:34:41 | per sample: 115s | ETA: 0:36:17
  Sample 082/100 | elapsed: 2:36:36 | per sample: 115s | ETA: 0:34:22
  Sample 083/100 | elapsed: 2:38:31 | per sample: 115s | ETA: 0:32:28
  Sample 084/100 | elapsed: 2:40:25 | per sample: 115s | ETA: 0:30:33
  Sample 085/100 | elapsed: 2:42:20 | per sample: 115s | ETA: 0:28:38
  Sample 086/100 | elapsed: 2:44:14 | per sample: 115s | ETA: 0:26:44
  Sample 087/100 | elapsed: 2:46:09 | per sample: 115s | ETA: 0:24:49
  Sample 088/100 | elapsed: 2:48:03 | per sample: 115s | ETA: 0:22:55
  Sample 089/100 | elapsed: 2:49:58 | per sample: 115s | ETA: 0:21:00
  Sample 090/100 | elapsed: 2:51:53 | per sample: 115s | ETA: 0:19:05
  Sample 091/100 | elapsed: 2:53:47 | per sample: 115s | ETA: 0:17:11
  Sample 092/100 | elapsed: 2:55:42 | per sample: 115s | ETA: 0:15:16
  Sample 093/100 | elapsed: 2:57:36 | per sample: 115s | ETA: 0:13:22
  Sample 094/100 | elapsed: 2:59:31 | per sample: 115s | ETA: 0:11:27
  Sample 095/100 | elapsed: 3:01:26 | per sample: 115s | ETA: 0:09:32
  Sample 096/100 | elapsed: 3:03:20 | per sample: 115s | ETA: 0:07:38
  Sample 097/100 | elapsed: 3:05:15 | per sample: 115s | ETA: 0:05:43
  Sample 098/100 | elapsed: 3:07:09 | per sample: 115s | ETA: 0:03:49
  Sample 099/100 | elapsed: 3:09:04 | per sample: 115s | ETA: 0:01:54
  Sample 100/100 | elapsed: 3:10:59 | per sample: 115s | ETA: 0:00:00

Sampling complete. Shape: (100, 3, 128, 128, 64)

Computing metrics...

=============================================
  Method: RePaint Sampling
  Resampling steps: 6
  Temperature: 1
  Test samples: 100
  DVF resolution: 128x128x64
  Voxel spacing: (1.25, 1.25, 5.0) mm
=============================================
  MAE  dx (LR):   2.1801 mm
  MAE  dy (AP):   3.4953 mm
  MAE  dz (SI):   5.5623 mm
---------------------------------------------
  Mean 3D Displacement Error:   7.8532 mm
---------------------------------------------
  TRE (grid landmarks):         8.2871 mm
---------------------------------------------
  Non-Jacobian fraction (normalised space):
    Predicted:    0.000 %
    GT:           0.000 %
=============================================

Metrics saved to: /mimer/NOBACKUP/groups/caim1/dafne/results/32_condchannels/RePaint_Sampling_ressteps6/metrics.txt

Visualising samples: [81, 14, 3]

  Plotting sample 81...
  Saved /mimer/NOBACKUP/groups/caim1/dafne/results/32_condchannels/RePaint_Sampling_ressteps6/sample_081_fig1_overview.png
  Saved /mimer/NOBACKUP/groups/caim1/dafne/results/32_condchannels/RePaint_Sampling_ressteps6/sample_081_compact.png

  Plotting sample 14...
  Saved /mimer/NOBACKUP/groups/caim1/dafne/results/32_condchannels/RePaint_Sampling_ressteps6/sample_014_fig1_overview.png
  Saved /mimer/NOBACKUP/groups/caim1/dafne/results/32_condchannels/RePaint_Sampling_ressteps6/sample_014_compact.png

  Plotting sample 3...
  Saved /mimer/NOBACKUP/groups/caim1/dafne/results/32_condchannels/RePaint_Sampling_ressteps6/sample_003_fig1_overview.png
  Saved /mimer/NOBACKUP/groups/caim1/dafne/results/32_condchannels/RePaint_Sampling_ressteps6/sample_003_compact.png

============================================================
Done. Results saved to: /mimer/NOBACKUP/groups/caim1/dafne/results/32_condchannels/RePaint_Sampling_ressteps6
Finished: 2026-04-09 19:29:55
============================================================
