This job can be monitored from: https://job.c3se.chalmers.se/alvis/6340556
============================================================
RePaint Sampling — started 2026-04-06 10:22:51
Log: /mimer/NOBACKUP/groups/caim1/dafne/results/RePaint_Sampling_ressteps6/sampling.log
Resampling steps: 6
============================================================
Device: cuda
Voxel spacing (downsampled): (1.25, 1.25, 5.0) mm
DVF stats: mean=-3.174312, std=10.820530
Test samples: 100
Loaded: /mimer/NOBACKUP/groups/caim1/dafne/checkpoints/best_model.pth

Running RePaint sampling (resampling_steps=6) on 100 test samples...
  Sample 001/100 | elapsed: 0:01:15 | per sample: 76s | ETA: 2:05:03
  Sample 002/100 | elapsed: 0:02:31 | per sample: 76s | ETA: 2:03:28
  Sample 003/100 | elapsed: 0:03:46 | per sample: 76s | ETA: 2:02:06
  Sample 004/100 | elapsed: 0:05:01 | per sample: 75s | ETA: 2:00:47
  Sample 005/100 | elapsed: 0:06:17 | per sample: 75s | ETA: 1:59:30
  Sample 006/100 | elapsed: 0:07:32 | per sample: 75s | ETA: 1:58:13
  Sample 007/100 | elapsed: 0:08:48 | per sample: 75s | ETA: 1:56:57
  Sample 008/100 | elapsed: 0:10:03 | per sample: 75s | ETA: 1:55:41
  Sample 009/100 | elapsed: 0:11:18 | per sample: 75s | ETA: 1:54:25
  Sample 010/100 | elapsed: 0:12:34 | per sample: 75s | ETA: 1:53:09
  Sample 011/100 | elapsed: 0:13:49 | per sample: 75s | ETA: 1:51:53
  Sample 012/100 | elapsed: 0:15:05 | per sample: 75s | ETA: 1:50:37
  Sample 013/100 | elapsed: 0:16:20 | per sample: 75s | ETA: 1:49:22
  Sample 014/100 | elapsed: 0:17:35 | per sample: 75s | ETA: 1:48:06
  Sample 015/100 | elapsed: 0:18:51 | per sample: 75s | ETA: 1:46:51
  Sample 016/100 | elapsed: 0:20:06 | per sample: 75s | ETA: 1:45:35
  Sample 017/100 | elapsed: 0:21:22 | per sample: 75s | ETA: 1:44:19
  Sample 018/100 | elapsed: 0:22:37 | per sample: 75s | ETA: 1:43:04
  Sample 019/100 | elapsed: 0:23:52 | per sample: 75s | ETA: 1:41:48
  Sample 020/100 | elapsed: 0:25:08 | per sample: 75s | ETA: 1:40:33
  Sample 021/100 | elapsed: 0:26:23 | per sample: 75s | ETA: 1:39:17
  Sample 022/100 | elapsed: 0:27:39 | per sample: 75s | ETA: 1:38:02
  Sample 023/100 | elapsed: 0:28:54 | per sample: 75s | ETA: 1:36:46
  Sample 024/100 | elapsed: 0:30:09 | per sample: 75s | ETA: 1:35:31
  Sample 025/100 | elapsed: 0:31:25 | per sample: 75s | ETA: 1:34:15
  Sample 026/100 | elapsed: 0:32:40 | per sample: 75s | ETA: 1:33:00
  Sample 027/100 | elapsed: 0:33:56 | per sample: 75s | ETA: 1:31:45
  Sample 028/100 | elapsed: 0:35:11 | per sample: 75s | ETA: 1:30:29
  Sample 029/100 | elapsed: 0:36:26 | per sample: 75s | ETA: 1:29:14
  Sample 030/100 | elapsed: 0:37:42 | per sample: 75s | ETA: 1:27:58
  Sample 031/100 | elapsed: 0:38:57 | per sample: 75s | ETA: 1:26:43
  Sample 032/100 | elapsed: 0:40:13 | per sample: 75s | ETA: 1:25:27
  Sample 033/100 | elapsed: 0:41:28 | per sample: 75s | ETA: 1:24:12
  Sample 034/100 | elapsed: 0:42:43 | per sample: 75s | ETA: 1:22:57
  Sample 035/100 | elapsed: 0:43:59 | per sample: 75s | ETA: 1:21:41
  Sample 036/100 | elapsed: 0:45:14 | per sample: 75s | ETA: 1:20:26
  Sample 037/100 | elapsed: 0:46:30 | per sample: 75s | ETA: 1:19:10
  Sample 038/100 | elapsed: 0:47:45 | per sample: 75s | ETA: 1:17:55
  Sample 039/100 | elapsed: 0:49:00 | per sample: 75s | ETA: 1:16:39
  Sample 040/100 | elapsed: 0:50:16 | per sample: 75s | ETA: 1:15:24
  Sample 041/100 | elapsed: 0:51:31 | per sample: 75s | ETA: 1:14:09
  Sample 042/100 | elapsed: 0:52:47 | per sample: 75s | ETA: 1:12:53
  Sample 043/100 | elapsed: 0:54:02 | per sample: 75s | ETA: 1:11:38
  Sample 044/100 | elapsed: 0:55:17 | per sample: 75s | ETA: 1:10:22
  Sample 045/100 | elapsed: 0:56:33 | per sample: 75s | ETA: 1:09:07
  Sample 046/100 | elapsed: 0:57:48 | per sample: 75s | ETA: 1:07:51
  Sample 047/100 | elapsed: 0:59:04 | per sample: 75s | ETA: 1:06:36
  Sample 048/100 | elapsed: 1:00:19 | per sample: 75s | ETA: 1:05:21
  Sample 049/100 | elapsed: 1:01:34 | per sample: 75s | ETA: 1:04:05
  Sample 050/100 | elapsed: 1:02:50 | per sample: 75s | ETA: 1:02:50
  Sample 051/100 | elapsed: 1:04:05 | per sample: 75s | ETA: 1:01:34
  Sample 052/100 | elapsed: 1:05:21 | per sample: 75s | ETA: 1:00:19
  Sample 053/100 | elapsed: 1:06:36 | per sample: 75s | ETA: 0:59:04
  Sample 054/100 | elapsed: 1:07:51 | per sample: 75s | ETA: 0:57:48
  Sample 055/100 | elapsed: 1:09:07 | per sample: 75s | ETA: 0:56:33
  Sample 056/100 | elapsed: 1:10:22 | per sample: 75s | ETA: 0:55:17
  Sample 057/100 | elapsed: 1:11:38 | per sample: 75s | ETA: 0:54:02
  Sample 058/100 | elapsed: 1:12:53 | per sample: 75s | ETA: 0:52:47
  Sample 059/100 | elapsed: 1:14:08 | per sample: 75s | ETA: 0:51:31
  Sample 060/100 | elapsed: 1:15:24 | per sample: 75s | ETA: 0:50:16
  Sample 061/100 | elapsed: 1:16:39 | per sample: 75s | ETA: 0:49:00
  Sample 062/100 | elapsed: 1:17:55 | per sample: 75s | ETA: 0:47:45
  Sample 063/100 | elapsed: 1:19:10 | per sample: 75s | ETA: 0:46:29
  Sample 064/100 | elapsed: 1:20:25 | per sample: 75s | ETA: 0:45:14
  Sample 065/100 | elapsed: 1:21:41 | per sample: 75s | ETA: 0:43:59
  Sample 066/100 | elapsed: 1:22:56 | per sample: 75s | ETA: 0:42:43
  Sample 067/100 | elapsed: 1:24:12 | per sample: 75s | ETA: 0:41:28
  Sample 068/100 | elapsed: 1:25:27 | per sample: 75s | ETA: 0:40:12
  Sample 069/100 | elapsed: 1:26:42 | per sample: 75s | ETA: 0:38:57
  Sample 070/100 | elapsed: 1:27:58 | per sample: 75s | ETA: 0:37:42
  Sample 071/100 | elapsed: 1:29:13 | per sample: 75s | ETA: 0:36:26
  Sample 072/100 | elapsed: 1:30:29 | per sample: 75s | ETA: 0:35:11
  Sample 073/100 | elapsed: 1:31:44 | per sample: 75s | ETA: 0:33:55
  Sample 074/100 | elapsed: 1:32:59 | per sample: 75s | ETA: 0:32:40
  Sample 075/100 | elapsed: 1:34:15 | per sample: 75s | ETA: 0:31:25
  Sample 076/100 | elapsed: 1:35:30 | per sample: 75s | ETA: 0:30:09
  Sample 077/100 | elapsed: 1:36:46 | per sample: 75s | ETA: 0:28:54
  Sample 078/100 | elapsed: 1:38:01 | per sample: 75s | ETA: 0:27:38
  Sample 079/100 | elapsed: 1:39:16 | per sample: 75s | ETA: 0:26:23
  Sample 080/100 | elapsed: 1:40:32 | per sample: 75s | ETA: 0:25:08
  Sample 081/100 | elapsed: 1:41:47 | per sample: 75s | ETA: 0:23:52
  Sample 082/100 | elapsed: 1:43:03 | per sample: 75s | ETA: 0:22:37
  Sample 083/100 | elapsed: 1:44:18 | per sample: 75s | ETA: 0:21:21
  Sample 084/100 | elapsed: 1:45:33 | per sample: 75s | ETA: 0:20:06
  Sample 085/100 | elapsed: 1:46:49 | per sample: 75s | ETA: 0:18:51
  Sample 086/100 | elapsed: 1:48:04 | per sample: 75s | ETA: 0:17:35
  Sample 087/100 | elapsed: 1:49:20 | per sample: 75s | ETA: 0:16:20
  Sample 088/100 | elapsed: 1:50:35 | per sample: 75s | ETA: 0:15:04
  Sample 089/100 | elapsed: 1:51:50 | per sample: 75s | ETA: 0:13:49
  Sample 090/100 | elapsed: 1:53:06 | per sample: 75s | ETA: 0:12:34
  Sample 091/100 | elapsed: 1:54:21 | per sample: 75s | ETA: 0:11:18
  Sample 092/100 | elapsed: 1:55:37 | per sample: 75s | ETA: 0:10:03
  Sample 093/100 | elapsed: 1:56:52 | per sample: 75s | ETA: 0:08:47
  Sample 094/100 | elapsed: 1:58:07 | per sample: 75s | ETA: 0:07:32
  Sample 095/100 | elapsed: 1:59:23 | per sample: 75s | ETA: 0:06:17
  Sample 096/100 | elapsed: 2:00:38 | per sample: 75s | ETA: 0:05:01
  Sample 097/100 | elapsed: 2:01:54 | per sample: 75s | ETA: 0:03:46
  Sample 098/100 | elapsed: 2:03:09 | per sample: 75s | ETA: 0:02:30
  Sample 099/100 | elapsed: 2:04:24 | per sample: 75s | ETA: 0:01:15
  Sample 100/100 | elapsed: 2:05:40 | per sample: 75s | ETA: 0:00:00

Sampling complete. Shape: (100, 3, 128, 128, 64)

Computing metrics...

=============================================
  Method: RePaint Sampling
  Resampling steps: 6
  Test samples: 100
  DVF resolution: 128x128x64
  Voxel spacing: (1.25, 1.25, 5.0) mm
=============================================
  MAE  dx (LR):   2.2152 mm
  MAE  dy (AP):   4.5857 mm
  MAE  dz (SI):   6.0091 mm
---------------------------------------------
  Mean 3D Displacement Error:   9.0164 mm
---------------------------------------------
  TRE (grid landmarks):         9.0159 mm
---------------------------------------------
  Non-Jacobian fraction (normalised space):
    Predicted:    0.000 %
    GT:           0.000 %
=============================================

Metrics saved to: /mimer/NOBACKUP/groups/caim1/dafne/results/RePaint_Sampling_ressteps6/metrics.txt

Visualising samples: [81, 14, 3]

  Plotting sample 81...
  Saved /mimer/NOBACKUP/groups/caim1/dafne/results/RePaint_Sampling_ressteps6/sample_081_fig1_overview.png
  Saved /mimer/NOBACKUP/groups/caim1/dafne/results/RePaint_Sampling_ressteps6/sample_081_compact.png

  Plotting sample 14...
  Saved /mimer/NOBACKUP/groups/caim1/dafne/results/RePaint_Sampling_ressteps6/sample_014_fig1_overview.png
  Saved /mimer/NOBACKUP/groups/caim1/dafne/results/RePaint_Sampling_ressteps6/sample_014_compact.png

  Plotting sample 3...
  Saved /mimer/NOBACKUP/groups/caim1/dafne/results/RePaint_Sampling_ressteps6/sample_003_fig1_overview.png
  Saved /mimer/NOBACKUP/groups/caim1/dafne/results/RePaint_Sampling_ressteps6/sample_003_compact.png

============================================================
Done. Results saved to: /mimer/NOBACKUP/groups/caim1/dafne/results/RePaint_Sampling_ressteps6
Finished: 2026-04-06 12:28:40
============================================================
