This job can be monitored from: https://job.c3se.chalmers.se/alvis/6419887
============================================================
RePaint Sampling — started 2026-04-16 10:48:38
Log: /mimer/NOBACKUP/groups/caim1/dafne/results/32_condchannels/RePaint_Sampling_ressteps6/sampling.log
Resampling steps: 6  |  Temperature: 1
============================================================
Device: cuda
Voxel spacing (downsampled): (1.25, 1.25, 5.0) mm
DVF stats: mean=-3.174312, std=10.820530
Test samples: 100
Loaded: /mimer/NOBACKUP/groups/caim1/dafne/checkpoints/32_condchannels/best_model.pth

Running RePaint sampling (resampling_steps=6, temperature=1) on 100 test samples...
  Sample 001/100 | elapsed: 0:02:07 | per sample: 128s | ETA: 3:30:54
  Sample 002/100 | elapsed: 0:04:15 | per sample: 128s | ETA: 3:28:18
  Sample 003/100 | elapsed: 0:06:22 | per sample: 127s | ETA: 3:26:01
  Sample 004/100 | elapsed: 0:08:29 | per sample: 127s | ETA: 3:23:49
  Sample 005/100 | elapsed: 0:10:36 | per sample: 127s | ETA: 3:21:39
  Sample 006/100 | elapsed: 0:12:44 | per sample: 127s | ETA: 3:19:30
  Sample 007/100 | elapsed: 0:14:51 | per sample: 127s | ETA: 3:17:21
  Sample 008/100 | elapsed: 0:16:58 | per sample: 127s | ETA: 3:15:13
  Sample 009/100 | elapsed: 0:19:05 | per sample: 127s | ETA: 3:13:05
  Sample 010/100 | elapsed: 0:21:13 | per sample: 127s | ETA: 3:10:57
  Sample 011/100 | elapsed: 0:23:20 | per sample: 127s | ETA: 3:08:49
  Sample 012/100 | elapsed: 0:25:27 | per sample: 127s | ETA: 3:06:41
  Sample 013/100 | elapsed: 0:27:34 | per sample: 127s | ETA: 3:04:34
  Sample 014/100 | elapsed: 0:29:42 | per sample: 127s | ETA: 3:02:26
  Sample 015/100 | elapsed: 0:31:49 | per sample: 127s | ETA: 3:00:19
  Sample 016/100 | elapsed: 0:33:56 | per sample: 127s | ETA: 2:58:11
  Sample 017/100 | elapsed: 0:36:03 | per sample: 127s | ETA: 2:56:04
  Sample 018/100 | elapsed: 0:38:11 | per sample: 127s | ETA: 2:53:56
  Sample 019/100 | elapsed: 0:40:18 | per sample: 127s | ETA: 2:51:49
  Sample 020/100 | elapsed: 0:42:25 | per sample: 127s | ETA: 2:49:42
  Sample 021/100 | elapsed: 0:44:32 | per sample: 127s | ETA: 2:47:34
  Sample 022/100 | elapsed: 0:46:40 | per sample: 127s | ETA: 2:45:27
  Sample 023/100 | elapsed: 0:48:47 | per sample: 127s | ETA: 2:43:20
  Sample 024/100 | elapsed: 0:50:54 | per sample: 127s | ETA: 2:41:12
  Sample 025/100 | elapsed: 0:53:01 | per sample: 127s | ETA: 2:39:05
  Sample 026/100 | elapsed: 0:55:09 | per sample: 127s | ETA: 2:36:58
  Sample 027/100 | elapsed: 0:57:16 | per sample: 127s | ETA: 2:34:50
  Sample 028/100 | elapsed: 0:59:23 | per sample: 127s | ETA: 2:32:43
  Sample 029/100 | elapsed: 1:01:30 | per sample: 127s | ETA: 2:30:36
  Sample 030/100 | elapsed: 1:03:38 | per sample: 127s | ETA: 2:28:28
  Sample 031/100 | elapsed: 1:05:45 | per sample: 127s | ETA: 2:26:21
  Sample 032/100 | elapsed: 1:07:52 | per sample: 127s | ETA: 2:24:14
  Sample 033/100 | elapsed: 1:09:59 | per sample: 127s | ETA: 2:22:06
  Sample 034/100 | elapsed: 1:12:07 | per sample: 127s | ETA: 2:19:59
  Sample 035/100 | elapsed: 1:14:14 | per sample: 127s | ETA: 2:17:52
  Sample 036/100 | elapsed: 1:16:21 | per sample: 127s | ETA: 2:15:45
  Sample 037/100 | elapsed: 1:18:28 | per sample: 127s | ETA: 2:13:37
  Sample 038/100 | elapsed: 1:20:36 | per sample: 127s | ETA: 2:11:30
  Sample 039/100 | elapsed: 1:22:43 | per sample: 127s | ETA: 2:09:23
  Sample 040/100 | elapsed: 1:24:50 | per sample: 127s | ETA: 2:07:15
  Sample 041/100 | elapsed: 1:26:57 | per sample: 127s | ETA: 2:05:08
  Sample 042/100 | elapsed: 1:29:05 | per sample: 127s | ETA: 2:03:01
  Sample 043/100 | elapsed: 1:31:12 | per sample: 127s | ETA: 2:00:54
  Sample 044/100 | elapsed: 1:33:19 | per sample: 127s | ETA: 1:58:46
  Sample 045/100 | elapsed: 1:35:26 | per sample: 127s | ETA: 1:56:39
  Sample 046/100 | elapsed: 1:37:34 | per sample: 127s | ETA: 1:54:32
  Sample 047/100 | elapsed: 1:39:41 | per sample: 127s | ETA: 1:52:25
  Sample 048/100 | elapsed: 1:41:48 | per sample: 127s | ETA: 1:50:17
  Sample 049/100 | elapsed: 1:43:55 | per sample: 127s | ETA: 1:48:10
  Sample 050/100 | elapsed: 1:46:03 | per sample: 127s | ETA: 1:46:03
  Sample 051/100 | elapsed: 1:48:10 | per sample: 127s | ETA: 1:43:55
  Sample 052/100 | elapsed: 1:50:17 | per sample: 127s | ETA: 1:41:48
  Sample 053/100 | elapsed: 1:52:24 | per sample: 127s | ETA: 1:39:41
  Sample 054/100 | elapsed: 1:54:32 | per sample: 127s | ETA: 1:37:34
  Sample 055/100 | elapsed: 1:56:39 | per sample: 127s | ETA: 1:35:26
  Sample 056/100 | elapsed: 1:58:46 | per sample: 127s | ETA: 1:33:19
  Sample 057/100 | elapsed: 2:00:53 | per sample: 127s | ETA: 1:31:12
  Sample 058/100 | elapsed: 2:03:01 | per sample: 127s | ETA: 1:29:05
  Sample 059/100 | elapsed: 2:05:08 | per sample: 127s | ETA: 1:26:57
  Sample 060/100 | elapsed: 2:07:15 | per sample: 127s | ETA: 1:24:50
  Sample 061/100 | elapsed: 2:09:22 | per sample: 127s | ETA: 1:22:43
  Sample 062/100 | elapsed: 2:11:30 | per sample: 127s | ETA: 1:20:35
  Sample 063/100 | elapsed: 2:13:37 | per sample: 127s | ETA: 1:18:28
  Sample 064/100 | elapsed: 2:15:44 | per sample: 127s | ETA: 1:16:21
  Sample 065/100 | elapsed: 2:17:52 | per sample: 127s | ETA: 1:14:14
  Sample 066/100 | elapsed: 2:19:59 | per sample: 127s | ETA: 1:12:06
  Sample 067/100 | elapsed: 2:22:06 | per sample: 127s | ETA: 1:09:59
  Sample 068/100 | elapsed: 2:24:13 | per sample: 127s | ETA: 1:07:52
  Sample 069/100 | elapsed: 2:26:21 | per sample: 127s | ETA: 1:05:45
  Sample 070/100 | elapsed: 2:28:28 | per sample: 127s | ETA: 1:03:37
  Sample 071/100 | elapsed: 2:30:35 | per sample: 127s | ETA: 1:01:30
  Sample 072/100 | elapsed: 2:32:42 | per sample: 127s | ETA: 0:59:23
  Sample 073/100 | elapsed: 2:34:50 | per sample: 127s | ETA: 0:57:16
  Sample 074/100 | elapsed: 2:36:57 | per sample: 127s | ETA: 0:55:08
  Sample 075/100 | elapsed: 2:39:04 | per sample: 127s | ETA: 0:53:01
  Sample 076/100 | elapsed: 2:41:11 | per sample: 127s | ETA: 0:50:54
  Sample 077/100 | elapsed: 2:43:19 | per sample: 127s | ETA: 0:48:46
  Sample 078/100 | elapsed: 2:45:26 | per sample: 127s | ETA: 0:46:39
  Sample 079/100 | elapsed: 2:47:33 | per sample: 127s | ETA: 0:44:32
  Sample 080/100 | elapsed: 2:49:40 | per sample: 127s | ETA: 0:42:25
  Sample 081/100 | elapsed: 2:51:48 | per sample: 127s | ETA: 0:40:17
  Sample 082/100 | elapsed: 2:53:55 | per sample: 127s | ETA: 0:38:10
  Sample 083/100 | elapsed: 2:56:02 | per sample: 127s | ETA: 0:36:03
  Sample 084/100 | elapsed: 2:58:09 | per sample: 127s | ETA: 0:33:56
  Sample 085/100 | elapsed: 3:00:17 | per sample: 127s | ETA: 0:31:48
  Sample 086/100 | elapsed: 3:02:24 | per sample: 127s | ETA: 0:29:41
  Sample 087/100 | elapsed: 3:04:31 | per sample: 127s | ETA: 0:27:34
  Sample 088/100 | elapsed: 3:06:38 | per sample: 127s | ETA: 0:25:27
  Sample 089/100 | elapsed: 3:08:46 | per sample: 127s | ETA: 0:23:19
  Sample 090/100 | elapsed: 3:10:53 | per sample: 127s | ETA: 0:21:12
  Sample 091/100 | elapsed: 3:13:00 | per sample: 127s | ETA: 0:19:05
  Sample 092/100 | elapsed: 3:15:07 | per sample: 127s | ETA: 0:16:58
  Sample 093/100 | elapsed: 3:17:15 | per sample: 127s | ETA: 0:14:50
  Sample 094/100 | elapsed: 3:19:22 | per sample: 127s | ETA: 0:12:43
  Sample 095/100 | elapsed: 3:21:29 | per sample: 127s | ETA: 0:10:36
  Sample 096/100 | elapsed: 3:23:36 | per sample: 127s | ETA: 0:08:29
  Sample 097/100 | elapsed: 3:25:44 | per sample: 127s | ETA: 0:06:21
  Sample 098/100 | elapsed: 3:27:51 | per sample: 127s | ETA: 0:04:14
  Sample 099/100 | elapsed: 3:29:58 | per sample: 127s | ETA: 0:02:07
  Sample 100/100 | elapsed: 3:32:05 | per sample: 127s | ETA: 0:00:00

Sampling complete. Shape: (100, 3, 128, 128, 64)

Computing metrics...

=============================================
  Method: RePaint Sampling
  Resampling steps: 6
  Temperature: 1
  Test samples: 100
  DVF resolution: 128x128x64
  Voxel spacing: (1.25, 1.25, 5.0) mm
=============================================
  MAE  dx (LR):   2.4053 mm
  MAE  dy (AP):   3.0288 mm
  MAE  dz (SI):   8.6939 mm
---------------------------------------------
  Mean 3D Displacement Error:  10.3824 mm
---------------------------------------------
  TRE (grid landmarks):        10.7960 mm
---------------------------------------------
  Non-Jacobian fraction (normalised space):
    Predicted:    0.000 %
    GT:           0.000 %
=============================================

Metrics saved to: /mimer/NOBACKUP/groups/caim1/dafne/results/32_condchannels/RePaint_Sampling_ressteps6/metrics.txt

Visualising samples: [81, 14, 3]

  Plotting sample 81...
  Saved /mimer/NOBACKUP/groups/caim1/dafne/results/32_condchannels/RePaint_Sampling_ressteps6/sample_081_fig1_overview.png
  Saved /mimer/NOBACKUP/groups/caim1/dafne/results/32_condchannels/RePaint_Sampling_ressteps6/sample_081_compact.png

  Plotting sample 14...
  Saved /mimer/NOBACKUP/groups/caim1/dafne/results/32_condchannels/RePaint_Sampling_ressteps6/sample_014_fig1_overview.png
  Saved /mimer/NOBACKUP/groups/caim1/dafne/results/32_condchannels/RePaint_Sampling_ressteps6/sample_014_compact.png

  Plotting sample 3...
  Saved /mimer/NOBACKUP/groups/caim1/dafne/results/32_condchannels/RePaint_Sampling_ressteps6/sample_003_fig1_overview.png
  Saved /mimer/NOBACKUP/groups/caim1/dafne/results/32_condchannels/RePaint_Sampling_ressteps6/sample_003_compact.png

============================================================
Done. Results saved to: /mimer/NOBACKUP/groups/caim1/dafne/results/32_condchannels/RePaint_Sampling_ressteps6
Finished: 2026-04-16 14:20:52
============================================================
