This job can be monitored from: https://job.c3se.chalmers.se/alvis/6427753
============================================================
RePaint Real Data — 2026-04-17 10:19:47
Resampling steps: 5  |  No temperature scaling
Test cases: ['copd01', 'copd02', 'copd03', 'copd04', 'copd05', 'copd06', 'copd07', 'copd08', 'copd09', 'copd10']
============================================================
Device: cuda
Real DVF stats: mean=-3.1743 mm, std=10.8205 mm
Loaded: /mimer/NOBACKUP/groups/caim1/dafne/checkpoints/16_condchannels/best_model.pth

────────────────────────────────────────────────────────────
Processing copd01 (1/10)...
  Motion mask: 1048576 / 1048576 voxels (100.0%)
  Known coronal non-zero: 8192 / 8192 voxels
  Known sagittal non-zero: 8192 / 8192 voxels
  Running RePaint (steps=5)...
  Done in 95.0s
  Voxel spacing (DS): (2.5, 2.5, 5.0) mm
  Loaded 300 landmarks for copd1

=============================================
  Case: copd01
  Method: RePaint pretrained (steps=5, no fine-tuning)
  Evaluation: motion voxels only (border excluded)
  Normalisation: mean=-3.174 mm, std=10.821 mm (synthetic)
  DVF resolution: 128x128x64  |  Voxel spacing: (2.5, 2.5, 5.0) mm
=============================================
  MAE  dx (LR):   2.4255 mm
  MAE  dy (AP):   5.5626 mm
  MAE  dz (SI):   8.0644 mm
---------------------------------------------
  Mean 3D Displacement Error:  11.1760 mm
---------------------------------------------
  TRE (landmarks):             31.5002 mm
  TRE initial (no reg):        26.3340 mm
  TRE after GT registration:    0.7130 mm
=============================================

  Saved /mimer/NOBACKUP/groups/caim1/dafne/results//16_condchannels/RePaint_Real_pretrained/copd01_fig1_overview.png
  Saved /mimer/NOBACKUP/groups/caim1/dafne/results//16_condchannels/RePaint_Real_pretrained/copd01_fig2_components.png

────────────────────────────────────────────────────────────
Processing copd02 (2/10)...
  Motion mask: 1048576 / 1048576 voxels (100.0%)
  Known coronal non-zero: 8192 / 8192 voxels
  Known sagittal non-zero: 8192 / 8192 voxels
  Running RePaint (steps=5)...
  Done in 94.8s
  Voxel spacing (DS): (2.58, 2.58, 5.0) mm
  Loaded 300 landmarks for copd2

=============================================
  Case: copd02
  Method: RePaint pretrained (steps=5, no fine-tuning)
  Evaluation: motion voxels only (border excluded)
  Normalisation: mean=-3.174 mm, std=10.821 mm (synthetic)
  DVF resolution: 128x128x64  |  Voxel spacing: (2.58, 2.58, 5.0) mm
=============================================
  MAE  dx (LR):   2.0615 mm
  MAE  dy (AP):   4.0251 mm
  MAE  dz (SI):   6.1250 mm
---------------------------------------------
  Mean 3D Displacement Error:   8.5873 mm
---------------------------------------------
  TRE (landmarks):             24.4286 mm
  TRE initial (no reg):        21.7860 mm
  TRE after GT registration:    1.8930 mm
=============================================

  Saved /mimer/NOBACKUP/groups/caim1/dafne/results//16_condchannels/RePaint_Real_pretrained/copd02_fig1_overview.png
  Saved /mimer/NOBACKUP/groups/caim1/dafne/results//16_condchannels/RePaint_Real_pretrained/copd02_fig2_components.png

────────────────────────────────────────────────────────────
Processing copd03 (3/10)...
  Motion mask: 1048576 / 1048576 voxels (100.0%)
  Known coronal non-zero: 8192 / 8192 voxels
  Known sagittal non-zero: 8192 / 8192 voxels
  Running RePaint (steps=5)...
  Done in 94.8s
  Voxel spacing (DS): (2.608, 2.608, 5.0) mm
  Loaded 300 landmarks for copd3

=============================================
  Case: copd03
  Method: RePaint pretrained (steps=5, no fine-tuning)
  Evaluation: motion voxels only (border excluded)
  Normalisation: mean=-3.174 mm, std=10.821 mm (synthetic)
  DVF resolution: 128x128x64  |  Voxel spacing: (2.608, 2.608, 5.0) mm
=============================================
  MAE  dx (LR):   2.1976 mm
  MAE  dy (AP):   6.4843 mm
  MAE  dz (SI):   4.7746 mm
---------------------------------------------
  Mean 3D Displacement Error:   9.2979 mm
---------------------------------------------
  TRE (landmarks):             15.6155 mm
  TRE initial (no reg):        12.6390 mm
  TRE after GT registration:    0.7720 mm
=============================================

  Saved /mimer/NOBACKUP/groups/caim1/dafne/results//16_condchannels/RePaint_Real_pretrained/copd03_fig1_overview.png
  Saved /mimer/NOBACKUP/groups/caim1/dafne/results//16_condchannels/RePaint_Real_pretrained/copd03_fig2_components.png

────────────────────────────────────────────────────────────
Processing copd04 (4/10)...
  Motion mask: 1048573 / 1048576 voxels (100.0%)
  Known coronal non-zero: 8192 / 8192 voxels
  Known sagittal non-zero: 8192 / 8192 voxels
  Running RePaint (steps=5)...
  Done in 94.8s
  Voxel spacing (DS): (2.36, 2.36, 5.0) mm
  Loaded 300 landmarks for copd4

=============================================
  Case: copd04
  Method: RePaint pretrained (steps=5, no fine-tuning)
  Evaluation: motion voxels only (border excluded)
  Normalisation: mean=-3.174 mm, std=10.821 mm (synthetic)
  DVF resolution: 128x128x64  |  Voxel spacing: (2.36, 2.36, 5.0) mm
=============================================
  MAE  dx (LR):   2.0986 mm
  MAE  dy (AP):  10.2625 mm
  MAE  dz (SI):   6.6791 mm
---------------------------------------------
  Mean 3D Displacement Error:  13.9455 mm
---------------------------------------------
  TRE (landmarks):             31.9387 mm
  TRE initial (no reg):        29.5840 mm
  TRE after GT registration:    0.6750 mm
=============================================

  Saved /mimer/NOBACKUP/groups/caim1/dafne/results//16_condchannels/RePaint_Real_pretrained/copd04_fig1_overview.png
  Saved /mimer/NOBACKUP/groups/caim1/dafne/results//16_condchannels/RePaint_Real_pretrained/copd04_fig2_components.png

────────────────────────────────────────────────────────────
Processing copd05 (5/10)...
  Motion mask: 1048573 / 1048576 voxels (100.0%)
  Known coronal non-zero: 8192 / 8192 voxels
  Known sagittal non-zero: 8192 / 8192 voxels
  Running RePaint (steps=5)...
  Done in 94.8s
  Voxel spacing (DS): (2.588, 2.588, 5.0) mm
  Loaded 300 landmarks for copd5

=============================================
  Case: copd05
  Method: RePaint pretrained (steps=5, no fine-tuning)
  Evaluation: motion voxels only (border excluded)
  Normalisation: mean=-3.174 mm, std=10.821 mm (synthetic)
  DVF resolution: 128x128x64  |  Voxel spacing: (2.588, 2.588, 5.0) mm
=============================================
  MAE  dx (LR):   2.4973 mm
  MAE  dy (AP):  10.1505 mm
  MAE  dz (SI):   7.8143 mm
---------------------------------------------
  Mean 3D Displacement Error:  14.2492 mm
---------------------------------------------
  TRE (landmarks):             29.5206 mm
  TRE initial (no reg):        30.0830 mm
  TRE after GT registration:    0.7110 mm
=============================================

  Saved /mimer/NOBACKUP/groups/caim1/dafne/results//16_condchannels/RePaint_Real_pretrained/copd05_fig1_overview.png
  Saved /mimer/NOBACKUP/groups/caim1/dafne/results//16_condchannels/RePaint_Real_pretrained/copd05_fig2_components.png

────────────────────────────────────────────────────────────
Processing copd06 (6/10)...
  Motion mask: 1048576 / 1048576 voxels (100.0%)
  Known coronal non-zero: 8192 / 8192 voxels
  Known sagittal non-zero: 8192 / 8192 voxels
  Running RePaint (steps=5)...
  Done in 94.8s
  Voxel spacing (DS): (2.532, 2.532, 5.0) mm
  Loaded 300 landmarks for copd6

=============================================
  Case: copd06
  Method: RePaint pretrained (steps=5, no fine-tuning)
  Evaluation: motion voxels only (border excluded)
  Normalisation: mean=-3.174 mm, std=10.821 mm (synthetic)
  DVF resolution: 128x128x64  |  Voxel spacing: (2.532, 2.532, 5.0) mm
=============================================
  MAE  dx (LR):   1.6940 mm
  MAE  dy (AP):   6.6162 mm
  MAE  dz (SI):   7.4758 mm
---------------------------------------------
  Mean 3D Displacement Error:  11.0914 mm
---------------------------------------------
  TRE (landmarks):             28.9764 mm
  TRE initial (no reg):        28.4560 mm
  TRE after GT registration:    0.6660 mm
=============================================

  Saved /mimer/NOBACKUP/groups/caim1/dafne/results//16_condchannels/RePaint_Real_pretrained/copd06_fig1_overview.png
  Saved /mimer/NOBACKUP/groups/caim1/dafne/results//16_condchannels/RePaint_Real_pretrained/copd06_fig2_components.png

────────────────────────────────────────────────────────────
Processing copd07 (7/10)...
  Motion mask: 1048576 / 1048576 voxels (100.0%)
  Known coronal non-zero: 8192 / 8192 voxels
  Known sagittal non-zero: 8192 / 8192 voxels
  Running RePaint (steps=5)...
  Done in 94.8s
  Voxel spacing (DS): (2.5, 2.5, 5.0) mm
  Loaded 300 landmarks for copd7

=============================================
  Case: copd07
  Method: RePaint pretrained (steps=5, no fine-tuning)
  Evaluation: motion voxels only (border excluded)
  Normalisation: mean=-3.174 mm, std=10.821 mm (synthetic)
  DVF resolution: 128x128x64  |  Voxel spacing: (2.5, 2.5, 5.0) mm
=============================================
  MAE  dx (LR):   2.5007 mm
  MAE  dy (AP):   9.4519 mm
  MAE  dz (SI):   4.9209 mm
---------------------------------------------
  Mean 3D Displacement Error:  11.9180 mm
---------------------------------------------
  TRE (landmarks):             21.7765 mm
  TRE initial (no reg):        21.6020 mm
  TRE after GT registration:    0.7490 mm
=============================================

  Saved /mimer/NOBACKUP/groups/caim1/dafne/results//16_condchannels/RePaint_Real_pretrained/copd07_fig1_overview.png
  Saved /mimer/NOBACKUP/groups/caim1/dafne/results//16_condchannels/RePaint_Real_pretrained/copd07_fig2_components.png

────────────────────────────────────────────────────────────
Processing copd08 (8/10)...
  Motion mask: 1048576 / 1048576 voxels (100.0%)
  Known coronal non-zero: 8192 / 8192 voxels
  Known sagittal non-zero: 8192 / 8192 voxels
  Running RePaint (steps=5)...
